
 RUN  v4.1.7 /home/gtr/work/maciasoft/Controlador Pesaje/codigo/backend

stdout | src/services/muestra.service.test.ts
◇ injected env (8) from .env // tip: ⌘ multiple files { path: ['.env.local', '.env'] }

stdout | src/services/muestra.service.test.ts > PasadaService and MuestraService Integration Tests
[90m[info] [39mMikroORM version: [32m7.1.1[39m
[90m[discovery] [39mORM entity discovery started
[90m[discovery] [39m- processing entity [36mUsuario[39m[90m (/home/gtr/work/maciasoft/Controlador Pesaje/codigo/backend/src/models/Usuario.ts)[39m
[90m[discovery] [39m- processing entity [36mLineaProduccion[39m[90m (/home/gtr/work/maciasoft/Controlador Pesaje/codigo/backend/src/models/LineaProduccion.ts)[39m
[90m[discovery] [39m- processing entity [36mArticulo[39m[90m (/home/gtr/work/maciasoft/Controlador Pesaje/codigo/backend/src/models/Articulo.ts)[39m
[90m[discovery] [39m- processing entity [36mEtapa[39m[90m (/home/gtr/work/maciasoft/Controlador Pesaje/codigo/backend/src/models/Etapa.ts)[39m
[90m[discovery] [39m- processing entity [36mRutaPasada[39m[90m (/home/gtr/work/maciasoft/Controlador Pesaje/codigo/backend/src/models/RutaPasada.ts)[39m
[90m[discovery] [39m- processing entity [36mRutaPasadaEtapa[39m[90m (/home/gtr/work/maciasoft/Controlador Pesaje/codigo/backend/src/models/RutaPasadaEtapa.ts)[39m
[90m[discovery] [39m- processing entity [36mPasada[39m[90m (/home/gtr/work/maciasoft/Controlador Pesaje/codigo/backend/src/models/Pasada.ts)[39m
[90m[discovery] [39m- processing entity [36mMuestra[39m[90m (/home/gtr/work/maciasoft/Controlador Pesaje/codigo/backend/src/models/Muestra.ts)[39m
[90m[discovery] [39m- processing entity [36mArticuloRutaPasada[39m[90m (/home/gtr/work/maciasoft/Controlador Pesaje/codigo/backend/src/models/ArticuloRutaPasada.ts)[39m
[90m[discovery] [39m- processing entity [36mDispositivo[39m[90m (/home/gtr/work/maciasoft/Controlador Pesaje/codigo/backend/src/models/Dispositivo.ts)[39m

stdout | src/services/muestra.service.test.ts > PasadaService and MuestraService Integration Tests
[90m[discovery] [39m- entity discovery finished, found [32m10[39m entities, took [32m74 ms[39m

stdout | src/services/muestra.service.test.ts > PasadaService and MuestraService Integration Tests
[90m[query] [39mselect 1 from pg_database where datname = 'control_pesaje_test'[90m [took 55 ms, 1 result][39m

stdout | src/services/muestra.service.test.ts > PasadaService and MuestraService Integration Tests
[90m[query] [39mselect table_name, table_schema as schema_name, (select pg_catalog.obj_description(c.oid) from pg_catalog.pg_class c where c.oid = (select ('"' || table_schema || '"."' || table_name || '"')::regclass::oid) and c.relname = table_name) as table_comment from information_schema.tables t where "table_schema" not like 'pg_%' and "table_schema" not like 'crdb_%' and "table_schema" not like '_timescaledb_%' and "table_schema" not in ('information_schema', 'tiger', 'topology') and table_name != 'geometry_columns' and table_name != 'spatial_ref_sys' and table_type != 'VIEW' and not exists (select 1 from pg_inherits i join pg_class c on c.oid = i.inhrelid join pg_namespace n on n.oid = c.relnamespace where c.relname = t.table_name and n.nspname = t.table_schema) order by table_name[90m [took 29 ms, 10 results][39m

stdout | src/services/muestra.service.test.ts > PasadaService and MuestraService Integration Tests
[90m[query] [39mselect t.typname as enum_name, n.nspname as schema_name, array_agg(e.enumlabel order by e.enumsortorder) as enum_value from pg_type t join pg_enum e on t.oid = e.enumtypid join pg_catalog.pg_namespace n on n.oid = t.typnamespace where n.nspname in ('public') group by t.typname, n.nspname[90m [took 8 ms, 3 results][39m

stdout | src/services/muestra.service.test.ts > PasadaService and MuestraService Integration Tests
[90m[query] [39mselect table_schema as schema_name, table_name, column_name, column_default, is_nullable, udt_name, udt_schema, coalesce(datetime_precision, character_maximum_length) length, atttypmod custom_length, numeric_precision, numeric_scale, data_type, is_identity, identity_generation, generation_expression, pg_catalog.col_description(pgc.oid, cols.ordinal_position::int) column_comment, coll.collname as collation_name from information_schema.columns cols join pg_class pgc on cols.table_name = pgc.relname join pg_attribute pga on pgc.oid = pga.attrelid and cols.column_name = pga.attname left join pg_collation coll on pga.attcollation = coll.oid and coll.collname <> 'default' where ((table_schema = 'public' and table_name in ('articulo','articulo_ruta_pasada','dispositivo','etapa','linea_produccion','muestra','pasada','ruta_pasada','ruta_pasada_etapa','usuario'))) order by ordinal_position[90m [took 53 ms, 65 results][39m

stdout | src/services/muestra.service.test.ts > PasadaService and MuestraService Integration Tests
[90m[query] [39mselect indrelid::regclass as table_name, ns.nspname as schema_name, relname as constraint_name, idx.indisunique as unique, idx.indisprimary as primary, contype, condeferrable, condeferred, array( select pg_get_indexdef(idx.indexrelid, k + 1, true) from generate_subscripts(idx.indkey, 1) as k order by k ) as index_def, pg_get_indexdef(idx.indexrelid) as expression, c.condeferrable as deferrable, c.condeferred as initially_deferred, i.reloptions, am.amname as index_type from pg_index idx join pg_class as i on i.oid = idx.indexrelid join pg_namespace as ns on i.relnamespace = ns.oid join pg_am as am on am.oid = i.relam left join pg_constraint as c on c.conname = i.relname where indrelid in ('"public"."articulo"'::regclass, '"public"."articulo_ruta_pasada"'::regclass, '"public"."dispositivo"'::regclass, '"public"."etapa"'::regclass, '"public"."linea_produccion"'::regclass, '"public"."muestra"'::regclass, '"public"."pasada"'::regclass, '"public"."ruta_pasada"'::regclass, '"public"."ruta_pasada_etapa"'::regclass, '"public"."usuario"'::regclass) order by relname[90m [took 18 ms, 19 results][39m

stdout | src/services/muestra.service.test.ts > PasadaService and MuestraService Integration Tests
[90m[query] [39mselect ccu.table_name as table_name, ccu.table_schema as schema_name, pgc.conname as name, conrelid::regclass as table_from, ccu.column_name as column_name, pg_get_constraintdef(pgc.oid) as expression from pg_constraint pgc join pg_namespace nsp on nsp.oid = pgc.connamespace join pg_class cls on pgc.conrelid = cls.oid join information_schema.constraint_column_usage ccu on pgc.conname = ccu.constraint_name and nsp.nspname = ccu.constraint_schema and cls.relname = ccu.table_name where contype = 'c' and (ccu.table_name in ('articulo','articulo_ruta_pasada','dispositivo','etapa','linea_produccion','muestra','pasada','ruta_pasada','ruta_pasada_etapa','usuario') and ccu.table_schema = 'public') order by pgc.conname[90m [took 25 ms, 0 results][39m

stdout | src/services/muestra.service.test.ts > PasadaService and MuestraService Integration Tests
[90m[query] [39mselect nsp1.nspname schema_name, cls1.relname table_name, nsp2.nspname referenced_schema_name, cls2.relname referenced_table_name, a.attname column_name, af.attname referenced_column_name, conname constraint_name, confupdtype update_rule, confdeltype delete_rule, array_position(con.conkey,a.attnum) as ord, condeferrable, condeferred, pg_get_constraintdef(con.oid) as constraint_def from pg_attribute a join pg_constraint con on con.conrelid = a.attrelid AND a.attnum = ANY (con.conkey) join pg_attribute af on af.attnum = con.confkey[array_position(con.conkey,a.attnum)] AND af.attrelid = con.confrelid join pg_namespace nsp1 on nsp1.oid = con.connamespace join pg_class cls1 on cls1.oid = con.conrelid join pg_class cls2 on cls2.oid = confrelid join pg_namespace nsp2 on nsp2.oid = cls2.relnamespace where ((cls1.relname in ('articulo','articulo_ruta_pasada','dispositivo','etapa','linea_produccion','muestra','pasada','ruta_pasada','ruta_pasada_etapa','usuario') and nsp1.nspname = 'public')) and confrelid > 0 order by nsp1.nspname, cls1.relname, constraint_name, ord[90m [took 18 ms, 16 results][39m

stdout | src/services/muestra.service.test.ts > PasadaService and MuestraService Integration Tests
[90m[query] [39mwith targets(schema_name, table_name) as (values ('public'::text, 'articulo'), ('public'::text, 'articulo_ruta_pasada'), ('public'::text, 'dispositivo'), ('public'::text, 'etapa'), ('public'::text, 'linea_produccion'), ('public'::text, 'muestra'), ('public'::text, 'pasada'), ('public'::text, 'ruta_pasada'), ('public'::text, 'ruta_pasada_etapa'), ('public'::text, 'usuario')) select parent_ns.nspname as schema_name, parent.relname as table_name, pg_get_partkeydef(parent.oid) as partition_definition, child_ns.nspname as partition_schema_name, child.relname as partition_name, pg_get_expr(child.relpartbound, child.oid) as partition_bound from targets join pg_class parent on parent.relname = targets.table_name join pg_namespace parent_ns on parent_ns.oid = parent.relnamespace and parent_ns.nspname = coalesce(targets.schema_name, current_schema()) join pg_partitioned_table partitioned on partitioned.partrelid = parent.oid left join pg_inherits inherits on inherits.inhparent = parent.oid left join pg_class child on child.oid = inherits.inhrelid left join pg_namespace child_ns on child_ns.oid = child.relnamespace order by parent_ns.nspname, parent.relname, child_ns.nspname, child.relname[90m [took 7 ms, 0 results][39m

stdout | src/services/muestra.service.test.ts > PasadaService and MuestraService Integration Tests
[90m[query] [39mselect t.trigger_name, t.event_object_schema as schema_name, t.event_object_table as table_name, t.event_manipulation as event, t.action_timing as timing, t.action_orientation as for_each, t.action_condition as when_clause, pg_get_functiondef(p.oid) as function_def, p.prosrc as function_body from information_schema.triggers t left join pg_namespace n on n.nspname = t.event_object_schema left join pg_proc p on p.proname = t.event_object_table || '_' || t.trigger_name || '_fn' and p.pronamespace = n.oid where ((t.event_object_schema = 'public' and t.event_object_table in ('articulo', 'articulo_ruta_pasada', 'dispositivo', 'etapa', 'linea_produccion', 'muestra', 'pasada', 'ruta_pasada', 'ruta_pasada_etapa', 'usuario'))) order by t.trigger_name, t.event_manipulation[90m [took 9 ms, 0 results][39m

stdout | src/services/muestra.service.test.ts > PasadaService and MuestraService Integration Tests
[90m[query] [39mselect datcollate as collation from pg_database where datname = current_database()[90m [took 6 ms, 1 result][39m

stdout | src/services/muestra.service.test.ts > PasadaService and MuestraService Integration Tests
[90m[query] [39mselect table_name as view_name, table_schema as schema_name, view_definition from information_schema.views where "table_schema" not like 'pg_%' and "table_schema" not like 'crdb_%' and "table_schema" not like '_timescaledb_%' and "table_schema" not in ('information_schema', 'tiger', 'topology') and table_name != 'geography_columns' and table_name != 'geometry_columns' order by table_name[90m [took 4 ms, 0 results][39m

stdout | src/services/muestra.service.test.ts > PasadaService and MuestraService Integration Tests
[90m[query] [39mselect matviewname as view_name, schemaname as schema_name, definition as view_definition, ispopulated as is_populated from pg_matviews where "schemaname" not like 'pg_%' and "schemaname" not like 'crdb_%' and "schemaname" not like '_timescaledb_%' and "schemaname" not in ('information_schema', 'tiger', 'topology') order by matviewname[90m [took 5 ms, 0 results][39m

stdout | src/services/muestra.service.test.ts > PasadaService and MuestraService Integration Tests
[90m[query] [39mset names 'utf8';[90m [took 1 ms, 0 results][39m

stdout | src/services/muestra.service.test.ts > PasadaService and MuestraService Integration Tests
[90m[query] [39mdrop table if exists "muestra" cascade;drop table if exists "pasada" cascade;drop table if exists "usuario" cascade;drop table if exists "ruta_pasada_etapa" cascade;drop table if exists "articulo_ruta_pasada" cascade;drop table if exists "linea_produccion" cascade;drop table if exists "ruta_pasada" cascade;drop table if exists "etapa" cascade;drop table if exists "dispositivo" cascade;drop table if exists "articulo" cascade;drop type "muestra_estado_validacion_enum";drop type "pasada_estado_enum";drop type "usuario_rol_enum";[90m [took 124 ms, 0 results][39m

stdout | src/services/muestra.service.test.ts > PasadaService and MuestraService Integration Tests
[90m[query] [39mset names 'utf8';[90m [took 1 ms, 0 results][39m

stdout | src/services/muestra.service.test.ts > PasadaService and MuestraService Integration Tests
[90m[query] [39mcreate type "usuario_rol_enum" as enum ('operario', 'jefe', 'visualizacion', 'administrador');create type "pasada_estado_enum" as enum ('en_curso', 'completa', 'abortada');create type "muestra_estado_validacion_enum" as enum ('ok', 'fuera_de_rango');create table "articulo" ("id" serial primary key, "nombre" varchar(100) not null, "descripcion" text null, "marca" varchar(100) null, "activo" boolean not null default true);alter table "articulo" add constraint "articulo_nombre_marca_unique" unique ("nombre", "marca");[90m [took 26 ms, 0 results][39m

stdout | src/services/muestra.service.test.ts > PasadaService and MuestraService Integration Tests
[90m[query] [39mcreate table "dispositivo" ("hardware_id" varchar(255) not null, "nombre" varchar(100) not null, "ultima_conexion_at" timestamptz null, primary key ("hardware_id"));[90m [took 12 ms, 0 results][39m

stdout | src/services/muestra.service.test.ts > PasadaService and MuestraService Integration Tests
[90m[query] [39mcreate table "etapa" ("id" serial primary key, "nombre" varchar(100) not null, "descripcion" text null, "activo" boolean not null default true);alter table "etapa" add constraint "etapa_nombre_unique" unique ("nombre");[90m [took 37 ms, 0 results][39m

stdout | src/services/muestra.service.test.ts > PasadaService and MuestraService Integration Tests
[90m[query] [39mcreate table "ruta_pasada" ("id" serial primary key, "nombre" varchar(100) not null, "descripcion" text null, "activo" boolean not null default true);alter table "ruta_pasada" add constraint "ruta_pasada_nombre_unique" unique ("nombre");[90m [took 23 ms, 0 results][39m

stdout | src/services/muestra.service.test.ts > PasadaService and MuestraService Integration Tests
[90m[query] [39mcreate table "linea_produccion" ("id" serial primary key, "nombre" varchar(100) not null, "ruta_pasada_activa_id" int null, "dispositivo_hardware_id" varchar(255) null, "activo" boolean not null default true);alter table "linea_produccion" add constraint "linea_produccion_nombre_unique" unique ("nombre");alter table "linea_produccion" add constraint "linea_produccion_dispositivo_hardware_id_unique" unique ("dispositivo_hardware_id");[90m [took 29 ms, 0 results][39m

stdout | src/services/muestra.service.test.ts > PasadaService and MuestraService Integration Tests
[90m[query] [39mcreate table "articulo_ruta_pasada" ("id" serial primary key, "articulo_id" int not null, "ruta_pasada_id" int not null);alter table "articulo_ruta_pasada" add constraint "articulo_ruta_pasada_articulo_id_ruta_pasada_id_unique" unique ("articulo_id", "ruta_pasada_id");[90m [took 27 ms, 0 results][39m

stdout | src/services/muestra.service.test.ts > PasadaService and MuestraService Integration Tests
[90m[query] [39mcreate table "ruta_pasada_etapa" ("id" serial primary key, "ruta_pasada_id" int not null, "etapa_id" int not null, "orden" int not null, "peso_ideal" decimal(8,3) not null, "peso_minimo" decimal(8,3) not null, "peso_maximo" decimal(8,3) not null, "cantidad_muestras_requeridas" int not null);alter table "ruta_pasada_etapa" add constraint "ruta_pasada_etapa_ruta_pasada_id_etapa_id_unique" unique ("ruta_pasada_id", "etapa_id");[90m [took 17 ms, 0 results][39m

stdout | src/services/muestra.service.test.ts > PasadaService and MuestraService Integration Tests
[90m[query] [39mcreate table "usuario" ("id" serial primary key, "nombre_apellido" varchar(100) not null, "nombre_usuario" varchar(50) not null, "legajo" varchar(10) not null, "pin_hash" varchar(255) not null, "puede_tomar_muestras_libres" boolean not null default false, "rol" "usuario_rol_enum" not null, "activo" boolean not null default true, "datos_adicionales" jsonb null, "es_sistema" boolean not null default false);alter table "usuario" add constraint "usuario_nombre_usuario_unique" unique ("nombre_usuario");alter table "usuario" add constraint "usuario_legajo_unique" unique ("legajo");[90m [took 25 ms, 0 results][39m

stdout | src/services/muestra.service.test.ts > PasadaService and MuestraService Integration Tests
[90m[query] [39mcreate table "pasada" ("id" serial primary key, "linea_produccion_id" int not null, "ruta_pasada_id" int not null, "articulo_id" int null, "usuario_id" int not null, "numero" int not null, "estado" "pasada_estado_enum" not null default 'en_curso', "motivo_cierre" text null, "hora_inicio" timestamptz not null, "hora_cierre" timestamptz null, "observacion_cierre" text null, "activo" boolean not null default true);[90m [took 21 ms, 0 results][39m

stdout | src/services/muestra.service.test.ts > PasadaService and MuestraService Integration Tests
[90m[query] [39mcreate table "muestra" ("id" serial primary key, "pasada_id" int null, "usuario_id" int not null, "ruta_pasada_id" int not null, "articulo_id" int null, "etapa_id" int not null, "linea_produccion_id" int not null, "peso_neto" decimal(8,3) not null, "estado_validacion" "muestra_estado_validacion_enum" not null, "observacion" text null, "timestamp" timestamptz not null);[90m [took 19 ms, 0 results][39m

stdout | src/services/muestra.service.test.ts > PasadaService and MuestraService Integration Tests
[90m[query] [39malter table "linea_produccion" add constraint "linea_produccion_ruta_pasada_activa_id_foreign" foreign key ("ruta_pasada_activa_id") references "ruta_pasada" ("id") on delete restrict;alter table "linea_produccion" add constraint "linea_produccion_dispositivo_hardware_id_foreign" foreign key ("dispositivo_hardware_id") references "dispositivo" ("hardware_id") on delete set null;[90m [took 12 ms, 0 results][39m

stdout | src/services/muestra.service.test.ts > PasadaService and MuestraService Integration Tests
[90m[query] [39malter table "articulo_ruta_pasada" add constraint "articulo_ruta_pasada_articulo_id_foreign" foreign key ("articulo_id") references "articulo" ("id") on delete restrict;alter table "articulo_ruta_pasada" add constraint "articulo_ruta_pasada_ruta_pasada_id_foreign" foreign key ("ruta_pasada_id") references "ruta_pasada" ("id") on delete restrict;[90m [took 12 ms, 0 results][39m

stdout | src/services/muestra.service.test.ts > PasadaService and MuestraService Integration Tests
[90m[query] [39malter table "ruta_pasada_etapa" add constraint "ruta_pasada_etapa_ruta_pasada_id_foreign" foreign key ("ruta_pasada_id") references "ruta_pasada" ("id") on delete restrict;alter table "ruta_pasada_etapa" add constraint "ruta_pasada_etapa_etapa_id_foreign" foreign key ("etapa_id") references "etapa" ("id") on delete restrict;[90m [took 17 ms, 0 results][39m

stdout | src/services/muestra.service.test.ts > PasadaService and MuestraService Integration Tests
[90m[query] [39malter table "pasada" add constraint "pasada_linea_produccion_id_foreign" foreign key ("linea_produccion_id") references "linea_produccion" ("id") on delete restrict;alter table "pasada" add constraint "pasada_ruta_pasada_id_foreign" foreign key ("ruta_pasada_id") references "ruta_pasada" ("id") on delete restrict;alter table "pasada" add constraint "pasada_articulo_id_foreign" foreign key ("articulo_id") references "articulo" ("id") on delete restrict;alter table "pasada" add constraint "pasada_usuario_id_foreign" foreign key ("usuario_id") references "usuario" ("id") on delete restrict;[90m [took 18 ms, 0 results][39m

stdout | src/services/muestra.service.test.ts > PasadaService and MuestraService Integration Tests
[90m[query] [39malter table "muestra" add constraint "muestra_pasada_id_foreign" foreign key ("pasada_id") references "pasada" ("id") on delete restrict;alter table "muestra" add constraint "muestra_usuario_id_foreign" foreign key ("usuario_id") references "usuario" ("id") on delete restrict;alter table "muestra" add constraint "muestra_ruta_pasada_id_foreign" foreign key ("ruta_pasada_id") references "ruta_pasada" ("id") on delete restrict;alter table "muestra" add constraint "muestra_articulo_id_foreign" foreign key ("articulo_id") references "articulo" ("id") on delete restrict;alter table "muestra" add constraint "muestra_etapa_id_foreign" foreign key ("etapa_id") references "etapa" ("id") on delete restrict;alter table "muestra" add constraint "muestra_linea_produccion_id_foreign" foreign key ("linea_produccion_id") references "linea_produccion" ("id") on delete restrict;[90m [took 29 ms, 0 results][39m

stdout | src/services/muestra.service.test.ts > PasadaService and MuestraService Integration Tests > MuestraService.registrarMuestra > should validate sample range correctly
[90m[query] [39mSELECT table_name FROM information_schema.tables WHERE table_schema = 'public' AND table_type = 'BASE TABLE' AND table_name != 'mikro_orm_migrations'; [90m [took 8 ms, 10 results][39m

stdout | src/services/muestra.service.test.ts > PasadaService and MuestraService Integration Tests > MuestraService.registrarMuestra > should validate sample range correctly
[90m[query] [39mSET session_replication_role = 'replica';[90m [took 3 ms, 0 results][39m

stdout | src/services/muestra.service.test.ts > PasadaService and MuestraService Integration Tests > MuestraService.registrarMuestra > should validate sample range correctly
[90m[query] [39mTRUNCATE TABLE "ruta_pasada_etapa", "pasada", "articulo", "ruta_pasada", "articulo_ruta_pasada", "etapa", "usuario", "linea_produccion", "dispositivo", "muestra" RESTART IDENTITY CASCADE;[90m [took 185 ms, 0 results][39m

stdout | src/services/muestra.service.test.ts > PasadaService and MuestraService Integration Tests > MuestraService.registrarMuestra > should validate sample range correctly
[90m[query] [39mSET session_replication_role = 'origin';[90m [took 2 ms, 0 results][39m

stdout | src/services/muestra.service.test.ts > PasadaService and MuestraService Integration Tests > MuestraService.registrarMuestra > should validate sample range correctly
[90m[query] [39mbegin

stdout | src/services/muestra.service.test.ts > PasadaService and MuestraService Integration Tests > MuestraService.registrarMuestra > should validate sample range correctly
[90m[query] [39minsert into "usuario" ("nombre_apellido", "nombre_usuario", "legajo", "pin_hash", "puede_tomar_muestras_libres", "rol", "activo", "es_sistema") values ('Juan Pérez', 'juan.perez', 'LEG-001', 'hash', true, 'operario', true, false) returning "id"[90m [took 6 ms, 1 row affected][39m

stdout | src/services/muestra.service.test.ts > PasadaService and MuestraService Integration Tests > MuestraService.registrarMuestra > should validate sample range correctly
[90m[query] [39mcommit

stdout | src/services/muestra.service.test.ts > PasadaService and MuestraService Integration Tests > MuestraService.registrarMuestra > should validate sample range correctly
[90m[query] [39mbegin

stdout | src/services/muestra.service.test.ts > PasadaService and MuestraService Integration Tests > MuestraService.registrarMuestra > should validate sample range correctly
[90m[query] [39minsert into "ruta_pasada" ("nombre", "activo") values ('Ruta Alfajor Standard', true) returning "id"[90m [took 3 ms, 1 row affected][39m

stdout | src/services/muestra.service.test.ts > PasadaService and MuestraService Integration Tests > MuestraService.registrarMuestra > should validate sample range correctly
[90m[query] [39mcommit

stdout | src/services/muestra.service.test.ts > PasadaService and MuestraService Integration Tests > MuestraService.registrarMuestra > should validate sample range correctly
[90m[query] [39mbegin

stdout | src/services/muestra.service.test.ts > PasadaService and MuestraService Integration Tests > MuestraService.registrarMuestra > should validate sample range correctly
[90m[query] [39minsert into "linea_produccion" ("nombre", "ruta_pasada_activa_id", "activo") values ('Linea de Envasado 1', 1, true) returning "id"[90m [took 3 ms, 1 row affected][39m

stdout | src/services/muestra.service.test.ts > PasadaService and MuestraService Integration Tests > MuestraService.registrarMuestra > should validate sample range correctly
[90m[query] [39mcommit

stdout | src/services/muestra.service.test.ts > PasadaService and MuestraService Integration Tests > MuestraService.registrarMuestra > should validate sample range correctly
[90m[query] [39mbegin

stdout | src/services/muestra.service.test.ts > PasadaService and MuestraService Integration Tests > MuestraService.registrarMuestra > should validate sample range correctly
[90m[query] [39minsert into "articulo" ("nombre", "descripcion", "activo") values ('Alfajor Triple', 'Alfajor relleno con dulce de leche', true) returning "id"[90m [took 2 ms, 1 row affected][39m

stdout | src/services/muestra.service.test.ts > PasadaService and MuestraService Integration Tests > MuestraService.registrarMuestra > should validate sample range correctly
[90m[query] [39mcommit

stdout | src/services/muestra.service.test.ts > PasadaService and MuestraService Integration Tests > MuestraService.registrarMuestra > should validate sample range correctly
[90m[query] [39mbegin

stdout | src/services/muestra.service.test.ts > PasadaService and MuestraService Integration Tests > MuestraService.registrarMuestra > should validate sample range correctly
[90m[query] [39minsert into "articulo_ruta_pasada" ("articulo_id", "ruta_pasada_id") values (1, 1) returning "id"[90m [took 3 ms, 1 row affected][39m

stdout | src/services/muestra.service.test.ts > PasadaService and MuestraService Integration Tests > MuestraService.registrarMuestra > should validate sample range correctly
[90m[query] [39mcommit

stdout | src/services/muestra.service.test.ts > PasadaService and MuestraService Integration Tests > MuestraService.registrarMuestra > should validate sample range correctly
[90m[query] [39mbegin

stdout | src/services/muestra.service.test.ts > PasadaService and MuestraService Integration Tests > MuestraService.registrarMuestra > should validate sample range correctly
[90m[query] [39minsert into "etapa" ("nombre", "descripcion", "activo") values ('Etapa Relleno', 'Relleno de dulce de leche', true), ('Etapa Cobertura', 'Baño de chocolate chocolate', true) returning "id"[90m [took 3 ms, 2 rows affected][39m

stdout | src/services/muestra.service.test.ts > PasadaService and MuestraService Integration Tests > MuestraService.registrarMuestra > should validate sample range correctly
[90m[query] [39mcommit

stdout | src/services/muestra.service.test.ts > PasadaService and MuestraService Integration Tests > MuestraService.registrarMuestra > should validate sample range correctly
[90m[query] [39mbegin

stdout | src/services/muestra.service.test.ts > PasadaService and MuestraService Integration Tests > MuestraService.registrarMuestra > should validate sample range correctly
[90m[query] [39minsert into "ruta_pasada_etapa" ("ruta_pasada_id", "etapa_id", "orden", "peso_ideal", "peso_minimo", "peso_maximo", "cantidad_muestras_requeridas") values (1, 1, 1, 50, 45, 55, 2), (1, 2, 2, 70, 65, 75, 1) returning "id"[90m [took 7 ms, 2 rows affected][39m

stdout | src/services/muestra.service.test.ts > PasadaService and MuestraService Integration Tests > MuestraService.registrarMuestra > should validate sample range correctly
[90m[query] [39mcommit

stdout | src/services/muestra.service.test.ts > PasadaService and MuestraService Integration Tests > MuestraService.registrarMuestra > should validate sample range correctly
[90m[query] [39mbegin

stdout | src/services/muestra.service.test.ts > PasadaService and MuestraService Integration Tests > MuestraService.registrarMuestra > should validate sample range correctly
[90m[query] [39mselect "l0".*, "r1"."id" as "r1__id", "r1"."nombre" as "r1__nombre", "r1"."descripcion" as "r1__descripcion", "r1"."activo" as "r1__activo" from "linea_produccion" as "l0" left join "ruta_pasada" as "r1" on "l0"."ruta_pasada_activa_id" = "r1"."id" where "l0"."id" = 1 limit 1 for update of "l0"[90m [took 3 ms, 1 result][39m

stdout | src/services/muestra.service.test.ts > PasadaService and MuestraService Integration Tests > MuestraService.registrarMuestra > should validate sample range correctly
[90m[query] [39mselect count(*) as "count" from "articulo_ruta_pasada" as "a0" where "a0"."ruta_pasada_id" = 1 and "a0"."articulo_id" = 1[90m [took 3 ms][39m

stdout | src/services/muestra.service.test.ts > PasadaService and MuestraService Integration Tests > MuestraService.registrarMuestra > should validate sample range correctly
[90m[query] [39mselect "p0".* from "pasada" as "p0" where "p0"."linea_produccion_id" = 1 and "p0"."articulo_id" = 1 order by "p0"."numero" desc limit 1[90m [took 7 ms, 0 results][39m

stdout | src/services/muestra.service.test.ts > PasadaService and MuestraService Integration Tests > MuestraService.registrarMuestra > should validate sample range correctly
[90m[query] [39minsert into "pasada" ("linea_produccion_id", "ruta_pasada_id", "articulo_id", "usuario_id", "numero", "estado", "hora_inicio", "activo") values (1, 1, 1, 1, 1, 'en_curso', '2026-07-13T14:25:22.038Z', true) returning "id"[90m [took 10 ms, 1 row affected][39m

stdout | src/services/muestra.service.test.ts > PasadaService and MuestraService Integration Tests > MuestraService.registrarMuestra > should validate sample range correctly
[90m[query] [39mcommit

stdout | src/services/muestra.service.test.ts > PasadaService and MuestraService Integration Tests > MuestraService.registrarMuestra > should validate sample range correctly
[90m[query] [39mselect "p0".*, "r1"."id" as "r1__id", "r1"."nombre" as "r1__nombre", "r1"."descripcion" as "r1__descripcion", "r1"."activo" as "r1__activo", "u2"."id" as "u2__id", "u2"."nombre_apellido" as "u2__nombre_apellido", "u2"."nombre_usuario" as "u2__nombre_usuario", "u2"."legajo" as "u2__legajo", "u2"."pin_hash" as "u2__pin_hash", "u2"."puede_tomar_muestras_libres" as "u2__puede_tomar_muestras_libres", "u2"."rol" as "u2__rol", "u2"."activo" as "u2__activo", "u2"."datos_adicionales" as "u2__datos_adicionales", "u2"."es_sistema" as "u2__es_sistema" from "pasada" as "p0" inner join "ruta_pasada" as "r1" on "p0"."ruta_pasada_id" = "r1"."id" inner join "usuario" as "u2" on "p0"."usuario_id" = "u2"."id" where "p0"."id" = 1 limit 1[90m [took 7 ms, 1 result][39m

stdout | src/services/muestra.service.test.ts > PasadaService and MuestraService Integration Tests > MuestraService.registrarMuestra > should validate sample range correctly
[90m[query] [39mselect "r0".* from "ruta_pasada_etapa" as "r0" where "r0"."ruta_pasada_id" = 1 and "r0"."etapa_id" = 1 limit 1[90m [took 4 ms, 1 result][39m

stdout | src/services/muestra.service.test.ts > PasadaService and MuestraService Integration Tests > MuestraService.registrarMuestra > should validate sample range correctly
[90m[query] [39mselect "r0".* from "ruta_pasada_etapa" as "r0" where "r0"."ruta_pasada_id" = 1 order by "r0"."orden" asc[90m [took 5 ms, 2 results][39m

stdout | src/services/muestra.service.test.ts > PasadaService and MuestraService Integration Tests > MuestraService.registrarMuestra > should validate sample range correctly
[90m[query] [39mbegin

stdout | src/services/muestra.service.test.ts > PasadaService and MuestraService Integration Tests > MuestraService.registrarMuestra > should validate sample range correctly
[90m[query] [39minsert into "muestra" ("pasada_id", "usuario_id", "ruta_pasada_id", "articulo_id", "etapa_id", "linea_produccion_id", "peso_neto", "estado_validacion", "timestamp") values (1, 1, 1, 1, 1, 1, 48.5, 'ok', '2026-07-13T14:25:22.203Z') returning "id"[90m [took 6 ms, 1 row affected][39m

stdout | src/services/muestra.service.test.ts > PasadaService and MuestraService Integration Tests > MuestraService.registrarMuestra > should validate sample range correctly
[90m[query] [39mcommit

stdout | src/services/muestra.service.test.ts > PasadaService and MuestraService Integration Tests > MuestraService.registrarMuestra > should validate sample range correctly
[90m[query] [39mselect "r0".* from "ruta_pasada_etapa" as "r0" where "r0"."ruta_pasada_id" = 1 and "r0"."etapa_id" = 1 limit 1[90m [took 2 ms, 1 result][39m

stdout | src/services/muestra.service.test.ts > PasadaService and MuestraService Integration Tests > MuestraService.registrarMuestra > should validate sample range correctly
[90m[query] [39mselect "r0".* from "ruta_pasada_etapa" as "r0" where "r0"."ruta_pasada_id" = 1 order by "r0"."orden" asc[90m [took 5 ms, 2 results][39m

stdout | src/services/muestra.service.test.ts > PasadaService and MuestraService Integration Tests > MuestraService.registrarMuestra > should validate sample range correctly
[90m[query] [39mbegin

stdout | src/services/muestra.service.test.ts > PasadaService and MuestraService Integration Tests > MuestraService.registrarMuestra > should validate sample range correctly
[90m[query] [39minsert into "muestra" ("pasada_id", "usuario_id", "ruta_pasada_id", "articulo_id", "etapa_id", "linea_produccion_id", "peso_neto", "estado_validacion", "timestamp") values (1, 1, 1, 1, 1, 1, 42, 'fuera_de_rango', '2026-07-13T14:25:22.253Z') returning "id"[90m [took 3 ms, 1 row affected][39m

stdout | src/services/muestra.service.test.ts > PasadaService and MuestraService Integration Tests > MuestraService.registrarMuestra > should validate sample range correctly
[90m[query] [39mcommit

stdout | src/services/muestra.service.test.ts > PasadaService and MuestraService Integration Tests > MuestraService.registrarMuestra > should validate sample range correctly
[90m[query] [39mselect "r0".* from "ruta_pasada_etapa" as "r0" where "r0"."ruta_pasada_id" = 1 and "r0"."etapa_id" = 1 limit 1[90m [took 12 ms, 1 result][39m

stdout | src/services/muestra.service.test.ts > PasadaService and MuestraService Integration Tests > MuestraService.registrarMuestra > should validate sample range correctly
[90m[query] [39mselect "r0".* from "ruta_pasada_etapa" as "r0" where "r0"."ruta_pasada_id" = 1 order by "r0"."orden" asc[90m [took 3 ms, 2 results][39m

stdout | src/services/muestra.service.test.ts > PasadaService and MuestraService Integration Tests > MuestraService.registrarMuestra > should validate sample range correctly
[90m[query] [39mbegin

stdout | src/services/muestra.service.test.ts > PasadaService and MuestraService Integration Tests > MuestraService.registrarMuestra > should validate sample range correctly
[90m[query] [39minsert into "muestra" ("pasada_id", "usuario_id", "ruta_pasada_id", "articulo_id", "etapa_id", "linea_produccion_id", "peso_neto", "estado_validacion", "timestamp") values (1, 1, 1, 1, 1, 1, 58, 'fuera_de_rango', '2026-07-13T14:25:22.325Z') returning "id"[90m [took 4 ms, 1 row affected][39m

stdout | src/services/muestra.service.test.ts > PasadaService and MuestraService Integration Tests > MuestraService.registrarMuestra > should validate sample range correctly
[90m[query] [39mcommit

stdout | src/services/muestra.service.test.ts > PasadaService and MuestraService Integration Tests > MuestraService.registrarMuestra > should reject registration of subsequent stages if preceding stages are incomplete
[90m[query] [39mSELECT table_name FROM information_schema.tables WHERE table_schema = 'public' AND table_type = 'BASE TABLE' AND table_name != 'mikro_orm_migrations'; [90m [took 6 ms, 10 results][39m

stdout | src/services/muestra.service.test.ts > PasadaService and MuestraService Integration Tests > MuestraService.registrarMuestra > should reject registration of subsequent stages if preceding stages are incomplete
[90m[query] [39mSET session_replication_role = 'replica';[90m [took 2 ms, 0 results][39m

stdout | src/services/muestra.service.test.ts > PasadaService and MuestraService Integration Tests > MuestraService.registrarMuestra > should reject registration of subsequent stages if preceding stages are incomplete
[90m[query] [39mTRUNCATE TABLE "muestra", "ruta_pasada_etapa", "pasada", "articulo", "ruta_pasada", "articulo_ruta_pasada", "etapa", "usuario", "linea_produccion", "dispositivo" RESTART IDENTITY CASCADE;[90m [took 194 ms, 0 results][39m

stdout | src/services/muestra.service.test.ts > PasadaService and MuestraService Integration Tests > MuestraService.registrarMuestra > should reject registration of subsequent stages if preceding stages are incomplete
[90m[query] [39mSET session_replication_role = 'origin';[90m [took 3 ms, 0 results][39m

stdout | src/services/muestra.service.test.ts > PasadaService and MuestraService Integration Tests > MuestraService.registrarMuestra > should reject registration of subsequent stages if preceding stages are incomplete
[90m[query] [39mbegin

stdout | src/services/muestra.service.test.ts > PasadaService and MuestraService Integration Tests > MuestraService.registrarMuestra > should reject registration of subsequent stages if preceding stages are incomplete
[90m[query] [39minsert into "usuario" ("nombre_apellido", "nombre_usuario", "legajo", "pin_hash", "puede_tomar_muestras_libres", "rol", "activo", "es_sistema") values ('Juan Pérez', 'juan.perez', 'LEG-001', 'hash', true, 'operario', true, false) returning "id"[90m [took 5 ms, 1 row affected][39m

stdout | src/services/muestra.service.test.ts > PasadaService and MuestraService Integration Tests > MuestraService.registrarMuestra > should reject registration of subsequent stages if preceding stages are incomplete
[90m[query] [39mcommit

stdout | src/services/muestra.service.test.ts > PasadaService and MuestraService Integration Tests > MuestraService.registrarMuestra > should reject registration of subsequent stages if preceding stages are incomplete
[90m[query] [39mbegin

stdout | src/services/muestra.service.test.ts > PasadaService and MuestraService Integration Tests > MuestraService.registrarMuestra > should reject registration of subsequent stages if preceding stages are incomplete
[90m[query] [39minsert into "ruta_pasada" ("nombre", "activo") values ('Ruta Alfajor Standard', true) returning "id"[90m [took 2 ms, 1 row affected][39m

stdout | src/services/muestra.service.test.ts > PasadaService and MuestraService Integration Tests > MuestraService.registrarMuestra > should reject registration of subsequent stages if preceding stages are incomplete
[90m[query] [39mcommit

stdout | src/services/muestra.service.test.ts > PasadaService and MuestraService Integration Tests > MuestraService.registrarMuestra > should reject registration of subsequent stages if preceding stages are incomplete
[90m[query] [39mbegin

stdout | src/services/muestra.service.test.ts > PasadaService and MuestraService Integration Tests > MuestraService.registrarMuestra > should reject registration of subsequent stages if preceding stages are incomplete
[90m[query] [39minsert into "linea_produccion" ("nombre", "ruta_pasada_activa_id", "activo") values ('Linea de Envasado 1', 1, true) returning "id"[90m [took 6 ms, 1 row affected][39m

stdout | src/services/muestra.service.test.ts > PasadaService and MuestraService Integration Tests > MuestraService.registrarMuestra > should reject registration of subsequent stages if preceding stages are incomplete
[90m[query] [39mcommit

stdout | src/services/muestra.service.test.ts > PasadaService and MuestraService Integration Tests > MuestraService.registrarMuestra > should reject registration of subsequent stages if preceding stages are incomplete
[90m[query] [39mbegin

stdout | src/services/muestra.service.test.ts > PasadaService and MuestraService Integration Tests > MuestraService.registrarMuestra > should reject registration of subsequent stages if preceding stages are incomplete
[90m[query] [39minsert into "articulo" ("nombre", "descripcion", "activo") values ('Alfajor Triple', 'Alfajor relleno con dulce de leche', true) returning "id"[90m [took 5 ms, 1 row affected][39m

stdout | src/services/muestra.service.test.ts > PasadaService and MuestraService Integration Tests > MuestraService.registrarMuestra > should reject registration of subsequent stages if preceding stages are incomplete
[90m[query] [39mcommit

stdout | src/services/muestra.service.test.ts > PasadaService and MuestraService Integration Tests > MuestraService.registrarMuestra > should reject registration of subsequent stages if preceding stages are incomplete
[90m[query] [39mbegin

stdout | src/services/muestra.service.test.ts > PasadaService and MuestraService Integration Tests > MuestraService.registrarMuestra > should reject registration of subsequent stages if preceding stages are incomplete
[90m[query] [39minsert into "articulo_ruta_pasada" ("articulo_id", "ruta_pasada_id") values (1, 1) returning "id"[90m [took 7 ms, 1 row affected][39m

stdout | src/services/muestra.service.test.ts > PasadaService and MuestraService Integration Tests > MuestraService.registrarMuestra > should reject registration of subsequent stages if preceding stages are incomplete
[90m[query] [39mcommit

stdout | src/services/muestra.service.test.ts > PasadaService and MuestraService Integration Tests > MuestraService.registrarMuestra > should reject registration of subsequent stages if preceding stages are incomplete
[90m[query] [39mbegin

stdout | src/services/muestra.service.test.ts > PasadaService and MuestraService Integration Tests > MuestraService.registrarMuestra > should reject registration of subsequent stages if preceding stages are incomplete
[90m[query] [39minsert into "etapa" ("nombre", "descripcion", "activo") values ('Etapa Relleno', 'Relleno de dulce de leche', true), ('Etapa Cobertura', 'Baño de chocolate chocolate', true) returning "id"[90m [took 4 ms, 2 rows affected][39m

stdout | src/services/muestra.service.test.ts > PasadaService and MuestraService Integration Tests > MuestraService.registrarMuestra > should reject registration of subsequent stages if preceding stages are incomplete
[90m[query] [39mcommit

stdout | src/services/muestra.service.test.ts > PasadaService and MuestraService Integration Tests > MuestraService.registrarMuestra > should reject registration of subsequent stages if preceding stages are incomplete
[90m[query] [39mbegin

stdout | src/services/muestra.service.test.ts > PasadaService and MuestraService Integration Tests > MuestraService.registrarMuestra > should reject registration of subsequent stages if preceding stages are incomplete
[90m[query] [39minsert into "ruta_pasada_etapa" ("ruta_pasada_id", "etapa_id", "orden", "peso_ideal", "peso_minimo", "peso_maximo", "cantidad_muestras_requeridas") values (1, 1, 1, 50, 45, 55, 2), (1, 2, 2, 70, 65, 75, 1) returning "id"[90m [took 3 ms, 2 rows affected][39m

stdout | src/services/muestra.service.test.ts > PasadaService and MuestraService Integration Tests > MuestraService.registrarMuestra > should reject registration of subsequent stages if preceding stages are incomplete
[90m[query] [39mcommit

stdout | src/services/muestra.service.test.ts > PasadaService and MuestraService Integration Tests > MuestraService.registrarMuestra > should reject registration of subsequent stages if preceding stages are incomplete
[90m[query] [39mbegin

stdout | src/services/muestra.service.test.ts > PasadaService and MuestraService Integration Tests > MuestraService.registrarMuestra > should reject registration of subsequent stages if preceding stages are incomplete
[90m[query] [39mselect "l0".*, "r1"."id" as "r1__id", "r1"."nombre" as "r1__nombre", "r1"."descripcion" as "r1__descripcion", "r1"."activo" as "r1__activo" from "linea_produccion" as "l0" left join "ruta_pasada" as "r1" on "l0"."ruta_pasada_activa_id" = "r1"."id" where "l0"."id" = 1 limit 1 for update of "l0"[90m [took 2 ms, 1 result][39m

stdout | src/services/muestra.service.test.ts > PasadaService and MuestraService Integration Tests > MuestraService.registrarMuestra > should reject registration of subsequent stages if preceding stages are incomplete
[90m[query] [39mselect count(*) as "count" from "articulo_ruta_pasada" as "a0" where "a0"."ruta_pasada_id" = 1 and "a0"."articulo_id" = 1[90m [took 1 ms][39m

stdout | src/services/muestra.service.test.ts > PasadaService and MuestraService Integration Tests > MuestraService.registrarMuestra > should reject registration of subsequent stages if preceding stages are incomplete
[90m[query] [39mselect "p0".* from "pasada" as "p0" where "p0"."linea_produccion_id" = 1 and "p0"."articulo_id" = 1 order by "p0"."numero" desc limit 1[90m [took 3 ms, 0 results][39m

stdout | src/services/muestra.service.test.ts > PasadaService and MuestraService Integration Tests > MuestraService.registrarMuestra > should reject registration of subsequent stages if preceding stages are incomplete
[90m[query] [39minsert into "pasada" ("linea_produccion_id", "ruta_pasada_id", "articulo_id", "usuario_id", "numero", "estado", "hora_inicio", "activo") values (1, 1, 1, 1, 1, 'en_curso', '2026-07-13T14:25:22.753Z', true) returning "id"[90m [took 3 ms, 1 row affected][39m

stdout | src/services/muestra.service.test.ts > PasadaService and MuestraService Integration Tests > MuestraService.registrarMuestra > should reject registration of subsequent stages if preceding stages are incomplete
[90m[query] [39mcommit

stdout | src/services/muestra.service.test.ts > PasadaService and MuestraService Integration Tests > MuestraService.registrarMuestra > should reject registration of subsequent stages if preceding stages are incomplete
[90m[query] [39mselect "p0".*, "r1"."id" as "r1__id", "r1"."nombre" as "r1__nombre", "r1"."descripcion" as "r1__descripcion", "r1"."activo" as "r1__activo", "u2"."id" as "u2__id", "u2"."nombre_apellido" as "u2__nombre_apellido", "u2"."nombre_usuario" as "u2__nombre_usuario", "u2"."legajo" as "u2__legajo", "u2"."pin_hash" as "u2__pin_hash", "u2"."puede_tomar_muestras_libres" as "u2__puede_tomar_muestras_libres", "u2"."rol" as "u2__rol", "u2"."activo" as "u2__activo", "u2"."datos_adicionales" as "u2__datos_adicionales", "u2"."es_sistema" as "u2__es_sistema" from "pasada" as "p0" inner join "ruta_pasada" as "r1" on "p0"."ruta_pasada_id" = "r1"."id" inner join "usuario" as "u2" on "p0"."usuario_id" = "u2"."id" where "p0"."id" = 1 limit 1[90m [took 5 ms, 1 result][39m

stdout | src/services/muestra.service.test.ts > PasadaService and MuestraService Integration Tests > MuestraService.registrarMuestra > should reject registration of subsequent stages if preceding stages are incomplete
[90m[query] [39mselect "r0".* from "ruta_pasada_etapa" as "r0" where "r0"."ruta_pasada_id" = 1 and "r0"."etapa_id" = 2 limit 1[90m [took 2 ms, 1 result][39m

stdout | src/services/muestra.service.test.ts > PasadaService and MuestraService Integration Tests > MuestraService.registrarMuestra > should reject registration of subsequent stages if preceding stages are incomplete
[90m[query] [39mselect "r0".* from "ruta_pasada_etapa" as "r0" where "r0"."ruta_pasada_id" = 1 order by "r0"."orden" asc[90m [took 2 ms, 2 results][39m

stdout | src/services/muestra.service.test.ts > PasadaService and MuestraService Integration Tests > MuestraService.registrarMuestra > should reject registration of subsequent stages if preceding stages are incomplete
[90m[query] [39mselect count(*) as "count" from "muestra" as "m0" where "m0"."pasada_id" = 1 and "m0"."etapa_id" = 1 and "m0"."estado_validacion" = 'ok'[90m [took 25 ms][39m

stdout | src/services/muestra.service.test.ts > PasadaService and MuestraService Integration Tests > MuestraService.registrarMuestra > should progress through stages and complete the Pasada on the last sample
[90m[query] [39mSELECT table_name FROM information_schema.tables WHERE table_schema = 'public' AND table_type = 'BASE TABLE' AND table_name != 'mikro_orm_migrations'; [90m [took 3 ms, 10 results][39m

stdout | src/services/muestra.service.test.ts > PasadaService and MuestraService Integration Tests > MuestraService.registrarMuestra > should progress through stages and complete the Pasada on the last sample
[90m[query] [39mSET session_replication_role = 'replica';[90m [took 1 ms, 0 results][39m

stdout | src/services/muestra.service.test.ts > PasadaService and MuestraService Integration Tests > MuestraService.registrarMuestra > should progress through stages and complete the Pasada on the last sample
[90m[query] [39mTRUNCATE TABLE "muestra", "ruta_pasada", "articulo_ruta_pasada", "etapa", "usuario", "linea_produccion", "dispositivo", "ruta_pasada_etapa", "pasada", "articulo" RESTART IDENTITY CASCADE;[90m [took 143 ms, 0 results][39m

stdout | src/services/muestra.service.test.ts > PasadaService and MuestraService Integration Tests > MuestraService.registrarMuestra > should progress through stages and complete the Pasada on the last sample
[90m[query] [39mSET session_replication_role = 'origin';[90m [took 3 ms, 0 results][39m

stdout | src/services/muestra.service.test.ts > PasadaService and MuestraService Integration Tests > MuestraService.registrarMuestra > should progress through stages and complete the Pasada on the last sample
[90m[query] [39mbegin

stdout | src/services/muestra.service.test.ts > PasadaService and MuestraService Integration Tests > MuestraService.registrarMuestra > should progress through stages and complete the Pasada on the last sample
[90m[query] [39minsert into "usuario" ("nombre_apellido", "nombre_usuario", "legajo", "pin_hash", "puede_tomar_muestras_libres", "rol", "activo", "es_sistema") values ('Juan Pérez', 'juan.perez', 'LEG-001', 'hash', true, 'operario', true, false) returning "id"[90m [took 3 ms, 1 row affected][39m

stdout | src/services/muestra.service.test.ts > PasadaService and MuestraService Integration Tests > MuestraService.registrarMuestra > should progress through stages and complete the Pasada on the last sample
[90m[query] [39mcommit

stdout | src/services/muestra.service.test.ts > PasadaService and MuestraService Integration Tests > MuestraService.registrarMuestra > should progress through stages and complete the Pasada on the last sample
[90m[query] [39mbegin

stdout | src/services/muestra.service.test.ts > PasadaService and MuestraService Integration Tests > MuestraService.registrarMuestra > should progress through stages and complete the Pasada on the last sample
[90m[query] [39minsert into "ruta_pasada" ("nombre", "activo") values ('Ruta Alfajor Standard', true) returning "id"[90m [took 3 ms, 1 row affected][39m

stdout | src/services/muestra.service.test.ts > PasadaService and MuestraService Integration Tests > MuestraService.registrarMuestra > should progress through stages and complete the Pasada on the last sample
[90m[query] [39mcommit

stdout | src/services/muestra.service.test.ts > PasadaService and MuestraService Integration Tests > MuestraService.registrarMuestra > should progress through stages and complete the Pasada on the last sample
[90m[query] [39mbegin

stdout | src/services/muestra.service.test.ts > PasadaService and MuestraService Integration Tests > MuestraService.registrarMuestra > should progress through stages and complete the Pasada on the last sample
[90m[query] [39minsert into "linea_produccion" ("nombre", "ruta_pasada_activa_id", "activo") values ('Linea de Envasado 1', 1, true) returning "id"[90m [took 3 ms, 1 row affected][39m

stdout | src/services/muestra.service.test.ts > PasadaService and MuestraService Integration Tests > MuestraService.registrarMuestra > should progress through stages and complete the Pasada on the last sample
[90m[query] [39mcommit

stdout | src/services/muestra.service.test.ts > PasadaService and MuestraService Integration Tests > MuestraService.registrarMuestra > should progress through stages and complete the Pasada on the last sample
[90m[query] [39mbegin

stdout | src/services/muestra.service.test.ts > PasadaService and MuestraService Integration Tests > MuestraService.registrarMuestra > should progress through stages and complete the Pasada on the last sample
[90m[query] [39minsert into "articulo" ("nombre", "descripcion", "activo") values ('Alfajor Triple', 'Alfajor relleno con dulce de leche', true) returning "id"[90m [took 1 ms, 1 row affected][39m

stdout | src/services/muestra.service.test.ts > PasadaService and MuestraService Integration Tests > MuestraService.registrarMuestra > should progress through stages and complete the Pasada on the last sample
[90m[query] [39mcommit

stdout | src/services/muestra.service.test.ts > PasadaService and MuestraService Integration Tests > MuestraService.registrarMuestra > should progress through stages and complete the Pasada on the last sample
[90m[query] [39mbegin

stdout | src/services/muestra.service.test.ts > PasadaService and MuestraService Integration Tests > MuestraService.registrarMuestra > should progress through stages and complete the Pasada on the last sample
[90m[query] [39minsert into "articulo_ruta_pasada" ("articulo_id", "ruta_pasada_id") values (1, 1) returning "id"[90m [took 5 ms, 1 row affected][39m

stdout | src/services/muestra.service.test.ts > PasadaService and MuestraService Integration Tests > MuestraService.registrarMuestra > should progress through stages and complete the Pasada on the last sample
[90m[query] [39mcommit

stdout | src/services/muestra.service.test.ts > PasadaService and MuestraService Integration Tests > MuestraService.registrarMuestra > should progress through stages and complete the Pasada on the last sample
[90m[query] [39mbegin

stdout | src/services/muestra.service.test.ts > PasadaService and MuestraService Integration Tests > MuestraService.registrarMuestra > should progress through stages and complete the Pasada on the last sample
[90m[query] [39minsert into "etapa" ("nombre", "descripcion", "activo") values ('Etapa Relleno', 'Relleno de dulce de leche', true), ('Etapa Cobertura', 'Baño de chocolate chocolate', true) returning "id"[90m [took 3 ms, 2 rows affected][39m

stdout | src/services/muestra.service.test.ts > PasadaService and MuestraService Integration Tests > MuestraService.registrarMuestra > should progress through stages and complete the Pasada on the last sample
[90m[query] [39mcommit

stdout | src/services/muestra.service.test.ts > PasadaService and MuestraService Integration Tests > MuestraService.registrarMuestra > should progress through stages and complete the Pasada on the last sample
[90m[query] [39mbegin

stdout | src/services/muestra.service.test.ts > PasadaService and MuestraService Integration Tests > MuestraService.registrarMuestra > should progress through stages and complete the Pasada on the last sample
[90m[query] [39minsert into "ruta_pasada_etapa" ("ruta_pasada_id", "etapa_id", "orden", "peso_ideal", "peso_minimo", "peso_maximo", "cantidad_muestras_requeridas") values (1, 1, 1, 50, 45, 55, 2), (1, 2, 2, 70, 65, 75, 1) returning "id"[90m [took 7 ms, 2 rows affected][39m

stdout | src/services/muestra.service.test.ts > PasadaService and MuestraService Integration Tests > MuestraService.registrarMuestra > should progress through stages and complete the Pasada on the last sample
[90m[query] [39mcommit

stdout | src/services/muestra.service.test.ts > PasadaService and MuestraService Integration Tests > MuestraService.registrarMuestra > should progress through stages and complete the Pasada on the last sample
[90m[query] [39mbegin

stdout | src/services/muestra.service.test.ts > PasadaService and MuestraService Integration Tests > MuestraService.registrarMuestra > should progress through stages and complete the Pasada on the last sample
[90m[query] [39mselect "l0".*, "r1"."id" as "r1__id", "r1"."nombre" as "r1__nombre", "r1"."descripcion" as "r1__descripcion", "r1"."activo" as "r1__activo" from "linea_produccion" as "l0" left join "ruta_pasada" as "r1" on "l0"."ruta_pasada_activa_id" = "r1"."id" where "l0"."id" = 1 limit 1 for update of "l0"[90m [took 2 ms, 1 result][39m

stdout | src/services/muestra.service.test.ts > PasadaService and MuestraService Integration Tests > MuestraService.registrarMuestra > should progress through stages and complete the Pasada on the last sample
[90m[query] [39mselect count(*) as "count" from "articulo_ruta_pasada" as "a0" where "a0"."ruta_pasada_id" = 1 and "a0"."articulo_id" = 1[90m [took 1 ms][39m

stdout | src/services/muestra.service.test.ts > PasadaService and MuestraService Integration Tests > MuestraService.registrarMuestra > should progress through stages and complete the Pasada on the last sample
[90m[query] [39mselect "p0".* from "pasada" as "p0" where "p0"."linea_produccion_id" = 1 and "p0"."articulo_id" = 1 order by "p0"."numero" desc limit 1[90m [took 3 ms, 0 results][39m

stdout | src/services/muestra.service.test.ts > PasadaService and MuestraService Integration Tests > MuestraService.registrarMuestra > should progress through stages and complete the Pasada on the last sample
[90m[query] [39minsert into "pasada" ("linea_produccion_id", "ruta_pasada_id", "articulo_id", "usuario_id", "numero", "estado", "hora_inicio", "activo") values (1, 1, 1, 1, 1, 'en_curso', '2026-07-13T14:25:23.136Z', true) returning "id"[90m [took 2 ms, 1 row affected][39m

stdout | src/services/muestra.service.test.ts > PasadaService and MuestraService Integration Tests > MuestraService.registrarMuestra > should progress through stages and complete the Pasada on the last sample
[90m[query] [39mcommit

stdout | src/services/muestra.service.test.ts > PasadaService and MuestraService Integration Tests > MuestraService.registrarMuestra > should progress through stages and complete the Pasada on the last sample
[90m[query] [39mselect "p0".*, "r1"."id" as "r1__id", "r1"."nombre" as "r1__nombre", "r1"."descripcion" as "r1__descripcion", "r1"."activo" as "r1__activo", "u2"."id" as "u2__id", "u2"."nombre_apellido" as "u2__nombre_apellido", "u2"."nombre_usuario" as "u2__nombre_usuario", "u2"."legajo" as "u2__legajo", "u2"."pin_hash" as "u2__pin_hash", "u2"."puede_tomar_muestras_libres" as "u2__puede_tomar_muestras_libres", "u2"."rol" as "u2__rol", "u2"."activo" as "u2__activo", "u2"."datos_adicionales" as "u2__datos_adicionales", "u2"."es_sistema" as "u2__es_sistema" from "pasada" as "p0" inner join "ruta_pasada" as "r1" on "p0"."ruta_pasada_id" = "r1"."id" inner join "usuario" as "u2" on "p0"."usuario_id" = "u2"."id" where "p0"."id" = 1 limit 1[90m [took 3 ms, 1 result][39m

stdout | src/services/muestra.service.test.ts > PasadaService and MuestraService Integration Tests > MuestraService.registrarMuestra > should progress through stages and complete the Pasada on the last sample
[90m[query] [39mselect "r0".* from "ruta_pasada_etapa" as "r0" where "r0"."ruta_pasada_id" = 1 and "r0"."etapa_id" = 1 limit 1[90m [took 1 ms, 1 result][39m

stdout | src/services/muestra.service.test.ts > PasadaService and MuestraService Integration Tests > MuestraService.registrarMuestra > should progress through stages and complete the Pasada on the last sample
[90m[query] [39mselect "r0".* from "ruta_pasada_etapa" as "r0" where "r0"."ruta_pasada_id" = 1 order by "r0"."orden" asc[90m [took 1 ms, 2 results][39m

stdout | src/services/muestra.service.test.ts > PasadaService and MuestraService Integration Tests > MuestraService.registrarMuestra > should progress through stages and complete the Pasada on the last sample
[90m[query] [39mbegin

stdout | src/services/muestra.service.test.ts > PasadaService and MuestraService Integration Tests > MuestraService.registrarMuestra > should progress through stages and complete the Pasada on the last sample
[90m[query] [39minsert into "muestra" ("pasada_id", "usuario_id", "ruta_pasada_id", "articulo_id", "etapa_id", "linea_produccion_id", "peso_neto", "estado_validacion", "timestamp") values (1, 1, 1, 1, 1, 1, 50, 'ok', '2026-07-13T14:25:23.169Z') returning "id"[90m [took 4 ms, 1 row affected][39m

stdout | src/services/muestra.service.test.ts > PasadaService and MuestraService Integration Tests > MuestraService.registrarMuestra > should progress through stages and complete the Pasada on the last sample
[90m[query] [39mcommit

stdout | src/services/muestra.service.test.ts > PasadaService and MuestraService Integration Tests > MuestraService.registrarMuestra > should progress through stages and complete the Pasada on the last sample
[90m[query] [39mselect "r0".* from "ruta_pasada_etapa" as "r0" where "r0"."ruta_pasada_id" = 1 and "r0"."etapa_id" = 1 limit 1[90m [took 3 ms, 1 result][39m

stdout | src/services/muestra.service.test.ts > PasadaService and MuestraService Integration Tests > MuestraService.registrarMuestra > should progress through stages and complete the Pasada on the last sample
[90m[query] [39mselect "r0".* from "ruta_pasada_etapa" as "r0" where "r0"."ruta_pasada_id" = 1 order by "r0"."orden" asc[90m [took 2 ms, 2 results][39m

stdout | src/services/muestra.service.test.ts > PasadaService and MuestraService Integration Tests > MuestraService.registrarMuestra > should progress through stages and complete the Pasada on the last sample
[90m[query] [39mbegin

stdout | src/services/muestra.service.test.ts > PasadaService and MuestraService Integration Tests > MuestraService.registrarMuestra > should progress through stages and complete the Pasada on the last sample
[90m[query] [39minsert into "muestra" ("pasada_id", "usuario_id", "ruta_pasada_id", "articulo_id", "etapa_id", "linea_produccion_id", "peso_neto", "estado_validacion", "timestamp") values (1, 1, 1, 1, 1, 1, 60, 'fuera_de_rango', '2026-07-13T14:25:23.198Z') returning "id"[90m [took 5 ms, 1 row affected][39m

stdout | src/services/muestra.service.test.ts > PasadaService and MuestraService Integration Tests > MuestraService.registrarMuestra > should progress through stages and complete the Pasada on the last sample
[90m[query] [39mcommit

stdout | src/services/muestra.service.test.ts > PasadaService and MuestraService Integration Tests > MuestraService.registrarMuestra > should progress through stages and complete the Pasada on the last sample
[90m[query] [39mselect "r0".* from "ruta_pasada_etapa" as "r0" where "r0"."ruta_pasada_id" = 1 and "r0"."etapa_id" = 2 limit 1[90m [took 2 ms, 1 result][39m

stdout | src/services/muestra.service.test.ts > PasadaService and MuestraService Integration Tests > MuestraService.registrarMuestra > should progress through stages and complete the Pasada on the last sample
[90m[query] [39mselect "r0".* from "ruta_pasada_etapa" as "r0" where "r0"."ruta_pasada_id" = 1 order by "r0"."orden" asc[90m [took 4 ms, 2 results][39m

stdout | src/services/muestra.service.test.ts > PasadaService and MuestraService Integration Tests > MuestraService.registrarMuestra > should progress through stages and complete the Pasada on the last sample
[90m[query] [39mselect count(*) as "count" from "muestra" as "m0" where "m0"."pasada_id" = 1 and "m0"."etapa_id" = 1 and "m0"."estado_validacion" = 'ok'[90m [took 3 ms][39m

stdout | src/services/muestra.service.test.ts > PasadaService and MuestraService Integration Tests > MuestraService.registrarMuestra > should progress through stages and complete the Pasada on the last sample
[90m[query] [39mselect "r0".* from "ruta_pasada_etapa" as "r0" where "r0"."ruta_pasada_id" = 1 and "r0"."etapa_id" = 1 limit 1[90m [took 1 ms, 1 result][39m

stdout | src/services/muestra.service.test.ts > PasadaService and MuestraService Integration Tests > MuestraService.registrarMuestra > should progress through stages and complete the Pasada on the last sample
[90m[query] [39mselect "r0".* from "ruta_pasada_etapa" as "r0" where "r0"."ruta_pasada_id" = 1 order by "r0"."orden" asc[90m [took 3 ms, 2 results][39m

stdout | src/services/muestra.service.test.ts > PasadaService and MuestraService Integration Tests > MuestraService.registrarMuestra > should progress through stages and complete the Pasada on the last sample
[90m[query] [39mbegin

stdout | src/services/muestra.service.test.ts > PasadaService and MuestraService Integration Tests > MuestraService.registrarMuestra > should progress through stages and complete the Pasada on the last sample
[90m[query] [39minsert into "muestra" ("pasada_id", "usuario_id", "ruta_pasada_id", "articulo_id", "etapa_id", "linea_produccion_id", "peso_neto", "estado_validacion", "timestamp") values (1, 1, 1, 1, 1, 1, 52, 'ok', '2026-07-13T14:25:23.249Z') returning "id"[90m [took 2 ms, 1 row affected][39m

stdout | src/services/muestra.service.test.ts > PasadaService and MuestraService Integration Tests > MuestraService.registrarMuestra > should progress through stages and complete the Pasada on the last sample
[90m[query] [39mcommit

stdout | src/services/muestra.service.test.ts > PasadaService and MuestraService Integration Tests > MuestraService.registrarMuestra > should progress through stages and complete the Pasada on the last sample
[90m[query] [39mselect "r0".* from "ruta_pasada_etapa" as "r0" where "r0"."ruta_pasada_id" = 1 and "r0"."etapa_id" = 2 limit 1[90m [took 3 ms, 1 result][39m

stdout | src/services/muestra.service.test.ts > PasadaService and MuestraService Integration Tests > MuestraService.registrarMuestra > should progress through stages and complete the Pasada on the last sample
[90m[query] [39mselect "r0".* from "ruta_pasada_etapa" as "r0" where "r0"."ruta_pasada_id" = 1 order by "r0"."orden" asc[90m [took 3 ms, 2 results][39m

stdout | src/services/muestra.service.test.ts > PasadaService and MuestraService Integration Tests > MuestraService.registrarMuestra > should progress through stages and complete the Pasada on the last sample
[90m[query] [39mselect count(*) as "count" from "muestra" as "m0" where "m0"."pasada_id" = 1 and "m0"."etapa_id" = 1 and "m0"."estado_validacion" = 'ok'[90m [took 5 ms][39m

stdout | src/services/muestra.service.test.ts > PasadaService and MuestraService Integration Tests > MuestraService.registrarMuestra > should progress through stages and complete the Pasada on the last sample
[90m[query] [39mbegin

stdout | src/services/muestra.service.test.ts > PasadaService and MuestraService Integration Tests > MuestraService.registrarMuestra > should progress through stages and complete the Pasada on the last sample
[90m[query] [39minsert into "muestra" ("pasada_id", "usuario_id", "ruta_pasada_id", "articulo_id", "etapa_id", "linea_produccion_id", "peso_neto", "estado_validacion", "timestamp") values (1, 1, 1, 1, 2, 1, 72, 'ok', '2026-07-13T14:25:23.296Z') returning "id"[90m [took 8 ms, 1 row affected][39m

stdout | src/services/muestra.service.test.ts > PasadaService and MuestraService Integration Tests > MuestraService.registrarMuestra > should progress through stages and complete the Pasada on the last sample
[90m[query] [39mcommit

stdout | src/services/muestra.service.test.ts > PasadaService and MuestraService Integration Tests > MuestraService.registrarMuestra > should progress through stages and complete the Pasada on the last sample
[90m[query] [39mselect "p0".* from "pasada" as "p0" where "p0"."id" = 1 limit 1[90m [took 6 ms, 1 result][39m

stdout | src/services/muestra.service.test.ts > PasadaService and MuestraService Integration Tests > MuestraService.registrarMuestra > T-15: registrarMuestra throws when user does not have puedeTomarMuestrasLibres
[90m[query] [39mSELECT table_name FROM information_schema.tables WHERE table_schema = 'public' AND table_type = 'BASE TABLE' AND table_name != 'mikro_orm_migrations'; [90m [took 9 ms, 10 results][39m

stdout | src/services/muestra.service.test.ts > PasadaService and MuestraService Integration Tests > MuestraService.registrarMuestra > T-15: registrarMuestra throws when user does not have puedeTomarMuestrasLibres
[90m[query] [39mSET session_replication_role = 'replica';[90m [took 1 ms, 0 results][39m

stdout | src/services/muestra.service.test.ts > PasadaService and MuestraService Integration Tests > MuestraService.registrarMuestra > T-15: registrarMuestra throws when user does not have puedeTomarMuestrasLibres
[90m[query] [39mTRUNCATE TABLE "muestra", "ruta_pasada", "articulo_ruta_pasada", "etapa", "usuario", "linea_produccion", "dispositivo", "ruta_pasada_etapa", "pasada", "articulo" RESTART IDENTITY CASCADE;[90m [took 183 ms, 0 results][39m

stdout | src/services/muestra.service.test.ts > PasadaService and MuestraService Integration Tests > MuestraService.registrarMuestra > T-15: registrarMuestra throws when user does not have puedeTomarMuestrasLibres
[90m[query] [39mSET session_replication_role = 'origin';[90m [took 1 ms, 0 results][39m

stdout | src/services/muestra.service.test.ts > PasadaService and MuestraService Integration Tests > MuestraService.registrarMuestra > T-15: registrarMuestra throws when user does not have puedeTomarMuestrasLibres
[90m[query] [39mbegin

stdout | src/services/muestra.service.test.ts > PasadaService and MuestraService Integration Tests > MuestraService.registrarMuestra > T-15: registrarMuestra throws when user does not have puedeTomarMuestrasLibres
[90m[query] [39minsert into "usuario" ("nombre_apellido", "nombre_usuario", "legajo", "pin_hash", "puede_tomar_muestras_libres", "rol", "activo", "es_sistema") values ('Juan Pérez', 'juan.perez', 'LEG-001', 'hash', true, 'operario', true, false) returning "id"[90m [took 5 ms, 1 row affected][39m

stdout | src/services/muestra.service.test.ts > PasadaService and MuestraService Integration Tests > MuestraService.registrarMuestra > T-15: registrarMuestra throws when user does not have puedeTomarMuestrasLibres
[90m[query] [39mcommit

stdout | src/services/muestra.service.test.ts > PasadaService and MuestraService Integration Tests > MuestraService.registrarMuestra > T-15: registrarMuestra throws when user does not have puedeTomarMuestrasLibres
[90m[query] [39mbegin

stdout | src/services/muestra.service.test.ts > PasadaService and MuestraService Integration Tests > MuestraService.registrarMuestra > T-15: registrarMuestra throws when user does not have puedeTomarMuestrasLibres
[90m[query] [39minsert into "ruta_pasada" ("nombre", "activo") values ('Ruta Alfajor Standard', true) returning "id"[90m [took 2 ms, 1 row affected][39m

stdout | src/services/muestra.service.test.ts > PasadaService and MuestraService Integration Tests > MuestraService.registrarMuestra > T-15: registrarMuestra throws when user does not have puedeTomarMuestrasLibres
[90m[query] [39mcommit

stdout | src/services/muestra.service.test.ts > PasadaService and MuestraService Integration Tests > MuestraService.registrarMuestra > T-15: registrarMuestra throws when user does not have puedeTomarMuestrasLibres
[90m[query] [39mbegin

stdout | src/services/muestra.service.test.ts > PasadaService and MuestraService Integration Tests > MuestraService.registrarMuestra > T-15: registrarMuestra throws when user does not have puedeTomarMuestrasLibres
[90m[query] [39minsert into "linea_produccion" ("nombre", "ruta_pasada_activa_id", "activo") values ('Linea de Envasado 1', 1, true) returning "id"[90m [took 17 ms, 1 row affected][39m

stdout | src/services/muestra.service.test.ts > PasadaService and MuestraService Integration Tests > MuestraService.registrarMuestra > T-15: registrarMuestra throws when user does not have puedeTomarMuestrasLibres
[90m[query] [39mcommit

stdout | src/services/muestra.service.test.ts > PasadaService and MuestraService Integration Tests > MuestraService.registrarMuestra > T-15: registrarMuestra throws when user does not have puedeTomarMuestrasLibres
[90m[query] [39mbegin

stdout | src/services/muestra.service.test.ts > PasadaService and MuestraService Integration Tests > MuestraService.registrarMuestra > T-15: registrarMuestra throws when user does not have puedeTomarMuestrasLibres
[90m[query] [39minsert into "articulo" ("nombre", "descripcion", "activo") values ('Alfajor Triple', 'Alfajor relleno con dulce de leche', true) returning "id"[90m [took 3 ms, 1 row affected][39m

stdout | src/services/muestra.service.test.ts > PasadaService and MuestraService Integration Tests > MuestraService.registrarMuestra > T-15: registrarMuestra throws when user does not have puedeTomarMuestrasLibres
[90m[query] [39mcommit

stdout | src/services/muestra.service.test.ts > PasadaService and MuestraService Integration Tests > MuestraService.registrarMuestra > T-15: registrarMuestra throws when user does not have puedeTomarMuestrasLibres
[90m[query] [39mbegin

stdout | src/services/muestra.service.test.ts > PasadaService and MuestraService Integration Tests > MuestraService.registrarMuestra > T-15: registrarMuestra throws when user does not have puedeTomarMuestrasLibres
[90m[query] [39minsert into "articulo_ruta_pasada" ("articulo_id", "ruta_pasada_id") values (1, 1) returning "id"[90m [took 4 ms, 1 row affected][39m

stdout | src/services/muestra.service.test.ts > PasadaService and MuestraService Integration Tests > MuestraService.registrarMuestra > T-15: registrarMuestra throws when user does not have puedeTomarMuestrasLibres
[90m[query] [39mcommit

stdout | src/services/muestra.service.test.ts > PasadaService and MuestraService Integration Tests > MuestraService.registrarMuestra > T-15: registrarMuestra throws when user does not have puedeTomarMuestrasLibres
[90m[query] [39mbegin

stdout | src/services/muestra.service.test.ts > PasadaService and MuestraService Integration Tests > MuestraService.registrarMuestra > T-15: registrarMuestra throws when user does not have puedeTomarMuestrasLibres
[90m[query] [39minsert into "etapa" ("nombre", "descripcion", "activo") values ('Etapa Relleno', 'Relleno de dulce de leche', true), ('Etapa Cobertura', 'Baño de chocolate chocolate', true) returning "id"[90m [took 2 ms, 2 rows affected][39m

stdout | src/services/muestra.service.test.ts > PasadaService and MuestraService Integration Tests > MuestraService.registrarMuestra > T-15: registrarMuestra throws when user does not have puedeTomarMuestrasLibres
[90m[query] [39mcommit

stdout | src/services/muestra.service.test.ts > PasadaService and MuestraService Integration Tests > MuestraService.registrarMuestra > T-15: registrarMuestra throws when user does not have puedeTomarMuestrasLibres
[90m[query] [39mbegin

stdout | src/services/muestra.service.test.ts > PasadaService and MuestraService Integration Tests > MuestraService.registrarMuestra > T-15: registrarMuestra throws when user does not have puedeTomarMuestrasLibres
[90m[query] [39minsert into "ruta_pasada_etapa" ("ruta_pasada_id", "etapa_id", "orden", "peso_ideal", "peso_minimo", "peso_maximo", "cantidad_muestras_requeridas") values (1, 1, 1, 50, 45, 55, 2), (1, 2, 2, 70, 65, 75, 1) returning "id"[90m [took 5 ms, 2 rows affected][39m

stdout | src/services/muestra.service.test.ts > PasadaService and MuestraService Integration Tests > MuestraService.registrarMuestra > T-15: registrarMuestra throws when user does not have puedeTomarMuestrasLibres
[90m[query] [39mcommit

stdout | src/services/muestra.service.test.ts > PasadaService and MuestraService Integration Tests > MuestraService.registrarMuestra > T-15: registrarMuestra throws when user does not have puedeTomarMuestrasLibres
[90m[query] [39mbegin

stdout | src/services/muestra.service.test.ts > PasadaService and MuestraService Integration Tests > MuestraService.registrarMuestra > T-15: registrarMuestra throws when user does not have puedeTomarMuestrasLibres
[90m[query] [39minsert into "usuario" ("nombre_apellido", "nombre_usuario", "legajo", "pin_hash", "puede_tomar_muestras_libres", "rol", "activo", "es_sistema") values ('Restricted User', 'restricted', 'LEG-002', 'x', false, 'operario', true, false) returning "id"[90m [took 4 ms, 1 row affected][39m

stdout | src/services/muestra.service.test.ts > PasadaService and MuestraService Integration Tests > MuestraService.registrarMuestra > T-15: registrarMuestra throws when user does not have puedeTomarMuestrasLibres
[90m[query] [39mcommit

stdout | src/services/muestra.service.test.ts > PasadaService and MuestraService Integration Tests > MuestraService.registrarMuestra > T-15: registrarMuestra throws when user does not have puedeTomarMuestrasLibres
[90m[query] [39mselect "u0".* from "usuario" as "u0" where "u0"."id" = 2 and "u0"."activo" = true limit 1[90m [took 3 ms, 1 result][39m

stdout | src/services/muestra.service.test.ts > PasadaService and MuestraService Integration Tests > MuestraService.registrarMuestra > T-16: registrarMuestra succeeds for user with puedeTomarMuestrasLibres=true
[90m[query] [39mSELECT table_name FROM information_schema.tables WHERE table_schema = 'public' AND table_type = 'BASE TABLE' AND table_name != 'mikro_orm_migrations'; [90m [took 4 ms, 10 results][39m

stdout | src/services/muestra.service.test.ts > PasadaService and MuestraService Integration Tests > MuestraService.registrarMuestra > T-16: registrarMuestra succeeds for user with puedeTomarMuestrasLibres=true
[90m[query] [39mSET session_replication_role = 'replica';[90m [took 2 ms, 0 results][39m

stdout | src/services/muestra.service.test.ts > PasadaService and MuestraService Integration Tests > MuestraService.registrarMuestra > T-16: registrarMuestra succeeds for user with puedeTomarMuestrasLibres=true
[90m[query] [39mTRUNCATE TABLE "muestra", "ruta_pasada", "articulo_ruta_pasada", "etapa", "usuario", "linea_produccion", "dispositivo", "ruta_pasada_etapa", "pasada", "articulo" RESTART IDENTITY CASCADE;[90m [took 167 ms, 0 results][39m

stdout | src/services/muestra.service.test.ts > PasadaService and MuestraService Integration Tests > MuestraService.registrarMuestra > T-16: registrarMuestra succeeds for user with puedeTomarMuestrasLibres=true
[90m[query] [39mSET session_replication_role = 'origin';[90m [took 2 ms, 0 results][39m

stdout | src/services/muestra.service.test.ts > PasadaService and MuestraService Integration Tests > MuestraService.registrarMuestra > T-16: registrarMuestra succeeds for user with puedeTomarMuestrasLibres=true
[90m[query] [39mbegin

stdout | src/services/muestra.service.test.ts > PasadaService and MuestraService Integration Tests > MuestraService.registrarMuestra > T-16: registrarMuestra succeeds for user with puedeTomarMuestrasLibres=true
[90m[query] [39minsert into "usuario" ("nombre_apellido", "nombre_usuario", "legajo", "pin_hash", "puede_tomar_muestras_libres", "rol", "activo", "es_sistema") values ('Juan Pérez', 'juan.perez', 'LEG-001', 'hash', true, 'operario', true, false) returning "id"[90m [took 3 ms, 1 row affected][39m

stdout | src/services/muestra.service.test.ts > PasadaService and MuestraService Integration Tests > MuestraService.registrarMuestra > T-16: registrarMuestra succeeds for user with puedeTomarMuestrasLibres=true
[90m[query] [39mcommit

stdout | src/services/muestra.service.test.ts > PasadaService and MuestraService Integration Tests > MuestraService.registrarMuestra > T-16: registrarMuestra succeeds for user with puedeTomarMuestrasLibres=true
[90m[query] [39mbegin

stdout | src/services/muestra.service.test.ts > PasadaService and MuestraService Integration Tests > MuestraService.registrarMuestra > T-16: registrarMuestra succeeds for user with puedeTomarMuestrasLibres=true
[90m[query] [39minsert into "ruta_pasada" ("nombre", "activo") values ('Ruta Alfajor Standard', true) returning "id"[90m [took 3 ms, 1 row affected][39m

stdout | src/services/muestra.service.test.ts > PasadaService and MuestraService Integration Tests > MuestraService.registrarMuestra > T-16: registrarMuestra succeeds for user with puedeTomarMuestrasLibres=true
[90m[query] [39mcommit

stdout | src/services/muestra.service.test.ts > PasadaService and MuestraService Integration Tests > MuestraService.registrarMuestra > T-16: registrarMuestra succeeds for user with puedeTomarMuestrasLibres=true
[90m[query] [39mbegin

stdout | src/services/muestra.service.test.ts > PasadaService and MuestraService Integration Tests > MuestraService.registrarMuestra > T-16: registrarMuestra succeeds for user with puedeTomarMuestrasLibres=true
[90m[query] [39minsert into "linea_produccion" ("nombre", "ruta_pasada_activa_id", "activo") values ('Linea de Envasado 1', 1, true) returning "id"[90m [took 8 ms, 1 row affected][39m

stdout | src/services/muestra.service.test.ts > PasadaService and MuestraService Integration Tests > MuestraService.registrarMuestra > T-16: registrarMuestra succeeds for user with puedeTomarMuestrasLibres=true
[90m[query] [39mcommit

stdout | src/services/muestra.service.test.ts > PasadaService and MuestraService Integration Tests > MuestraService.registrarMuestra > T-16: registrarMuestra succeeds for user with puedeTomarMuestrasLibres=true
[90m[query] [39mbegin

stdout | src/services/muestra.service.test.ts > PasadaService and MuestraService Integration Tests > MuestraService.registrarMuestra > T-16: registrarMuestra succeeds for user with puedeTomarMuestrasLibres=true
[90m[query] [39minsert into "articulo" ("nombre", "descripcion", "activo") values ('Alfajor Triple', 'Alfajor relleno con dulce de leche', true) returning "id"[90m [took 5 ms, 1 row affected][39m

stdout | src/services/muestra.service.test.ts > PasadaService and MuestraService Integration Tests > MuestraService.registrarMuestra > T-16: registrarMuestra succeeds for user with puedeTomarMuestrasLibres=true
[90m[query] [39mcommit

stdout | src/services/muestra.service.test.ts > PasadaService and MuestraService Integration Tests > MuestraService.registrarMuestra > T-16: registrarMuestra succeeds for user with puedeTomarMuestrasLibres=true
[90m[query] [39mbegin

stdout | src/services/muestra.service.test.ts > PasadaService and MuestraService Integration Tests > MuestraService.registrarMuestra > T-16: registrarMuestra succeeds for user with puedeTomarMuestrasLibres=true
[90m[query] [39minsert into "articulo_ruta_pasada" ("articulo_id", "ruta_pasada_id") values (1, 1) returning "id"[90m [took 4 ms, 1 row affected][39m

stdout | src/services/muestra.service.test.ts > PasadaService and MuestraService Integration Tests > MuestraService.registrarMuestra > T-16: registrarMuestra succeeds for user with puedeTomarMuestrasLibres=true
[90m[query] [39mcommit

stdout | src/services/muestra.service.test.ts > PasadaService and MuestraService Integration Tests > MuestraService.registrarMuestra > T-16: registrarMuestra succeeds for user with puedeTomarMuestrasLibres=true
[90m[query] [39mbegin

stdout | src/services/muestra.service.test.ts > PasadaService and MuestraService Integration Tests > MuestraService.registrarMuestra > T-16: registrarMuestra succeeds for user with puedeTomarMuestrasLibres=true
[90m[query] [39minsert into "etapa" ("nombre", "descripcion", "activo") values ('Etapa Relleno', 'Relleno de dulce de leche', true), ('Etapa Cobertura', 'Baño de chocolate chocolate', true) returning "id"[90m [took 2 ms, 2 rows affected][39m

stdout | src/services/muestra.service.test.ts > PasadaService and MuestraService Integration Tests > MuestraService.registrarMuestra > T-16: registrarMuestra succeeds for user with puedeTomarMuestrasLibres=true
[90m[query] [39mcommit

stdout | src/services/muestra.service.test.ts > PasadaService and MuestraService Integration Tests > MuestraService.registrarMuestra > T-16: registrarMuestra succeeds for user with puedeTomarMuestrasLibres=true
[90m[query] [39mbegin

stdout | src/services/muestra.service.test.ts > PasadaService and MuestraService Integration Tests > MuestraService.registrarMuestra > T-16: registrarMuestra succeeds for user with puedeTomarMuestrasLibres=true
[90m[query] [39minsert into "ruta_pasada_etapa" ("ruta_pasada_id", "etapa_id", "orden", "peso_ideal", "peso_minimo", "peso_maximo", "cantidad_muestras_requeridas") values (1, 1, 1, 50, 45, 55, 2), (1, 2, 2, 70, 65, 75, 1) returning "id"[90m [took 3 ms, 2 rows affected][39m

stdout | src/services/muestra.service.test.ts > PasadaService and MuestraService Integration Tests > MuestraService.registrarMuestra > T-16: registrarMuestra succeeds for user with puedeTomarMuestrasLibres=true
[90m[query] [39mcommit

stdout | src/services/muestra.service.test.ts > PasadaService and MuestraService Integration Tests > MuestraService.registrarMuestra > T-16: registrarMuestra succeeds for user with puedeTomarMuestrasLibres=true
[90m[query] [39mbegin

stdout | src/services/muestra.service.test.ts > PasadaService and MuestraService Integration Tests > MuestraService.registrarMuestra > T-16: registrarMuestra succeeds for user with puedeTomarMuestrasLibres=true
[90m[query] [39minsert into "usuario" ("nombre_apellido", "nombre_usuario", "legajo", "pin_hash", "puede_tomar_muestras_libres", "rol", "activo", "es_sistema") values ('Free Sample User', 'freesampler', 'LEG-003', 'x', true, 'operario', true, false) returning "id"[90m [took 1 ms, 1 row affected][39m

stdout | src/services/muestra.service.test.ts > PasadaService and MuestraService Integration Tests > MuestraService.registrarMuestra > T-16: registrarMuestra succeeds for user with puedeTomarMuestrasLibres=true
[90m[query] [39mcommit

stdout | src/services/muestra.service.test.ts > PasadaService and MuestraService Integration Tests > MuestraService.registrarMuestra > T-16: registrarMuestra succeeds for user with puedeTomarMuestrasLibres=true
[90m[query] [39mselect "u0".* from "usuario" as "u0" where "u0"."id" = 2 and "u0"."activo" = true limit 1[90m [took 1 ms, 1 result][39m

stdout | src/services/muestra.service.test.ts > PasadaService and MuestraService Integration Tests > MuestraService.registrarMuestra > T-16: registrarMuestra succeeds for user with puedeTomarMuestrasLibres=true
[90m[query] [39mselect "l0".*, "r1"."id" as "r1__id", "r1"."nombre" as "r1__nombre", "r1"."descripcion" as "r1__descripcion", "r1"."activo" as "r1__activo" from "linea_produccion" as "l0" left join "ruta_pasada" as "r1" on "l0"."ruta_pasada_activa_id" = "r1"."id" where "l0"."id" = 1 and "l0"."activo" = true limit 1[90m [took 2 ms, 1 result][39m

stdout | src/services/muestra.service.test.ts > PasadaService and MuestraService Integration Tests > MuestraService.registrarMuestra > T-16: registrarMuestra succeeds for user with puedeTomarMuestrasLibres=true
[90m[query] [39mselect "r0".* from "ruta_pasada_etapa" as "r0" where "r0"."ruta_pasada_id" = 1 and "r0"."etapa_id" = 1 limit 1[90m [took 4 ms, 1 result][39m

stdout | src/services/muestra.service.test.ts > PasadaService and MuestraService Integration Tests > MuestraService.registrarMuestra > T-16: registrarMuestra succeeds for user with puedeTomarMuestrasLibres=true
[90m[query] [39mbegin

stdout | src/services/muestra.service.test.ts > PasadaService and MuestraService Integration Tests > MuestraService.registrarMuestra > T-16: registrarMuestra succeeds for user with puedeTomarMuestrasLibres=true
[90m[query] [39minsert into "muestra" ("usuario_id", "ruta_pasada_id", "etapa_id", "linea_produccion_id", "peso_neto", "estado_validacion", "timestamp") values (2, 1, 1, 1, 50, 'ok', '2026-07-13T14:25:24.080Z') returning "id"[90m [took 6 ms, 1 row affected][39m

stdout | src/services/muestra.service.test.ts > PasadaService and MuestraService Integration Tests > MuestraService.registrarMuestra > T-16: registrarMuestra succeeds for user with puedeTomarMuestrasLibres=true
[90m[query] [39mcommit

stdout | src/services/muestra.service.test.ts > PasadaService and MuestraService Integration Tests > MuestraService.registrarMuestra > should throw when registering a random sample on a line without rutaPasadaActiva
[90m[query] [39mSELECT table_name FROM information_schema.tables WHERE table_schema = 'public' AND table_type = 'BASE TABLE' AND table_name != 'mikro_orm_migrations'; [90m [took 6 ms, 10 results][39m

stdout | src/services/muestra.service.test.ts > PasadaService and MuestraService Integration Tests > MuestraService.registrarMuestra > should throw when registering a random sample on a line without rutaPasadaActiva
[90m[query] [39mSET session_replication_role = 'replica';[90m [took 2 ms, 0 results][39m

stdout | src/services/muestra.service.test.ts > PasadaService and MuestraService Integration Tests > MuestraService.registrarMuestra > should throw when registering a random sample on a line without rutaPasadaActiva
[90m[query] [39mTRUNCATE TABLE "muestra", "ruta_pasada", "articulo_ruta_pasada", "etapa", "usuario", "linea_produccion", "dispositivo", "ruta_pasada_etapa", "pasada", "articulo" RESTART IDENTITY CASCADE;[90m [took 144 ms, 0 results][39m

stdout | src/services/muestra.service.test.ts > PasadaService and MuestraService Integration Tests > MuestraService.registrarMuestra > should throw when registering a random sample on a line without rutaPasadaActiva
[90m[query] [39mSET session_replication_role = 'origin';[90m [took 2 ms, 0 results][39m

stdout | src/services/muestra.service.test.ts > PasadaService and MuestraService Integration Tests > MuestraService.registrarMuestra > should throw when registering a random sample on a line without rutaPasadaActiva
[90m[query] [39mbegin

stdout | src/services/muestra.service.test.ts > PasadaService and MuestraService Integration Tests > MuestraService.registrarMuestra > should throw when registering a random sample on a line without rutaPasadaActiva
[90m[query] [39minsert into "usuario" ("nombre_apellido", "nombre_usuario", "legajo", "pin_hash", "puede_tomar_muestras_libres", "rol", "activo", "es_sistema") values ('Juan Pérez', 'juan.perez', 'LEG-001', 'hash', true, 'operario', true, false) returning "id"[90m [took 2 ms, 1 row affected][39m

stdout | src/services/muestra.service.test.ts > PasadaService and MuestraService Integration Tests > MuestraService.registrarMuestra > should throw when registering a random sample on a line without rutaPasadaActiva
[90m[query] [39mcommit

stdout | src/services/muestra.service.test.ts > PasadaService and MuestraService Integration Tests > MuestraService.registrarMuestra > should throw when registering a random sample on a line without rutaPasadaActiva
[90m[query] [39mbegin

stdout | src/services/muestra.service.test.ts > PasadaService and MuestraService Integration Tests > MuestraService.registrarMuestra > should throw when registering a random sample on a line without rutaPasadaActiva
[90m[query] [39minsert into "ruta_pasada" ("nombre", "activo") values ('Ruta Alfajor Standard', true) returning "id"[90m [took 4 ms, 1 row affected][39m

stdout | src/services/muestra.service.test.ts > PasadaService and MuestraService Integration Tests > MuestraService.registrarMuestra > should throw when registering a random sample on a line without rutaPasadaActiva
[90m[query] [39mcommit

stdout | src/services/muestra.service.test.ts > PasadaService and MuestraService Integration Tests > MuestraService.registrarMuestra > should throw when registering a random sample on a line without rutaPasadaActiva
[90m[query] [39mbegin

stdout | src/services/muestra.service.test.ts > PasadaService and MuestraService Integration Tests > MuestraService.registrarMuestra > should throw when registering a random sample on a line without rutaPasadaActiva
[90m[query] [39minsert into "linea_produccion" ("nombre", "ruta_pasada_activa_id", "activo") values ('Linea de Envasado 1', 1, true) returning "id"[90m [took 5 ms, 1 row affected][39m

stdout | src/services/muestra.service.test.ts > PasadaService and MuestraService Integration Tests > MuestraService.registrarMuestra > should throw when registering a random sample on a line without rutaPasadaActiva
[90m[query] [39mcommit

stdout | src/services/muestra.service.test.ts > PasadaService and MuestraService Integration Tests > MuestraService.registrarMuestra > should throw when registering a random sample on a line without rutaPasadaActiva
[90m[query] [39mbegin

stdout | src/services/muestra.service.test.ts > PasadaService and MuestraService Integration Tests > MuestraService.registrarMuestra > should throw when registering a random sample on a line without rutaPasadaActiva
[90m[query] [39minsert into "articulo" ("nombre", "descripcion", "activo") values ('Alfajor Triple', 'Alfajor relleno con dulce de leche', true) returning "id"[90m [took 7 ms, 1 row affected][39m

stdout | src/services/muestra.service.test.ts > PasadaService and MuestraService Integration Tests > MuestraService.registrarMuestra > should throw when registering a random sample on a line without rutaPasadaActiva
[90m[query] [39mcommit

stdout | src/services/muestra.service.test.ts > PasadaService and MuestraService Integration Tests > MuestraService.registrarMuestra > should throw when registering a random sample on a line without rutaPasadaActiva
[90m[query] [39mbegin

stdout | src/services/muestra.service.test.ts > PasadaService and MuestraService Integration Tests > MuestraService.registrarMuestra > should throw when registering a random sample on a line without rutaPasadaActiva
[90m[query] [39minsert into "articulo_ruta_pasada" ("articulo_id", "ruta_pasada_id") values (1, 1) returning "id"[90m [took 3 ms, 1 row affected][39m

stdout | src/services/muestra.service.test.ts > PasadaService and MuestraService Integration Tests > MuestraService.registrarMuestra > should throw when registering a random sample on a line without rutaPasadaActiva
[90m[query] [39mcommit

stdout | src/services/muestra.service.test.ts > PasadaService and MuestraService Integration Tests > MuestraService.registrarMuestra > should throw when registering a random sample on a line without rutaPasadaActiva
[90m[query] [39mbegin

stdout | src/services/muestra.service.test.ts > PasadaService and MuestraService Integration Tests > MuestraService.registrarMuestra > should throw when registering a random sample on a line without rutaPasadaActiva
[90m[query] [39minsert into "etapa" ("nombre", "descripcion", "activo") values ('Etapa Relleno', 'Relleno de dulce de leche', true), ('Etapa Cobertura', 'Baño de chocolate chocolate', true) returning "id"[90m [took 5 ms, 2 rows affected][39m

stdout | src/services/muestra.service.test.ts > PasadaService and MuestraService Integration Tests > MuestraService.registrarMuestra > should throw when registering a random sample on a line without rutaPasadaActiva
[90m[query] [39mcommit

stdout | src/services/muestra.service.test.ts > PasadaService and MuestraService Integration Tests > MuestraService.registrarMuestra > should throw when registering a random sample on a line without rutaPasadaActiva
[90m[query] [39mbegin

stdout | src/services/muestra.service.test.ts > PasadaService and MuestraService Integration Tests > MuestraService.registrarMuestra > should throw when registering a random sample on a line without rutaPasadaActiva
[90m[query] [39minsert into "ruta_pasada_etapa" ("ruta_pasada_id", "etapa_id", "orden", "peso_ideal", "peso_minimo", "peso_maximo", "cantidad_muestras_requeridas") values (1, 1, 1, 50, 45, 55, 2), (1, 2, 2, 70, 65, 75, 1) returning "id"[90m [took 7 ms, 2 rows affected][39m

stdout | src/services/muestra.service.test.ts > PasadaService and MuestraService Integration Tests > MuestraService.registrarMuestra > should throw when registering a random sample on a line without rutaPasadaActiva
[90m[query] [39mcommit

stdout | src/services/muestra.service.test.ts > PasadaService and MuestraService Integration Tests > MuestraService.registrarMuestra > should throw when registering a random sample on a line without rutaPasadaActiva
[90m[query] [39mbegin

stdout | src/services/muestra.service.test.ts > PasadaService and MuestraService Integration Tests > MuestraService.registrarMuestra > should throw when registering a random sample on a line without rutaPasadaActiva
[90m[query] [39minsert into "linea_produccion" ("nombre", "activo") values ('Linea Sin Ruta Activa', true) returning "id"[90m [took 2 ms, 1 row affected][39m

stdout | src/services/muestra.service.test.ts > PasadaService and MuestraService Integration Tests > MuestraService.registrarMuestra > should throw when registering a random sample on a line without rutaPasadaActiva
[90m[query] [39mcommit

stdout | src/services/muestra.service.test.ts > PasadaService and MuestraService Integration Tests > MuestraService.registrarMuestra > should throw when registering a random sample on a line without rutaPasadaActiva
[90m[query] [39mselect "u0".* from "usuario" as "u0" where "u0"."id" = 1 and "u0"."activo" = true limit 1[90m [took 3 ms, 1 result][39m

stdout | src/services/muestra.service.test.ts > PasadaService and MuestraService Integration Tests > MuestraService.registrarMuestra > should throw when registering a random sample on a line without rutaPasadaActiva
[90m[query] [39mselect "l0".*, "r1"."id" as "r1__id", "r1"."nombre" as "r1__nombre", "r1"."descripcion" as "r1__descripcion", "r1"."activo" as "r1__activo" from "linea_produccion" as "l0" left join "ruta_pasada" as "r1" on "l0"."ruta_pasada_activa_id" = "r1"."id" where "l0"."id" = 2 and "l0"."activo" = true limit 1[90m [took 5 ms, 1 result][39m

stdout | src/services/muestra.service.test.ts > PasadaService and MuestraService Integration Tests > MuestraService.registrarMuestra > should register a random sample successfully when line has active rutaPasada
[90m[query] [39mSELECT table_name FROM information_schema.tables WHERE table_schema = 'public' AND table_type = 'BASE TABLE' AND table_name != 'mikro_orm_migrations'; [90m [took 8 ms, 10 results][39m

stdout | src/services/muestra.service.test.ts > PasadaService and MuestraService Integration Tests > MuestraService.registrarMuestra > should register a random sample successfully when line has active rutaPasada
[90m[query] [39mSET session_replication_role = 'replica';[90m [took 1 ms, 0 results][39m

stdout | src/services/muestra.service.test.ts > PasadaService and MuestraService Integration Tests > MuestraService.registrarMuestra > should register a random sample successfully when line has active rutaPasada
[90m[query] [39mTRUNCATE TABLE "muestra", "ruta_pasada", "articulo_ruta_pasada", "etapa", "usuario", "linea_produccion", "dispositivo", "ruta_pasada_etapa", "pasada", "articulo" RESTART IDENTITY CASCADE;[90m [took 133 ms, 0 results][39m

stdout | src/services/muestra.service.test.ts > PasadaService and MuestraService Integration Tests > MuestraService.registrarMuestra > should register a random sample successfully when line has active rutaPasada
[90m[query] [39mSET session_replication_role = 'origin';[90m [took 4 ms, 0 results][39m

stdout | src/services/muestra.service.test.ts > PasadaService and MuestraService Integration Tests > MuestraService.registrarMuestra > should register a random sample successfully when line has active rutaPasada
[90m[query] [39mbegin

stdout | src/services/muestra.service.test.ts > PasadaService and MuestraService Integration Tests > MuestraService.registrarMuestra > should register a random sample successfully when line has active rutaPasada
[90m[query] [39minsert into "usuario" ("nombre_apellido", "nombre_usuario", "legajo", "pin_hash", "puede_tomar_muestras_libres", "rol", "activo", "es_sistema") values ('Juan Pérez', 'juan.perez', 'LEG-001', 'hash', true, 'operario', true, false) returning "id"[90m [took 4 ms, 1 row affected][39m

stdout | src/services/muestra.service.test.ts > PasadaService and MuestraService Integration Tests > MuestraService.registrarMuestra > should register a random sample successfully when line has active rutaPasada
[90m[query] [39mcommit

stdout | src/services/muestra.service.test.ts > PasadaService and MuestraService Integration Tests > MuestraService.registrarMuestra > should register a random sample successfully when line has active rutaPasada
[90m[query] [39mbegin

stdout | src/services/muestra.service.test.ts > PasadaService and MuestraService Integration Tests > MuestraService.registrarMuestra > should register a random sample successfully when line has active rutaPasada
[90m[query] [39minsert into "ruta_pasada" ("nombre", "activo") values ('Ruta Alfajor Standard', true) returning "id"[90m [took 3 ms, 1 row affected][39m

stdout | src/services/muestra.service.test.ts > PasadaService and MuestraService Integration Tests > MuestraService.registrarMuestra > should register a random sample successfully when line has active rutaPasada
[90m[query] [39mcommit

stdout | src/services/muestra.service.test.ts > PasadaService and MuestraService Integration Tests > MuestraService.registrarMuestra > should register a random sample successfully when line has active rutaPasada
[90m[query] [39mbegin

stdout | src/services/muestra.service.test.ts > PasadaService and MuestraService Integration Tests > MuestraService.registrarMuestra > should register a random sample successfully when line has active rutaPasada
[90m[query] [39minsert into "linea_produccion" ("nombre", "ruta_pasada_activa_id", "activo") values ('Linea de Envasado 1', 1, true) returning "id"[90m [took 9 ms, 1 row affected][39m

stdout | src/services/muestra.service.test.ts > PasadaService and MuestraService Integration Tests > MuestraService.registrarMuestra > should register a random sample successfully when line has active rutaPasada
[90m[query] [39mcommit

stdout | src/services/muestra.service.test.ts > PasadaService and MuestraService Integration Tests > MuestraService.registrarMuestra > should register a random sample successfully when line has active rutaPasada
[90m[query] [39mbegin

stdout | src/services/muestra.service.test.ts > PasadaService and MuestraService Integration Tests > MuestraService.registrarMuestra > should register a random sample successfully when line has active rutaPasada
[90m[query] [39minsert into "articulo" ("nombre", "descripcion", "activo") values ('Alfajor Triple', 'Alfajor relleno con dulce de leche', true) returning "id"[90m [took 3 ms, 1 row affected][39m

stdout | src/services/muestra.service.test.ts > PasadaService and MuestraService Integration Tests > MuestraService.registrarMuestra > should register a random sample successfully when line has active rutaPasada
[90m[query] [39mcommit

stdout | src/services/muestra.service.test.ts > PasadaService and MuestraService Integration Tests > MuestraService.registrarMuestra > should register a random sample successfully when line has active rutaPasada
[90m[query] [39mbegin

stdout | src/services/muestra.service.test.ts > PasadaService and MuestraService Integration Tests > MuestraService.registrarMuestra > should register a random sample successfully when line has active rutaPasada
[90m[query] [39minsert into "articulo_ruta_pasada" ("articulo_id", "ruta_pasada_id") values (1, 1) returning "id"[90m [took 4 ms, 1 row affected][39m

stdout | src/services/muestra.service.test.ts > PasadaService and MuestraService Integration Tests > MuestraService.registrarMuestra > should register a random sample successfully when line has active rutaPasada
[90m[query] [39mcommit

stdout | src/services/muestra.service.test.ts > PasadaService and MuestraService Integration Tests > MuestraService.registrarMuestra > should register a random sample successfully when line has active rutaPasada
[90m[query] [39mbegin

stdout | src/services/muestra.service.test.ts > PasadaService and MuestraService Integration Tests > MuestraService.registrarMuestra > should register a random sample successfully when line has active rutaPasada
[90m[query] [39minsert into "etapa" ("nombre", "descripcion", "activo") values ('Etapa Relleno', 'Relleno de dulce de leche', true), ('Etapa Cobertura', 'Baño de chocolate chocolate', true) returning "id"[90m [took 14 ms, 2 rows affected][39m

stdout | src/services/muestra.service.test.ts > PasadaService and MuestraService Integration Tests > MuestraService.registrarMuestra > should register a random sample successfully when line has active rutaPasada
[90m[query] [39mcommit

stdout | src/services/muestra.service.test.ts > PasadaService and MuestraService Integration Tests > MuestraService.registrarMuestra > should register a random sample successfully when line has active rutaPasada
[90m[query] [39mbegin

stdout | src/services/muestra.service.test.ts > PasadaService and MuestraService Integration Tests > MuestraService.registrarMuestra > should register a random sample successfully when line has active rutaPasada
[90m[query] [39minsert into "ruta_pasada_etapa" ("ruta_pasada_id", "etapa_id", "orden", "peso_ideal", "peso_minimo", "peso_maximo", "cantidad_muestras_requeridas") values (1, 1, 1, 50, 45, 55, 2), (1, 2, 2, 70, 65, 75, 1) returning "id"[90m [took 5 ms, 2 rows affected][39m

stdout | src/services/muestra.service.test.ts > PasadaService and MuestraService Integration Tests > MuestraService.registrarMuestra > should register a random sample successfully when line has active rutaPasada
[90m[query] [39mcommit

stdout | src/services/muestra.service.test.ts > PasadaService and MuestraService Integration Tests > MuestraService.registrarMuestra > should register a random sample successfully when line has active rutaPasada
[90m[query] [39mselect "u0".* from "usuario" as "u0" where "u0"."id" = 1 and "u0"."activo" = true limit 1[90m [took 2 ms, 1 result][39m

stdout | src/services/muestra.service.test.ts > PasadaService and MuestraService Integration Tests > MuestraService.registrarMuestra > should register a random sample successfully when line has active rutaPasada
[90m[query] [39mselect "l0".*, "r1"."id" as "r1__id", "r1"."nombre" as "r1__nombre", "r1"."descripcion" as "r1__descripcion", "r1"."activo" as "r1__activo" from "linea_produccion" as "l0" left join "ruta_pasada" as "r1" on "l0"."ruta_pasada_activa_id" = "r1"."id" where "l0"."id" = 1 and "l0"."activo" = true limit 1[90m [took 2 ms, 1 result][39m

stdout | src/services/muestra.service.test.ts > PasadaService and MuestraService Integration Tests > MuestraService.registrarMuestra > should register a random sample successfully when line has active rutaPasada
[90m[query] [39mselect "r0".* from "ruta_pasada_etapa" as "r0" where "r0"."ruta_pasada_id" = 1 and "r0"."etapa_id" = 1 limit 1[90m [took 2 ms, 1 result][39m

stdout | src/services/muestra.service.test.ts > PasadaService and MuestraService Integration Tests > MuestraService.registrarMuestra > should register a random sample successfully when line has active rutaPasada
[90m[query] [39mbegin

stdout | src/services/muestra.service.test.ts > PasadaService and MuestraService Integration Tests > MuestraService.registrarMuestra > should register a random sample successfully when line has active rutaPasada
[90m[query] [39minsert into "muestra" ("usuario_id", "ruta_pasada_id", "etapa_id", "linea_produccion_id", "peso_neto", "estado_validacion", "timestamp") values (1, 1, 1, 1, 50, 'ok', '2026-07-13T14:25:24.700Z') returning "id"[90m [took 4 ms, 1 row affected][39m

stdout | src/services/muestra.service.test.ts > PasadaService and MuestraService Integration Tests > MuestraService.registrarMuestra > should register a random sample successfully when line has active rutaPasada
[90m[query] [39mcommit

stdout | src/services/muestra.service.test.ts > PasadaService and MuestraService Integration Tests > REQ-13 and REQ-15: activo filtering regressions > T-10: registrarMuestra succeeds at stage 2 when stage 1 RutaPasadaEtapa is hard-deleted
[90m[query] [39mSELECT table_name FROM information_schema.tables WHERE table_schema = 'public' AND table_type = 'BASE TABLE' AND table_name != 'mikro_orm_migrations'; [90m [took 4 ms, 10 results][39m

stdout | src/services/muestra.service.test.ts > PasadaService and MuestraService Integration Tests > REQ-13 and REQ-15: activo filtering regressions > T-10: registrarMuestra succeeds at stage 2 when stage 1 RutaPasadaEtapa is hard-deleted
[90m[query] [39mSET session_replication_role = 'replica';[90m [took 3 ms, 0 results][39m

stdout | src/services/muestra.service.test.ts > PasadaService and MuestraService Integration Tests > REQ-13 and REQ-15: activo filtering regressions > T-10: registrarMuestra succeeds at stage 2 when stage 1 RutaPasadaEtapa is hard-deleted
[90m[query] [39mTRUNCATE TABLE "muestra", "ruta_pasada", "articulo_ruta_pasada", "etapa", "usuario", "linea_produccion", "dispositivo", "ruta_pasada_etapa", "pasada", "articulo" RESTART IDENTITY CASCADE;[90m [took 180 ms, 0 results][39m

stdout | src/services/muestra.service.test.ts > PasadaService and MuestraService Integration Tests > REQ-13 and REQ-15: activo filtering regressions > T-10: registrarMuestra succeeds at stage 2 when stage 1 RutaPasadaEtapa is hard-deleted
[90m[query] [39mSET session_replication_role = 'origin';[90m [took 5 ms, 0 results][39m

stdout | src/services/muestra.service.test.ts > PasadaService and MuestraService Integration Tests > REQ-13 and REQ-15: activo filtering regressions > T-10: registrarMuestra succeeds at stage 2 when stage 1 RutaPasadaEtapa is hard-deleted
[90m[query] [39mbegin

stdout | src/services/muestra.service.test.ts > PasadaService and MuestraService Integration Tests > REQ-13 and REQ-15: activo filtering regressions > T-10: registrarMuestra succeeds at stage 2 when stage 1 RutaPasadaEtapa is hard-deleted
[90m[query] [39minsert into "usuario" ("nombre_apellido", "nombre_usuario", "legajo", "pin_hash", "puede_tomar_muestras_libres", "rol", "activo", "es_sistema") values ('Juan Pérez', 'juan.perez', 'LEG-001', 'hash', true, 'operario', true, false) returning "id"[90m [took 3 ms, 1 row affected][39m

stdout | src/services/muestra.service.test.ts > PasadaService and MuestraService Integration Tests > REQ-13 and REQ-15: activo filtering regressions > T-10: registrarMuestra succeeds at stage 2 when stage 1 RutaPasadaEtapa is hard-deleted
[90m[query] [39mcommit

stdout | src/services/muestra.service.test.ts > PasadaService and MuestraService Integration Tests > REQ-13 and REQ-15: activo filtering regressions > T-10: registrarMuestra succeeds at stage 2 when stage 1 RutaPasadaEtapa is hard-deleted
[90m[query] [39mbegin

stdout | src/services/muestra.service.test.ts > PasadaService and MuestraService Integration Tests > REQ-13 and REQ-15: activo filtering regressions > T-10: registrarMuestra succeeds at stage 2 when stage 1 RutaPasadaEtapa is hard-deleted
[90m[query] [39minsert into "ruta_pasada" ("nombre", "activo") values ('Ruta Alfajor Standard', true) returning "id"[90m [took 3 ms, 1 row affected][39m

stdout | src/services/muestra.service.test.ts > PasadaService and MuestraService Integration Tests > REQ-13 and REQ-15: activo filtering regressions > T-10: registrarMuestra succeeds at stage 2 when stage 1 RutaPasadaEtapa is hard-deleted
[90m[query] [39mcommit

stdout | src/services/muestra.service.test.ts > PasadaService and MuestraService Integration Tests > REQ-13 and REQ-15: activo filtering regressions > T-10: registrarMuestra succeeds at stage 2 when stage 1 RutaPasadaEtapa is hard-deleted
[90m[query] [39mbegin

stdout | src/services/muestra.service.test.ts > PasadaService and MuestraService Integration Tests > REQ-13 and REQ-15: activo filtering regressions > T-10: registrarMuestra succeeds at stage 2 when stage 1 RutaPasadaEtapa is hard-deleted
[90m[query] [39minsert into "linea_produccion" ("nombre", "ruta_pasada_activa_id", "activo") values ('Linea de Envasado 1', 1, true) returning "id"[90m [took 6 ms, 1 row affected][39m

stdout | src/services/muestra.service.test.ts > PasadaService and MuestraService Integration Tests > REQ-13 and REQ-15: activo filtering regressions > T-10: registrarMuestra succeeds at stage 2 when stage 1 RutaPasadaEtapa is hard-deleted
[90m[query] [39mcommit

stdout | src/services/muestra.service.test.ts > PasadaService and MuestraService Integration Tests > REQ-13 and REQ-15: activo filtering regressions > T-10: registrarMuestra succeeds at stage 2 when stage 1 RutaPasadaEtapa is hard-deleted
[90m[query] [39mbegin

stdout | src/services/muestra.service.test.ts > PasadaService and MuestraService Integration Tests > REQ-13 and REQ-15: activo filtering regressions > T-10: registrarMuestra succeeds at stage 2 when stage 1 RutaPasadaEtapa is hard-deleted
[90m[query] [39minsert into "articulo" ("nombre", "descripcion", "activo") values ('Alfajor Triple', 'Alfajor relleno con dulce de leche', true) returning "id"[90m [took 3 ms, 1 row affected][39m

stdout | src/services/muestra.service.test.ts > PasadaService and MuestraService Integration Tests > REQ-13 and REQ-15: activo filtering regressions > T-10: registrarMuestra succeeds at stage 2 when stage 1 RutaPasadaEtapa is hard-deleted
[90m[query] [39mcommit

stdout | src/services/muestra.service.test.ts > PasadaService and MuestraService Integration Tests > REQ-13 and REQ-15: activo filtering regressions > T-10: registrarMuestra succeeds at stage 2 when stage 1 RutaPasadaEtapa is hard-deleted
[90m[query] [39mbegin

stdout | src/services/muestra.service.test.ts > PasadaService and MuestraService Integration Tests > REQ-13 and REQ-15: activo filtering regressions > T-10: registrarMuestra succeeds at stage 2 when stage 1 RutaPasadaEtapa is hard-deleted
[90m[query] [39minsert into "articulo_ruta_pasada" ("articulo_id", "ruta_pasada_id") values (1, 1) returning "id"[90m [took 5 ms, 1 row affected][39m

stdout | src/services/muestra.service.test.ts > PasadaService and MuestraService Integration Tests > REQ-13 and REQ-15: activo filtering regressions > T-10: registrarMuestra succeeds at stage 2 when stage 1 RutaPasadaEtapa is hard-deleted
[90m[query] [39mcommit

stdout | src/services/muestra.service.test.ts > PasadaService and MuestraService Integration Tests > REQ-13 and REQ-15: activo filtering regressions > T-10: registrarMuestra succeeds at stage 2 when stage 1 RutaPasadaEtapa is hard-deleted
[90m[query] [39mbegin

stdout | src/services/muestra.service.test.ts > PasadaService and MuestraService Integration Tests > REQ-13 and REQ-15: activo filtering regressions > T-10: registrarMuestra succeeds at stage 2 when stage 1 RutaPasadaEtapa is hard-deleted
[90m[query] [39minsert into "etapa" ("nombre", "descripcion", "activo") values ('Etapa Relleno', 'Relleno de dulce de leche', true), ('Etapa Cobertura', 'Baño de chocolate chocolate', true) returning "id"[90m [took 5 ms, 2 rows affected][39m

stdout | src/services/muestra.service.test.ts > PasadaService and MuestraService Integration Tests > REQ-13 and REQ-15: activo filtering regressions > T-10: registrarMuestra succeeds at stage 2 when stage 1 RutaPasadaEtapa is hard-deleted
[90m[query] [39mcommit

stdout | src/services/muestra.service.test.ts > PasadaService and MuestraService Integration Tests > REQ-13 and REQ-15: activo filtering regressions > T-10: registrarMuestra succeeds at stage 2 when stage 1 RutaPasadaEtapa is hard-deleted
[90m[query] [39mbegin

stdout | src/services/muestra.service.test.ts > PasadaService and MuestraService Integration Tests > REQ-13 and REQ-15: activo filtering regressions > T-10: registrarMuestra succeeds at stage 2 when stage 1 RutaPasadaEtapa is hard-deleted
[90m[query] [39minsert into "ruta_pasada_etapa" ("ruta_pasada_id", "etapa_id", "orden", "peso_ideal", "peso_minimo", "peso_maximo", "cantidad_muestras_requeridas") values (1, 1, 1, 50, 45, 55, 2), (1, 2, 2, 70, 65, 75, 1) returning "id"[90m [took 5 ms, 2 rows affected][39m

stdout | src/services/muestra.service.test.ts > PasadaService and MuestraService Integration Tests > REQ-13 and REQ-15: activo filtering regressions > T-10: registrarMuestra succeeds at stage 2 when stage 1 RutaPasadaEtapa is hard-deleted
[90m[query] [39mcommit

stdout | src/services/muestra.service.test.ts > PasadaService and MuestraService Integration Tests > REQ-13 and REQ-15: activo filtering regressions > T-10: registrarMuestra succeeds at stage 2 when stage 1 RutaPasadaEtapa is hard-deleted
[90m[query] [39mselect "r0".* from "ruta_pasada_etapa" as "r0" where "r0"."id" = 1 limit 1[90m [took 2 ms, 1 result][39m

stdout | src/services/muestra.service.test.ts > PasadaService and MuestraService Integration Tests > REQ-13 and REQ-15: activo filtering regressions > T-10: registrarMuestra succeeds at stage 2 when stage 1 RutaPasadaEtapa is hard-deleted
[90m[query] [39mbegin

stdout | src/services/muestra.service.test.ts > PasadaService and MuestraService Integration Tests > REQ-13 and REQ-15: activo filtering regressions > T-10: registrarMuestra succeeds at stage 2 when stage 1 RutaPasadaEtapa is hard-deleted
[90m[query] [39mdelete from "ruta_pasada_etapa" where "id" in (1)[90m [took 2 ms, 1 row affected][39m

stdout | src/services/muestra.service.test.ts > PasadaService and MuestraService Integration Tests > REQ-13 and REQ-15: activo filtering regressions > T-10: registrarMuestra succeeds at stage 2 when stage 1 RutaPasadaEtapa is hard-deleted
[90m[query] [39mcommit

stdout | src/services/muestra.service.test.ts > PasadaService and MuestraService Integration Tests > REQ-13 and REQ-15: activo filtering regressions > T-10: registrarMuestra succeeds at stage 2 when stage 1 RutaPasadaEtapa is hard-deleted
[90m[query] [39mbegin

stdout | src/services/muestra.service.test.ts > PasadaService and MuestraService Integration Tests > REQ-13 and REQ-15: activo filtering regressions > T-10: registrarMuestra succeeds at stage 2 when stage 1 RutaPasadaEtapa is hard-deleted
[90m[query] [39mselect "l0".*, "r1"."id" as "r1__id", "r1"."nombre" as "r1__nombre", "r1"."descripcion" as "r1__descripcion", "r1"."activo" as "r1__activo" from "linea_produccion" as "l0" left join "ruta_pasada" as "r1" on "l0"."ruta_pasada_activa_id" = "r1"."id" where "l0"."id" = 1 limit 1 for update of "l0"[90m [took 2 ms, 1 result][39m

stdout | src/services/muestra.service.test.ts > PasadaService and MuestraService Integration Tests > REQ-13 and REQ-15: activo filtering regressions > T-10: registrarMuestra succeeds at stage 2 when stage 1 RutaPasadaEtapa is hard-deleted
[90m[query] [39mselect count(*) as "count" from "articulo_ruta_pasada" as "a0" where "a0"."ruta_pasada_id" = 1 and "a0"."articulo_id" = 1[90m [took 4 ms][39m

stdout | src/services/muestra.service.test.ts > PasadaService and MuestraService Integration Tests > REQ-13 and REQ-15: activo filtering regressions > T-10: registrarMuestra succeeds at stage 2 when stage 1 RutaPasadaEtapa is hard-deleted
[90m[query] [39mselect "p0".* from "pasada" as "p0" where "p0"."linea_produccion_id" = 1 and "p0"."articulo_id" = 1 order by "p0"."numero" desc limit 1[90m [took 2 ms, 0 results][39m

stdout | src/services/muestra.service.test.ts > PasadaService and MuestraService Integration Tests > REQ-13 and REQ-15: activo filtering regressions > T-10: registrarMuestra succeeds at stage 2 when stage 1 RutaPasadaEtapa is hard-deleted
[90m[query] [39minsert into "pasada" ("linea_produccion_id", "ruta_pasada_id", "articulo_id", "usuario_id", "numero", "estado", "hora_inicio", "activo") values (1, 1, 1, 1, 1, 'en_curso', '2026-07-13T14:25:25.130Z', true) returning "id"[90m [took 8 ms, 1 row affected][39m

stdout | src/services/muestra.service.test.ts > PasadaService and MuestraService Integration Tests > REQ-13 and REQ-15: activo filtering regressions > T-10: registrarMuestra succeeds at stage 2 when stage 1 RutaPasadaEtapa is hard-deleted
[90m[query] [39mcommit

stdout | src/services/muestra.service.test.ts > PasadaService and MuestraService Integration Tests > REQ-13 and REQ-15: activo filtering regressions > T-10: registrarMuestra succeeds at stage 2 when stage 1 RutaPasadaEtapa is hard-deleted
[90m[query] [39mselect "p0".*, "r1"."id" as "r1__id", "r1"."nombre" as "r1__nombre", "r1"."descripcion" as "r1__descripcion", "r1"."activo" as "r1__activo", "u2"."id" as "u2__id", "u2"."nombre_apellido" as "u2__nombre_apellido", "u2"."nombre_usuario" as "u2__nombre_usuario", "u2"."legajo" as "u2__legajo", "u2"."pin_hash" as "u2__pin_hash", "u2"."puede_tomar_muestras_libres" as "u2__puede_tomar_muestras_libres", "u2"."rol" as "u2__rol", "u2"."activo" as "u2__activo", "u2"."datos_adicionales" as "u2__datos_adicionales", "u2"."es_sistema" as "u2__es_sistema" from "pasada" as "p0" inner join "ruta_pasada" as "r1" on "p0"."ruta_pasada_id" = "r1"."id" inner join "usuario" as "u2" on "p0"."usuario_id" = "u2"."id" where "p0"."id" = 1 limit 1[90m [took 5 ms, 1 result][39m

stdout | src/services/muestra.service.test.ts > PasadaService and MuestraService Integration Tests > REQ-13 and REQ-15: activo filtering regressions > T-10: registrarMuestra succeeds at stage 2 when stage 1 RutaPasadaEtapa is hard-deleted
[90m[query] [39mselect "r0".* from "ruta_pasada_etapa" as "r0" where "r0"."ruta_pasada_id" = 1 and "r0"."etapa_id" = 2 limit 1[90m [took 3 ms, 1 result][39m

stdout | src/services/muestra.service.test.ts > PasadaService and MuestraService Integration Tests > REQ-13 and REQ-15: activo filtering regressions > T-10: registrarMuestra succeeds at stage 2 when stage 1 RutaPasadaEtapa is hard-deleted
[90m[query] [39mselect "r0".* from "ruta_pasada_etapa" as "r0" where "r0"."ruta_pasada_id" = 1 order by "r0"."orden" asc[90m [took 2 ms, 1 result][39m

stdout | src/services/muestra.service.test.ts > PasadaService and MuestraService Integration Tests > REQ-13 and REQ-15: activo filtering regressions > T-10: registrarMuestra succeeds at stage 2 when stage 1 RutaPasadaEtapa is hard-deleted
[90m[query] [39mbegin

stdout | src/services/muestra.service.test.ts > PasadaService and MuestraService Integration Tests > REQ-13 and REQ-15: activo filtering regressions > T-10: registrarMuestra succeeds at stage 2 when stage 1 RutaPasadaEtapa is hard-deleted
[90m[query] [39minsert into "muestra" ("pasada_id", "usuario_id", "ruta_pasada_id", "articulo_id", "etapa_id", "linea_produccion_id", "peso_neto", "estado_validacion", "timestamp") values (1, 1, 1, 1, 2, 1, 70, 'ok', '2026-07-13T14:25:25.183Z') returning "id"[90m [took 5 ms, 1 row affected][39m

stdout | src/services/muestra.service.test.ts > PasadaService and MuestraService Integration Tests > REQ-13 and REQ-15: activo filtering regressions > T-10: registrarMuestra succeeds at stage 2 when stage 1 RutaPasadaEtapa is hard-deleted
[90m[query] [39mcommit

stdout | src/services/muestra.service.test.ts > PasadaService and MuestraService Integration Tests > REQ-13 and REQ-15: activo filtering regressions > T-11: hard-deleted samples do not count toward stage completion
[90m[query] [39mSELECT table_name FROM information_schema.tables WHERE table_schema = 'public' AND table_type = 'BASE TABLE' AND table_name != 'mikro_orm_migrations'; [90m [took 9 ms, 10 results][39m

stdout | src/services/muestra.service.test.ts > PasadaService and MuestraService Integration Tests > REQ-13 and REQ-15: activo filtering regressions > T-11: hard-deleted samples do not count toward stage completion
[90m[query] [39mSET session_replication_role = 'replica';[90m [took 2 ms, 0 results][39m

stdout | src/services/muestra.service.test.ts > PasadaService and MuestraService Integration Tests > REQ-13 and REQ-15: activo filtering regressions > T-11: hard-deleted samples do not count toward stage completion
[90m[query] [39mTRUNCATE TABLE "muestra", "ruta_pasada", "articulo_ruta_pasada", "etapa", "usuario", "linea_produccion", "dispositivo", "ruta_pasada_etapa", "pasada", "articulo" RESTART IDENTITY CASCADE;[90m [took 134 ms, 0 results][39m

stdout | src/services/muestra.service.test.ts > PasadaService and MuestraService Integration Tests > REQ-13 and REQ-15: activo filtering regressions > T-11: hard-deleted samples do not count toward stage completion
[90m[query] [39mSET session_replication_role = 'origin';[90m [took 2 ms, 0 results][39m

stdout | src/services/muestra.service.test.ts > PasadaService and MuestraService Integration Tests > REQ-13 and REQ-15: activo filtering regressions > T-11: hard-deleted samples do not count toward stage completion
[90m[query] [39mbegin

stdout | src/services/muestra.service.test.ts > PasadaService and MuestraService Integration Tests > REQ-13 and REQ-15: activo filtering regressions > T-11: hard-deleted samples do not count toward stage completion
[90m[query] [39minsert into "usuario" ("nombre_apellido", "nombre_usuario", "legajo", "pin_hash", "puede_tomar_muestras_libres", "rol", "activo", "es_sistema") values ('Juan Pérez', 'juan.perez', 'LEG-001', 'hash', true, 'operario', true, false) returning "id"[90m [took 3 ms, 1 row affected][39m

stdout | src/services/muestra.service.test.ts > PasadaService and MuestraService Integration Tests > REQ-13 and REQ-15: activo filtering regressions > T-11: hard-deleted samples do not count toward stage completion
[90m[query] [39mcommit

stdout | src/services/muestra.service.test.ts > PasadaService and MuestraService Integration Tests > REQ-13 and REQ-15: activo filtering regressions > T-11: hard-deleted samples do not count toward stage completion
[90m[query] [39mbegin

stdout | src/services/muestra.service.test.ts > PasadaService and MuestraService Integration Tests > REQ-13 and REQ-15: activo filtering regressions > T-11: hard-deleted samples do not count toward stage completion
[90m[query] [39m[31minsert into "ruta_pasada" ("nombre", "activo") values ('Ruta Alfajor Standard', true) returning "id"[90m [took 106 ms][39m[39m

stdout | src/services/muestra.service.test.ts > PasadaService and MuestraService Integration Tests > REQ-13 and REQ-15: activo filtering regressions > T-11: hard-deleted samples do not count toward stage completion
[90m[query] [39mrollback

stdout | src/services/muestra.service.test.ts > PasadaService and MuestraService Integration Tests > Deletes and Updates Restrictions on Completed Records > should reject updates and soft-deletes of completed Pasadas and Muestras
[90m[query] [39mSELECT table_name FROM information_schema.tables WHERE table_schema = 'public' AND table_type = 'BASE TABLE' AND table_name != 'mikro_orm_migrations'; [90m [took 5 ms, 0 results][39m

stdout | src/services/muestra.service.test.ts > PasadaService and MuestraService Integration Tests > Deletes and Updates Restrictions on Completed Records > should reject updates and soft-deletes of completed Pasadas and Muestras
[90m[query] [39mbegin

stdout | src/services/muestra.service.test.ts > PasadaService and MuestraService Integration Tests > Deletes and Updates Restrictions on Completed Records > should reject updates and soft-deletes of completed Pasadas and Muestras
[90m[query] [39m[31minsert into "usuario" ("nombre_apellido", "nombre_usuario", "legajo", "pin_hash", "puede_tomar_muestras_libres", "rol", "activo", "es_sistema") values ('Juan Pérez', 'juan.perez', 'LEG-001', 'hash', true, 'operario', true, false) returning "id"[90m [took 11 ms][39m[39m

stdout | src/services/muestra.service.test.ts > PasadaService and MuestraService Integration Tests > Deletes and Updates Restrictions on Completed Records > should reject updates and soft-deletes of completed Pasadas and Muestras
[90m[query] [39mrollback

stdout | src/services/muestra.service.test.ts > PasadaService and MuestraService Integration Tests > Deletes and Updates Restrictions on Completed Records > should successfully abort a pasada and reject subsequent operations
[90m[query] [39mSELECT table_name FROM information_schema.tables WHERE table_schema = 'public' AND table_type = 'BASE TABLE' AND table_name != 'mikro_orm_migrations'; [90m [took 6 ms, 2 results][39m

stdout | src/services/muestra.service.test.ts > PasadaService and MuestraService Integration Tests > Deletes and Updates Restrictions on Completed Records > should successfully abort a pasada and reject subsequent operations
[90m[query] [39mSET session_replication_role = 'replica';[90m [took 2 ms, 0 results][39m

stdout | src/services/muestra.service.test.ts > PasadaService and MuestraService Integration Tests > Deletes and Updates Restrictions on Completed Records > should successfully abort a pasada and reject subsequent operations
[90m[query] [39mTRUNCATE TABLE "articulo", "dispositivo" RESTART IDENTITY CASCADE;[90m [took 48 ms, 0 results][39m

stdout | src/services/muestra.service.test.ts > PasadaService and MuestraService Integration Tests > Deletes and Updates Restrictions on Completed Records > should successfully abort a pasada and reject subsequent operations
[90m[query] [39mSET session_replication_role = 'origin';[90m [took 1 ms, 0 results][39m

stdout | src/services/muestra.service.test.ts > PasadaService and MuestraService Integration Tests > Deletes and Updates Restrictions on Completed Records > should successfully abort a pasada and reject subsequent operations
[90m[query] [39mbegin

stdout | src/services/muestra.service.test.ts > PasadaService and MuestraService Integration Tests > Deletes and Updates Restrictions on Completed Records > should successfully abort a pasada and reject subsequent operations
[90m[query] [39m[31minsert into "usuario" ("nombre_apellido", "nombre_usuario", "legajo", "pin_hash", "puede_tomar_muestras_libres", "rol", "activo", "es_sistema") values ('Juan Pérez', 'juan.perez', 'LEG-001', 'hash', true, 'operario', true, false) returning "id"[90m [took 4 ms][39m[39m

stdout | src/services/muestra.service.test.ts > PasadaService and MuestraService Integration Tests > Deletes and Updates Restrictions on Completed Records > should successfully abort a pasada and reject subsequent operations
[90m[query] [39mrollback

 ❯ src/services/muestra.service.test.ts (11 tests | 3 failed) 4993ms
       ✓ should validate sample range correctly  791ms
       ✓ should reject registration of subsequent stages if preceding stages are incomplete  475ms
       ✓ should progress through stages and complete the Pasada on the last sample  525ms
       ✓ T-15: registrarMuestra throws when user does not have puedeTomarMuestrasLibres  397ms
       ✓ T-16: registrarMuestra succeeds for user with puedeTomarMuestrasLibres=true  347ms
       ✓ should throw when registering a random sample on a line without rutaPasadaActiva 275ms
       ✓ should register a random sample successfully when line has active rutaPasada  342ms
       ✓ T-10: registrarMuestra succeeds at stage 2 when stage 1 RutaPasadaEtapa is hard-deleted  478ms
       × T-11: hard-deleted samples do not count toward stage completion 326ms
       × should reject updates and soft-deletes of completed Pasadas and Muestras 36ms
       × should successfully abort a pasada and reject subsequent operations 73ms
 ❯ src/routes/lineas-produccion.routes.test.ts (7 tests | 2 failed) 198ms
     ✓ assigns hardwareId to the línea and returns a DTO with nested dispositivo (no prior holder) 101ms
     × rejects reassignment of hardwareId from línea A to línea B with 400 32ms
     ✓ returns 400 when hardwareId is not a valid UUID 26ms
     ✓ returns 404 when the línea does not exist 6ms
     ✓ returns 403 when the caller is not jefe/admin 7ms
       ✓ calls disconnectDeviceByHardwareId with the reassigned hardwareId on success 8ms
       × still returns 200 with the updated línea when the disconnect helper throws 6ms
 ✓ src/api.test.ts (89 tests) 2563ms
     ✓ POST /api/auth/login returns JWT on valid credentials  319ms
     ✓ POST /api/auth/login returns 401 on wrong pin  354ms
     ✓ POST /api/auth/login rate-limits after 5 failures and resets on success  1183ms
stdout | src/services/pasada.service.test.ts
◇ injected env (8) from .env // tip: ⌘ suppress logs { quiet: true }

stdout | src/services/pasada.service.test.ts > PasadaService Tests
[90m[info] [39mMikroORM version: [32m7.1.1[39m
[90m[discovery] [39mORM entity discovery started
[90m[discovery] [39m- processing entity [36mUsuario[39m[90m (/home/gtr/work/maciasoft/Controlador Pesaje/codigo/backend/src/models/Usuario.ts)[39m
[90m[discovery] [39m- processing entity [36mLineaProduccion[39m[90m (/home/gtr/work/maciasoft/Controlador Pesaje/codigo/backend/src/models/LineaProduccion.ts)[39m
[90m[discovery] [39m- processing entity [36mArticulo[39m[90m (/home/gtr/work/maciasoft/Controlador Pesaje/codigo/backend/src/models/Articulo.ts)[39m
[90m[discovery] [39m- processing entity [36mEtapa[39m[90m (/home/gtr/work/maciasoft/Controlador Pesaje/codigo/backend/src/models/Etapa.ts)[39m
[90m[discovery] [39m- processing entity [36mRutaPasada[39m[90m (/home/gtr/work/maciasoft/Controlador Pesaje/codigo/backend/src/models/RutaPasada.ts)[39m
[90m[discovery] [39m- processing entity [36mRutaPasadaEtapa[39m[90m (/home/gtr/work/maciasoft/Controlador Pesaje/codigo/backend/src/models/RutaPasadaEtapa.ts)[39m
[90m[discovery] [39m- processing entity [36mPasada[39m[90m (/home/gtr/work/maciasoft/Controlador Pesaje/codigo/backend/src/models/Pasada.ts)[39m
[90m[discovery] [39m- processing entity [36mMuestra[39m[90m (/home/gtr/work/maciasoft/Controlador Pesaje/codigo/backend/src/models/Muestra.ts)[39m
[90m[discovery] [39m- processing entity [36mArticuloRutaPasada[39m[90m (/home/gtr/work/maciasoft/Controlador Pesaje/codigo/backend/src/models/ArticuloRutaPasada.ts)[39m
[90m[discovery] [39m- processing entity [36mDispositivo[39m[90m (/home/gtr/work/maciasoft/Controlador Pesaje/codigo/backend/src/models/Dispositivo.ts)[39m

stdout | src/services/pasada.service.test.ts > PasadaService Tests
[90m[discovery] [39m- entity discovery finished, found [32m10[39m entities, took [32m79 ms[39m

stdout | src/services/pasada.service.test.ts > PasadaService Tests
[90m[query] [39mselect 1 from pg_database where datname = 'control_pesaje_test'[90m [took 185 ms, 1 result][39m

stdout | src/services/pasada.service.test.ts > PasadaService Tests
[90m[query] [39mselect table_name, table_schema as schema_name, (select pg_catalog.obj_description(c.oid) from pg_catalog.pg_class c where c.oid = (select ('"' || table_schema || '"."' || table_name || '"')::regclass::oid) and c.relname = table_name) as table_comment from information_schema.tables t where "table_schema" not like 'pg_%' and "table_schema" not like 'crdb_%' and "table_schema" not like '_timescaledb_%' and "table_schema" not in ('information_schema', 'tiger', 'topology') and table_name != 'geometry_columns' and table_name != 'spatial_ref_sys' and table_type != 'VIEW' and not exists (select 1 from pg_inherits i join pg_class c on c.oid = i.inhrelid join pg_namespace n on n.oid = c.relnamespace where c.relname = t.table_name and n.nspname = t.table_schema) order by table_name[90m [took 39 ms, 10 results][39m

stdout | src/services/pasada.service.test.ts > PasadaService Tests
[90m[query] [39mselect t.typname as enum_name, n.nspname as schema_name, array_agg(e.enumlabel order by e.enumsortorder) as enum_value from pg_type t join pg_enum e on t.oid = e.enumtypid join pg_catalog.pg_namespace n on n.oid = t.typnamespace where n.nspname in ('public') group by t.typname, n.nspname[90m [took 5 ms, 3 results][39m

stdout | src/services/pasada.service.test.ts > PasadaService Tests
[90m[query] [39mselect table_schema as schema_name, table_name, column_name, column_default, is_nullable, udt_name, udt_schema, coalesce(datetime_precision, character_maximum_length) length, atttypmod custom_length, numeric_precision, numeric_scale, data_type, is_identity, identity_generation, generation_expression, pg_catalog.col_description(pgc.oid, cols.ordinal_position::int) column_comment, coll.collname as collation_name from information_schema.columns cols join pg_class pgc on cols.table_name = pgc.relname join pg_attribute pga on pgc.oid = pga.attrelid and cols.column_name = pga.attname left join pg_collation coll on pga.attcollation = coll.oid and coll.collname <> 'default' where ((table_schema = 'public' and table_name in ('articulo','articulo_ruta_pasada','dispositivo','etapa','linea_produccion','muestra','pasada','ruta_pasada','ruta_pasada_etapa','usuario'))) order by ordinal_position[90m [took 61 ms, 65 results][39m

stdout | src/services/pasada.service.test.ts > PasadaService Tests
[90m[query] [39mselect indrelid::regclass as table_name, ns.nspname as schema_name, relname as constraint_name, idx.indisunique as unique, idx.indisprimary as primary, contype, condeferrable, condeferred, array( select pg_get_indexdef(idx.indexrelid, k + 1, true) from generate_subscripts(idx.indkey, 1) as k order by k ) as index_def, pg_get_indexdef(idx.indexrelid) as expression, c.condeferrable as deferrable, c.condeferred as initially_deferred, i.reloptions, am.amname as index_type from pg_index idx join pg_class as i on i.oid = idx.indexrelid join pg_namespace as ns on i.relnamespace = ns.oid join pg_am as am on am.oid = i.relam left join pg_constraint as c on c.conname = i.relname where indrelid in ('"public"."articulo"'::regclass, '"public"."articulo_ruta_pasada"'::regclass, '"public"."dispositivo"'::regclass, '"public"."etapa"'::regclass, '"public"."linea_produccion"'::regclass, '"public"."muestra"'::regclass, '"public"."pasada"'::regclass, '"public"."ruta_pasada"'::regclass, '"public"."ruta_pasada_etapa"'::regclass, '"public"."usuario"'::regclass) order by relname[90m [took 26 ms, 19 results][39m

stdout | src/services/pasada.service.test.ts > PasadaService Tests
[90m[query] [39mselect ccu.table_name as table_name, ccu.table_schema as schema_name, pgc.conname as name, conrelid::regclass as table_from, ccu.column_name as column_name, pg_get_constraintdef(pgc.oid) as expression from pg_constraint pgc join pg_namespace nsp on nsp.oid = pgc.connamespace join pg_class cls on pgc.conrelid = cls.oid join information_schema.constraint_column_usage ccu on pgc.conname = ccu.constraint_name and nsp.nspname = ccu.constraint_schema and cls.relname = ccu.table_name where contype = 'c' and (ccu.table_name in ('articulo','articulo_ruta_pasada','dispositivo','etapa','linea_produccion','muestra','pasada','ruta_pasada','ruta_pasada_etapa','usuario') and ccu.table_schema = 'public') order by pgc.conname[90m [took 16 ms, 0 results][39m

stdout | src/services/pasada.service.test.ts > PasadaService Tests
[90m[query] [39mselect nsp1.nspname schema_name, cls1.relname table_name, nsp2.nspname referenced_schema_name, cls2.relname referenced_table_name, a.attname column_name, af.attname referenced_column_name, conname constraint_name, confupdtype update_rule, confdeltype delete_rule, array_position(con.conkey,a.attnum) as ord, condeferrable, condeferred, pg_get_constraintdef(con.oid) as constraint_def from pg_attribute a join pg_constraint con on con.conrelid = a.attrelid AND a.attnum = ANY (con.conkey) join pg_attribute af on af.attnum = con.confkey[array_position(con.conkey,a.attnum)] AND af.attrelid = con.confrelid join pg_namespace nsp1 on nsp1.oid = con.connamespace join pg_class cls1 on cls1.oid = con.conrelid join pg_class cls2 on cls2.oid = confrelid join pg_namespace nsp2 on nsp2.oid = cls2.relnamespace where ((cls1.relname in ('articulo','articulo_ruta_pasada','dispositivo','etapa','linea_produccion','muestra','pasada','ruta_pasada','ruta_pasada_etapa','usuario') and nsp1.nspname = 'public')) and confrelid > 0 order by nsp1.nspname, cls1.relname, constraint_name, ord[90m [took 33 ms, 16 results][39m

stdout | src/services/pasada.service.test.ts > PasadaService Tests
[90m[query] [39mwith targets(schema_name, table_name) as (values ('public'::text, 'articulo'), ('public'::text, 'articulo_ruta_pasada'), ('public'::text, 'dispositivo'), ('public'::text, 'etapa'), ('public'::text, 'linea_produccion'), ('public'::text, 'muestra'), ('public'::text, 'pasada'), ('public'::text, 'ruta_pasada'), ('public'::text, 'ruta_pasada_etapa'), ('public'::text, 'usuario')) select parent_ns.nspname as schema_name, parent.relname as table_name, pg_get_partkeydef(parent.oid) as partition_definition, child_ns.nspname as partition_schema_name, child.relname as partition_name, pg_get_expr(child.relpartbound, child.oid) as partition_bound from targets join pg_class parent on parent.relname = targets.table_name join pg_namespace parent_ns on parent_ns.oid = parent.relnamespace and parent_ns.nspname = coalesce(targets.schema_name, current_schema()) join pg_partitioned_table partitioned on partitioned.partrelid = parent.oid left join pg_inherits inherits on inherits.inhparent = parent.oid left join pg_class child on child.oid = inherits.inhrelid left join pg_namespace child_ns on child_ns.oid = child.relnamespace order by parent_ns.nspname, parent.relname, child_ns.nspname, child.relname[90m [took 19 ms, 0 results][39m

stdout | src/services/pasada.service.test.ts > PasadaService Tests
[90m[query] [39mselect t.trigger_name, t.event_object_schema as schema_name, t.event_object_table as table_name, t.event_manipulation as event, t.action_timing as timing, t.action_orientation as for_each, t.action_condition as when_clause, pg_get_functiondef(p.oid) as function_def, p.prosrc as function_body from information_schema.triggers t left join pg_namespace n on n.nspname = t.event_object_schema left join pg_proc p on p.proname = t.event_object_table || '_' || t.trigger_name || '_fn' and p.pronamespace = n.oid where ((t.event_object_schema = 'public' and t.event_object_table in ('articulo', 'articulo_ruta_pasada', 'dispositivo', 'etapa', 'linea_produccion', 'muestra', 'pasada', 'ruta_pasada', 'ruta_pasada_etapa', 'usuario'))) order by t.trigger_name, t.event_manipulation[90m [took 9 ms, 0 results][39m

stdout | src/services/pasada.service.test.ts > PasadaService Tests
[90m[query] [39mselect datcollate as collation from pg_database where datname = current_database()[90m [took 3 ms, 1 result][39m

stdout | src/services/pasada.service.test.ts > PasadaService Tests
[90m[query] [39mselect table_name as view_name, table_schema as schema_name, view_definition from information_schema.views where "table_schema" not like 'pg_%' and "table_schema" not like 'crdb_%' and "table_schema" not like '_timescaledb_%' and "table_schema" not in ('information_schema', 'tiger', 'topology') and table_name != 'geography_columns' and table_name != 'geometry_columns' order by table_name[90m [took 14 ms, 0 results][39m

stdout | src/services/pasada.service.test.ts > PasadaService Tests
[90m[query] [39mselect matviewname as view_name, schemaname as schema_name, definition as view_definition, ispopulated as is_populated from pg_matviews where "schemaname" not like 'pg_%' and "schemaname" not like 'crdb_%' and "schemaname" not like '_timescaledb_%' and "schemaname" not in ('information_schema', 'tiger', 'topology') order by matviewname[90m [took 17 ms, 0 results][39m

stdout | src/services/pasada.service.test.ts > PasadaService Tests
[90m[query] [39mset names 'utf8';[90m [took 2 ms, 0 results][39m

stdout | src/services/pasada.service.test.ts > PasadaService Tests
[90m[query] [39mdrop table if exists "muestra" cascade;drop table if exists "pasada" cascade;drop table if exists "usuario" cascade;drop table if exists "ruta_pasada_etapa" cascade;drop table if exists "articulo_ruta_pasada" cascade;drop table if exists "linea_produccion" cascade;drop table if exists "ruta_pasada" cascade;drop table if exists "etapa" cascade;drop table if exists "dispositivo" cascade;drop table if exists "articulo" cascade;drop type "muestra_estado_validacion_enum";drop type "pasada_estado_enum";drop type "usuario_rol_enum";[90m [took 128 ms, 0 results][39m

stdout | src/services/pasada.service.test.ts > PasadaService Tests
[90m[query] [39mset names 'utf8';[90m [took 1 ms, 0 results][39m

stdout | src/services/pasada.service.test.ts > PasadaService Tests
[90m[query] [39mcreate type "usuario_rol_enum" as enum ('operario', 'jefe', 'visualizacion', 'administrador');create type "pasada_estado_enum" as enum ('en_curso', 'completa', 'abortada');create type "muestra_estado_validacion_enum" as enum ('ok', 'fuera_de_rango');create table "articulo" ("id" serial primary key, "nombre" varchar(100) not null, "descripcion" text null, "marca" varchar(100) null, "activo" boolean not null default true);alter table "articulo" add constraint "articulo_nombre_marca_unique" unique ("nombre", "marca");[90m [took 28 ms, 0 results][39m

stdout | src/services/pasada.service.test.ts > PasadaService Tests
[90m[query] [39mcreate table "dispositivo" ("hardware_id" varchar(255) not null, "nombre" varchar(100) not null, "ultima_conexion_at" timestamptz null, primary key ("hardware_id"));[90m [took 12 ms, 0 results][39m

stdout | src/services/pasada.service.test.ts > PasadaService Tests
[90m[query] [39mcreate table "etapa" ("id" serial primary key, "nombre" varchar(100) not null, "descripcion" text null, "activo" boolean not null default true);alter table "etapa" add constraint "etapa_nombre_unique" unique ("nombre");[90m [took 26 ms, 0 results][39m

stdout | src/services/pasada.service.test.ts > PasadaService Tests
[90m[query] [39mcreate table "ruta_pasada" ("id" serial primary key, "nombre" varchar(100) not null, "descripcion" text null, "activo" boolean not null default true);alter table "ruta_pasada" add constraint "ruta_pasada_nombre_unique" unique ("nombre");[90m [took 24 ms, 0 results][39m

stdout | src/services/pasada.service.test.ts > PasadaService Tests
[90m[query] [39mcreate table "linea_produccion" ("id" serial primary key, "nombre" varchar(100) not null, "ruta_pasada_activa_id" int null, "dispositivo_hardware_id" varchar(255) null, "activo" boolean not null default true);alter table "linea_produccion" add constraint "linea_produccion_nombre_unique" unique ("nombre");alter table "linea_produccion" add constraint "linea_produccion_dispositivo_hardware_id_unique" unique ("dispositivo_hardware_id");[90m [took 22 ms, 0 results][39m

stdout | src/services/pasada.service.test.ts > PasadaService Tests
[90m[query] [39mcreate table "articulo_ruta_pasada" ("id" serial primary key, "articulo_id" int not null, "ruta_pasada_id" int not null);alter table "articulo_ruta_pasada" add constraint "articulo_ruta_pasada_articulo_id_ruta_pasada_id_unique" unique ("articulo_id", "ruta_pasada_id");[90m [took 16 ms, 0 results][39m

stdout | src/services/pasada.service.test.ts > PasadaService Tests
[90m[query] [39mcreate table "ruta_pasada_etapa" ("id" serial primary key, "ruta_pasada_id" int not null, "etapa_id" int not null, "orden" int not null, "peso_ideal" decimal(8,3) not null, "peso_minimo" decimal(8,3) not null, "peso_maximo" decimal(8,3) not null, "cantidad_muestras_requeridas" int not null);alter table "ruta_pasada_etapa" add constraint "ruta_pasada_etapa_ruta_pasada_id_etapa_id_unique" unique ("ruta_pasada_id", "etapa_id");[90m [took 14 ms, 0 results][39m

stdout | src/services/pasada.service.test.ts > PasadaService Tests
[90m[query] [39mcreate table "usuario" ("id" serial primary key, "nombre_apellido" varchar(100) not null, "nombre_usuario" varchar(50) not null, "legajo" varchar(10) not null, "pin_hash" varchar(255) not null, "puede_tomar_muestras_libres" boolean not null default false, "rol" "usuario_rol_enum" not null, "activo" boolean not null default true, "datos_adicionales" jsonb null, "es_sistema" boolean not null default false);alter table "usuario" add constraint "usuario_nombre_usuario_unique" unique ("nombre_usuario");alter table "usuario" add constraint "usuario_legajo_unique" unique ("legajo");[90m [took 26 ms, 0 results][39m

stdout | src/services/pasada.service.test.ts > PasadaService Tests
[90m[query] [39mcreate table "pasada" ("id" serial primary key, "linea_produccion_id" int not null, "ruta_pasada_id" int not null, "articulo_id" int null, "usuario_id" int not null, "numero" int not null, "estado" "pasada_estado_enum" not null default 'en_curso', "motivo_cierre" text null, "hora_inicio" timestamptz not null, "hora_cierre" timestamptz null, "observacion_cierre" text null, "activo" boolean not null default true);[90m [took 21 ms, 0 results][39m

stdout | src/services/pasada.service.test.ts > PasadaService Tests
[90m[query] [39mcreate table "muestra" ("id" serial primary key, "pasada_id" int null, "usuario_id" int not null, "ruta_pasada_id" int not null, "articulo_id" int null, "etapa_id" int not null, "linea_produccion_id" int not null, "peso_neto" decimal(8,3) not null, "estado_validacion" "muestra_estado_validacion_enum" not null, "observacion" text null, "timestamp" timestamptz not null);[90m [took 20 ms, 0 results][39m

stdout | src/services/pasada.service.test.ts > PasadaService Tests
[90m[query] [39malter table "linea_produccion" add constraint "linea_produccion_ruta_pasada_activa_id_foreign" foreign key ("ruta_pasada_activa_id") references "ruta_pasada" ("id") on delete restrict;alter table "linea_produccion" add constraint "linea_produccion_dispositivo_hardware_id_foreign" foreign key ("dispositivo_hardware_id") references "dispositivo" ("hardware_id") on delete set null;[90m [took 15 ms, 0 results][39m

stdout | src/services/pasada.service.test.ts > PasadaService Tests
[90m[query] [39malter table "articulo_ruta_pasada" add constraint "articulo_ruta_pasada_articulo_id_foreign" foreign key ("articulo_id") references "articulo" ("id") on delete restrict;alter table "articulo_ruta_pasada" add constraint "articulo_ruta_pasada_ruta_pasada_id_foreign" foreign key ("ruta_pasada_id") references "ruta_pasada" ("id") on delete restrict;[90m [took 13 ms, 0 results][39m

stdout | src/services/pasada.service.test.ts > PasadaService Tests
[90m[query] [39malter table "ruta_pasada_etapa" add constraint "ruta_pasada_etapa_ruta_pasada_id_foreign" foreign key ("ruta_pasada_id") references "ruta_pasada" ("id") on delete restrict;alter table "ruta_pasada_etapa" add constraint "ruta_pasada_etapa_etapa_id_foreign" foreign key ("etapa_id") references "etapa" ("id") on delete restrict;[90m [took 12 ms, 0 results][39m

stdout | src/services/pasada.service.test.ts > PasadaService Tests
[90m[query] [39malter table "pasada" add constraint "pasada_linea_produccion_id_foreign" foreign key ("linea_produccion_id") references "linea_produccion" ("id") on delete restrict;alter table "pasada" add constraint "pasada_ruta_pasada_id_foreign" foreign key ("ruta_pasada_id") references "ruta_pasada" ("id") on delete restrict;alter table "pasada" add constraint "pasada_articulo_id_foreign" foreign key ("articulo_id") references "articulo" ("id") on delete restrict;alter table "pasada" add constraint "pasada_usuario_id_foreign" foreign key ("usuario_id") references "usuario" ("id") on delete restrict;[90m [took 23 ms, 0 results][39m

stdout | src/services/pasada.service.test.ts > PasadaService Tests
[90m[query] [39malter table "muestra" add constraint "muestra_pasada_id_foreign" foreign key ("pasada_id") references "pasada" ("id") on delete restrict;alter table "muestra" add constraint "muestra_usuario_id_foreign" foreign key ("usuario_id") references "usuario" ("id") on delete restrict;alter table "muestra" add constraint "muestra_ruta_pasada_id_foreign" foreign key ("ruta_pasada_id") references "ruta_pasada" ("id") on delete restrict;alter table "muestra" add constraint "muestra_articulo_id_foreign" foreign key ("articulo_id") references "articulo" ("id") on delete restrict;alter table "muestra" add constraint "muestra_etapa_id_foreign" foreign key ("etapa_id") references "etapa" ("id") on delete restrict;alter table "muestra" add constraint "muestra_linea_produccion_id_foreign" foreign key ("linea_produccion_id") references "linea_produccion" ("id") on delete restrict;[90m [took 29 ms, 0 results][39m

stdout | src/services/pasada.service.test.ts > PasadaService Tests > iniciarPasada > should fail if there is no active session on the line
[90m[query] [39mSELECT table_name FROM information_schema.tables WHERE table_schema = 'public' AND table_type = 'BASE TABLE' AND table_name != 'mikro_orm_migrations'; [90m [took 4 ms, 10 results][39m

stdout | src/services/pasada.service.test.ts > PasadaService Tests > iniciarPasada > should fail if there is no active session on the line
[90m[query] [39mSET session_replication_role = 'replica';[90m [took 1 ms, 0 results][39m

stdout | src/services/pasada.service.test.ts > PasadaService Tests > iniciarPasada > should fail if there is no active session on the line
[90m[query] [39mTRUNCATE TABLE "ruta_pasada_etapa", "pasada", "articulo", "ruta_pasada", "articulo_ruta_pasada", "etapa", "usuario", "linea_produccion", "dispositivo", "muestra" RESTART IDENTITY CASCADE;[90m [took 116 ms, 0 results][39m

stdout | src/services/pasada.service.test.ts > PasadaService Tests > iniciarPasada > should fail if there is no active session on the line
[90m[query] [39mSET session_replication_role = 'origin';[90m [took 1 ms, 0 results][39m

stdout | src/services/pasada.service.test.ts > PasadaService Tests > iniciarPasada > should fail if there is no active session on the line
[90m[query] [39mbegin

stdout | src/services/pasada.service.test.ts > PasadaService Tests > iniciarPasada > should fail if there is no active session on the line
[90m[query] [39minsert into "usuario" ("nombre_apellido", "nombre_usuario", "legajo", "pin_hash", "puede_tomar_muestras_libres", "rol", "activo", "es_sistema") values ('Juan Pérez', 'juan.perez', 'LEG-001', 'hash', true, 'operario', true, false) returning "id"[90m [took 6 ms, 1 row affected][39m

stdout | src/services/pasada.service.test.ts > PasadaService Tests > iniciarPasada > should fail if there is no active session on the line
[90m[query] [39mcommit

stdout | src/services/pasada.service.test.ts > PasadaService Tests > iniciarPasada > should fail if there is no active session on the line
[90m[query] [39mbegin

stdout | src/services/pasada.service.test.ts > PasadaService Tests > iniciarPasada > should fail if there is no active session on the line
[90m[query] [39minsert into "ruta_pasada" ("nombre", "activo") values ('Ruta Alfajor Standard', true) returning "id"[90m [took 4 ms, 1 row affected][39m

stdout | src/services/pasada.service.test.ts > PasadaService Tests > iniciarPasada > should fail if there is no active session on the line
[90m[query] [39mcommit

stdout | src/services/pasada.service.test.ts > PasadaService Tests > iniciarPasada > should fail if there is no active session on the line
[90m[query] [39mbegin

stdout | src/services/pasada.service.test.ts > PasadaService Tests > iniciarPasada > should fail if there is no active session on the line
[90m[query] [39minsert into "linea_produccion" ("nombre", "ruta_pasada_activa_id", "activo") values ('Linea de Envasado 1', 1, true) returning "id"[90m [took 3 ms, 1 row affected][39m

stdout | src/services/pasada.service.test.ts > PasadaService Tests > iniciarPasada > should fail if there is no active session on the line
[90m[query] [39mcommit

stdout | src/services/pasada.service.test.ts > PasadaService Tests > iniciarPasada > should fail if there is no active session on the line
[90m[query] [39mbegin

stdout | src/services/pasada.service.test.ts > PasadaService Tests > iniciarPasada > should fail if there is no active session on the line
[90m[query] [39minsert into "articulo" ("nombre", "descripcion", "activo") values ('Alfajor Triple', 'Alfajor relleno con dulce de leche', true) returning "id"[90m [took 5 ms, 1 row affected][39m

stdout | src/services/pasada.service.test.ts > PasadaService Tests > iniciarPasada > should fail if there is no active session on the line
[90m[query] [39mcommit

stdout | src/services/pasada.service.test.ts > PasadaService Tests > iniciarPasada > should fail if there is no active session on the line
[90m[query] [39mbegin

stdout | src/services/pasada.service.test.ts > PasadaService Tests > iniciarPasada > should fail if there is no active session on the line
[90m[query] [39minsert into "articulo_ruta_pasada" ("articulo_id", "ruta_pasada_id") values (1, 1) returning "id"[90m [took 3 ms, 1 row affected][39m

stdout | src/services/pasada.service.test.ts > PasadaService Tests > iniciarPasada > should fail if there is no active session on the line
[90m[query] [39mcommit

stdout | src/services/pasada.service.test.ts > PasadaService Tests > iniciarPasada > should fail if the article does not belong to the active route of the line
[90m[query] [39mSELECT table_name FROM information_schema.tables WHERE table_schema = 'public' AND table_type = 'BASE TABLE' AND table_name != 'mikro_orm_migrations'; [90m [took 3 ms, 10 results][39m

stdout | src/services/pasada.service.test.ts > PasadaService Tests > iniciarPasada > should fail if the article does not belong to the active route of the line
[90m[query] [39mSET session_replication_role = 'replica';[90m [took 2 ms, 0 results][39m

stdout | src/services/pasada.service.test.ts > PasadaService Tests > iniciarPasada > should fail if the article does not belong to the active route of the line
[90m[query] [39mTRUNCATE TABLE "ruta_pasada_etapa", "pasada", "articulo", "ruta_pasada", "articulo_ruta_pasada", "etapa", "usuario", "linea_produccion", "dispositivo", "muestra" RESTART IDENTITY CASCADE;[90m [took 124 ms, 0 results][39m

stdout | src/services/pasada.service.test.ts > PasadaService Tests > iniciarPasada > should fail if the article does not belong to the active route of the line
[90m[query] [39mSET session_replication_role = 'origin';[90m [took 2 ms, 0 results][39m

stdout | src/services/pasada.service.test.ts > PasadaService Tests > iniciarPasada > should fail if the article does not belong to the active route of the line
[90m[query] [39mbegin

stdout | src/services/pasada.service.test.ts > PasadaService Tests > iniciarPasada > should fail if the article does not belong to the active route of the line
[90m[query] [39minsert into "usuario" ("nombre_apellido", "nombre_usuario", "legajo", "pin_hash", "puede_tomar_muestras_libres", "rol", "activo", "es_sistema") values ('Juan Pérez', 'juan.perez', 'LEG-001', 'hash', true, 'operario', true, false) returning "id"[90m [took 3 ms, 1 row affected][39m

stdout | src/services/pasada.service.test.ts > PasadaService Tests > iniciarPasada > should fail if the article does not belong to the active route of the line
[90m[query] [39mcommit

stdout | src/services/pasada.service.test.ts > PasadaService Tests > iniciarPasada > should fail if the article does not belong to the active route of the line
[90m[query] [39mbegin

stdout | src/services/pasada.service.test.ts > PasadaService Tests > iniciarPasada > should fail if the article does not belong to the active route of the line
[90m[query] [39minsert into "ruta_pasada" ("nombre", "activo") values ('Ruta Alfajor Standard', true) returning "id"[90m [took 3 ms, 1 row affected][39m

stdout | src/services/pasada.service.test.ts > PasadaService Tests > iniciarPasada > should fail if the article does not belong to the active route of the line
[90m[query] [39mcommit

stdout | src/services/pasada.service.test.ts > PasadaService Tests > iniciarPasada > should fail if the article does not belong to the active route of the line
[90m[query] [39mbegin

stdout | src/services/pasada.service.test.ts > PasadaService Tests > iniciarPasada > should fail if the article does not belong to the active route of the line
[90m[query] [39minsert into "linea_produccion" ("nombre", "ruta_pasada_activa_id", "activo") values ('Linea de Envasado 1', 1, true) returning "id"[90m [took 4 ms, 1 row affected][39m

stdout | src/services/pasada.service.test.ts > PasadaService Tests > iniciarPasada > should fail if the article does not belong to the active route of the line
[90m[query] [39mcommit

stdout | src/services/pasada.service.test.ts > PasadaService Tests > iniciarPasada > should fail if the article does not belong to the active route of the line
[90m[query] [39mbegin

stdout | src/services/pasada.service.test.ts > PasadaService Tests > iniciarPasada > should fail if the article does not belong to the active route of the line
[90m[query] [39minsert into "articulo" ("nombre", "descripcion", "activo") values ('Alfajor Triple', 'Alfajor relleno con dulce de leche', true) returning "id"[90m [took 2 ms, 1 row affected][39m

stdout | src/services/pasada.service.test.ts > PasadaService Tests > iniciarPasada > should fail if the article does not belong to the active route of the line
[90m[query] [39mcommit

stdout | src/services/pasada.service.test.ts > PasadaService Tests > iniciarPasada > should fail if the article does not belong to the active route of the line
[90m[query] [39mbegin

stdout | src/services/pasada.service.test.ts > PasadaService Tests > iniciarPasada > should fail if the article does not belong to the active route of the line
[90m[query] [39minsert into "articulo_ruta_pasada" ("articulo_id", "ruta_pasada_id") values (1, 1) returning "id"[90m [took 3 ms, 1 row affected][39m

stdout | src/services/pasada.service.test.ts > PasadaService Tests > iniciarPasada > should fail if the article does not belong to the active route of the line
[90m[query] [39mcommit

stdout | src/services/pasada.service.test.ts > PasadaService Tests > iniciarPasada > should fail if the article does not belong to the active route of the line
[90m[query] [39mbegin

stdout | src/services/pasada.service.test.ts > PasadaService Tests > iniciarPasada > should fail if the article does not belong to the active route of the line
[90m[query] [39minsert into "articulo" ("nombre", "descripcion", "activo") values ('Alfajor Blanco', 'Sin ruta asignada', true) returning "id"[90m [took 1 ms, 1 row affected][39m

stdout | src/services/pasada.service.test.ts > PasadaService Tests > iniciarPasada > should fail if the article does not belong to the active route of the line
[90m[query] [39mcommit

stdout | src/services/pasada.service.test.ts > PasadaService Tests > iniciarPasada > should fail if the article does not belong to the active route of the line
[90m[query] [39mbegin

stdout | src/services/pasada.service.test.ts > PasadaService Tests > iniciarPasada > should fail if the article does not belong to the active route of the line
[90m[query] [39mselect "l0".*, "r1"."id" as "r1__id", "r1"."nombre" as "r1__nombre", "r1"."descripcion" as "r1__descripcion", "r1"."activo" as "r1__activo" from "linea_produccion" as "l0" left join "ruta_pasada" as "r1" on "l0"."ruta_pasada_activa_id" = "r1"."id" where "l0"."id" = 1 limit 1 for update of "l0"[90m [took 2 ms, 1 result][39m

stdout | src/services/pasada.service.test.ts > PasadaService Tests > iniciarPasada > should fail if the article does not belong to the active route of the line
[90m[query] [39mselect count(*) as "count" from "articulo_ruta_pasada" as "a0" where "a0"."ruta_pasada_id" = 1 and "a0"."articulo_id" = 2[90m [took 2 ms][39m

stdout | src/services/pasada.service.test.ts > PasadaService Tests > iniciarPasada > should fail if the article does not belong to the active route of the line
[90m[query] [39mrollback

stdout | src/services/pasada.service.test.ts > PasadaService Tests > iniciarPasada > should successfully initiate a Pasada and assign sequential numbers per line-article
[90m[query] [39mSELECT table_name FROM information_schema.tables WHERE table_schema = 'public' AND table_type = 'BASE TABLE' AND table_name != 'mikro_orm_migrations'; [90m [took 4 ms, 10 results][39m

stdout | src/services/pasada.service.test.ts > PasadaService Tests > iniciarPasada > should successfully initiate a Pasada and assign sequential numbers per line-article
[90m[query] [39mSET session_replication_role = 'replica';[90m [took 2 ms, 0 results][39m

stdout | src/services/pasada.service.test.ts > PasadaService Tests > iniciarPasada > should successfully initiate a Pasada and assign sequential numbers per line-article
[90m[query] [39mTRUNCATE TABLE "ruta_pasada_etapa", "pasada", "articulo", "ruta_pasada", "articulo_ruta_pasada", "etapa", "usuario", "linea_produccion", "dispositivo", "muestra" RESTART IDENTITY CASCADE;[90m [took 194 ms, 0 results][39m

stdout | src/services/pasada.service.test.ts > PasadaService Tests > iniciarPasada > should successfully initiate a Pasada and assign sequential numbers per line-article
[90m[query] [39mSET session_replication_role = 'origin';[90m [took 3 ms, 0 results][39m

stdout | src/services/pasada.service.test.ts > PasadaService Tests > iniciarPasada > should successfully initiate a Pasada and assign sequential numbers per line-article
[90m[query] [39mbegin

stdout | src/services/pasada.service.test.ts > PasadaService Tests > iniciarPasada > should successfully initiate a Pasada and assign sequential numbers per line-article
[90m[query] [39minsert into "usuario" ("nombre_apellido", "nombre_usuario", "legajo", "pin_hash", "puede_tomar_muestras_libres", "rol", "activo", "es_sistema") values ('Juan Pérez', 'juan.perez', 'LEG-001', 'hash', true, 'operario', true, false) returning "id"[90m [took 3 ms, 1 row affected][39m

stdout | src/services/pasada.service.test.ts > PasadaService Tests > iniciarPasada > should successfully initiate a Pasada and assign sequential numbers per line-article
[90m[query] [39mcommit

stdout | src/services/pasada.service.test.ts > PasadaService Tests > iniciarPasada > should successfully initiate a Pasada and assign sequential numbers per line-article
[90m[query] [39mbegin

stdout | src/services/pasada.service.test.ts > PasadaService Tests > iniciarPasada > should successfully initiate a Pasada and assign sequential numbers per line-article
[90m[query] [39minsert into "ruta_pasada" ("nombre", "activo") values ('Ruta Alfajor Standard', true) returning "id"[90m [took 3 ms, 1 row affected][39m

stdout | src/services/pasada.service.test.ts > PasadaService Tests > iniciarPasada > should successfully initiate a Pasada and assign sequential numbers per line-article
[90m[query] [39mcommit

stdout | src/services/pasada.service.test.ts > PasadaService Tests > iniciarPasada > should successfully initiate a Pasada and assign sequential numbers per line-article
[90m[query] [39mbegin

stdout | src/services/pasada.service.test.ts > PasadaService Tests > iniciarPasada > should successfully initiate a Pasada and assign sequential numbers per line-article
[90m[query] [39minsert into "linea_produccion" ("nombre", "ruta_pasada_activa_id", "activo") values ('Linea de Envasado 1', 1, true) returning "id"[90m [took 4 ms, 1 row affected][39m

stdout | src/services/pasada.service.test.ts > PasadaService Tests > iniciarPasada > should successfully initiate a Pasada and assign sequential numbers per line-article
[90m[query] [39mcommit

stdout | src/services/pasada.service.test.ts > PasadaService Tests > iniciarPasada > should successfully initiate a Pasada and assign sequential numbers per line-article
[90m[query] [39mbegin

stdout | src/services/pasada.service.test.ts > PasadaService Tests > iniciarPasada > should successfully initiate a Pasada and assign sequential numbers per line-article
[90m[query] [39minsert into "articulo" ("nombre", "descripcion", "activo") values ('Alfajor Triple', 'Alfajor relleno con dulce de leche', true) returning "id"[90m [took 4 ms, 1 row affected][39m

stdout | src/services/pasada.service.test.ts > PasadaService Tests > iniciarPasada > should successfully initiate a Pasada and assign sequential numbers per line-article
[90m[query] [39mcommit

stdout | src/services/pasada.service.test.ts > PasadaService Tests > iniciarPasada > should successfully initiate a Pasada and assign sequential numbers per line-article
[90m[query] [39mbegin

stdout | src/services/pasada.service.test.ts > PasadaService Tests > iniciarPasada > should successfully initiate a Pasada and assign sequential numbers per line-article
[90m[query] [39minsert into "articulo_ruta_pasada" ("articulo_id", "ruta_pasada_id") values (1, 1) returning "id"[90m [took 5 ms, 1 row affected][39m

stdout | src/services/pasada.service.test.ts > PasadaService Tests > iniciarPasada > should successfully initiate a Pasada and assign sequential numbers per line-article
[90m[query] [39mcommit

stdout | src/services/pasada.service.test.ts > PasadaService Tests > iniciarPasada > should successfully initiate a Pasada and assign sequential numbers per line-article
[90m[query] [39mbegin

stdout | src/services/pasada.service.test.ts > PasadaService Tests > iniciarPasada > should successfully initiate a Pasada and assign sequential numbers per line-article
[90m[query] [39mselect "l0".*, "r1"."id" as "r1__id", "r1"."nombre" as "r1__nombre", "r1"."descripcion" as "r1__descripcion", "r1"."activo" as "r1__activo" from "linea_produccion" as "l0" left join "ruta_pasada" as "r1" on "l0"."ruta_pasada_activa_id" = "r1"."id" where "l0"."id" = 1 limit 1 for update of "l0"[90m [took 2 ms, 1 result][39m

stdout | src/services/pasada.service.test.ts > PasadaService Tests > iniciarPasada > should successfully initiate a Pasada and assign sequential numbers per line-article
[90m[query] [39mselect count(*) as "count" from "articulo_ruta_pasada" as "a0" where "a0"."ruta_pasada_id" = 1 and "a0"."articulo_id" = 1[90m [took 2 ms][39m

stdout | src/services/pasada.service.test.ts > PasadaService Tests > iniciarPasada > should successfully initiate a Pasada and assign sequential numbers per line-article
[90m[query] [39mselect "p0".* from "pasada" as "p0" where "p0"."linea_produccion_id" = 1 and "p0"."articulo_id" = 1 order by "p0"."numero" desc limit 1[90m [took 8 ms, 0 results][39m

stdout | src/services/pasada.service.test.ts > PasadaService Tests > iniciarPasada > should successfully initiate a Pasada and assign sequential numbers per line-article
[90m[query] [39minsert into "pasada" ("linea_produccion_id", "ruta_pasada_id", "articulo_id", "usuario_id", "numero", "estado", "hora_inicio", "activo") values (1, 1, 1, 1, 1, 'en_curso', '2026-07-13T14:25:36.606Z', true) returning "id"[90m [took 5 ms, 1 row affected][39m

stdout | src/services/pasada.service.test.ts > PasadaService Tests > iniciarPasada > should successfully initiate a Pasada and assign sequential numbers per line-article
[90m[query] [39mcommit

stdout | src/services/pasada.service.test.ts > PasadaService Tests > iniciarPasada > should successfully initiate a Pasada and assign sequential numbers per line-article
[90m[query] [39mbegin

stdout | src/services/pasada.service.test.ts > PasadaService Tests > iniciarPasada > should successfully initiate a Pasada and assign sequential numbers per line-article
[90m[query] [39mselect "p0".* from "pasada" as "p0" where "p0"."id" = 1 limit 1 for update[90m [took 2 ms, 1 result][39m

stdout | src/services/pasada.service.test.ts > PasadaService Tests > iniciarPasada > should successfully initiate a Pasada and assign sequential numbers per line-article
[90m[query] [39mupdate "pasada" set "estado" = 'completa', "hora_cierre" = '2026-07-13T14:25:36.656Z' where "id" = 1[90m [took 1 ms, 1 row affected][39m

stdout | src/services/pasada.service.test.ts > PasadaService Tests > iniciarPasada > should successfully initiate a Pasada and assign sequential numbers per line-article
[90m[query] [39mcommit

stdout | src/services/pasada.service.test.ts > PasadaService Tests > iniciarPasada > should successfully initiate a Pasada and assign sequential numbers per line-article
[90m[query] [39mbegin

stdout | src/services/pasada.service.test.ts > PasadaService Tests > iniciarPasada > should successfully initiate a Pasada and assign sequential numbers per line-article
[90m[query] [39mselect "l0".*, "r1"."id" as "r1__id", "r1"."nombre" as "r1__nombre", "r1"."descripcion" as "r1__descripcion", "r1"."activo" as "r1__activo" from "linea_produccion" as "l0" left join "ruta_pasada" as "r1" on "l0"."ruta_pasada_activa_id" = "r1"."id" where "l0"."id" = 1 limit 1 for update of "l0"[90m [took 2 ms, 1 result][39m

stdout | src/services/pasada.service.test.ts > PasadaService Tests > iniciarPasada > should successfully initiate a Pasada and assign sequential numbers per line-article
[90m[query] [39mselect count(*) as "count" from "articulo_ruta_pasada" as "a0" where "a0"."ruta_pasada_id" = 1 and "a0"."articulo_id" = 1[90m [took 2 ms][39m

stdout | src/services/pasada.service.test.ts > PasadaService Tests > iniciarPasada > should successfully initiate a Pasada and assign sequential numbers per line-article
[90m[query] [39mselect "p0".* from "pasada" as "p0" where "p0"."linea_produccion_id" = 1 and "p0"."articulo_id" = 1 order by "p0"."numero" desc limit 1[90m [took 2 ms, 1 result][39m

stdout | src/services/pasada.service.test.ts > PasadaService Tests > iniciarPasada > should successfully initiate a Pasada and assign sequential numbers per line-article
[90m[query] [39minsert into "pasada" ("linea_produccion_id", "ruta_pasada_id", "articulo_id", "usuario_id", "numero", "estado", "hora_inicio", "activo") values (1, 1, 1, 1, 2, 'en_curso', '2026-07-13T14:25:36.702Z', true) returning "id"[90m [took 2 ms, 1 row affected][39m

stdout | src/services/pasada.service.test.ts > PasadaService Tests > iniciarPasada > should successfully initiate a Pasada and assign sequential numbers per line-article
[90m[query] [39mcommit

stdout | src/services/pasada.service.test.ts > PasadaService Tests > Restrictions on Completed Records (Pasada Only) > should reject updates and soft-deletes of completed Pasadas
[90m[query] [39mSELECT table_name FROM information_schema.tables WHERE table_schema = 'public' AND table_type = 'BASE TABLE' AND table_name != 'mikro_orm_migrations'; [90m [took 4 ms, 10 results][39m

stdout | src/services/pasada.service.test.ts > PasadaService Tests > Restrictions on Completed Records (Pasada Only) > should reject updates and soft-deletes of completed Pasadas
[90m[query] [39mSET session_replication_role = 'replica';[90m [took 1 ms, 0 results][39m

stdout | src/services/pasada.service.test.ts > PasadaService Tests > Restrictions on Completed Records (Pasada Only) > should reject updates and soft-deletes of completed Pasadas
[90m[query] [39mTRUNCATE TABLE "ruta_pasada_etapa", "pasada", "articulo", "ruta_pasada", "articulo_ruta_pasada", "etapa", "usuario", "linea_produccion", "dispositivo", "muestra" RESTART IDENTITY CASCADE;[90m [took 121 ms, 0 results][39m

stdout | src/services/pasada.service.test.ts > PasadaService Tests > Restrictions on Completed Records (Pasada Only) > should reject updates and soft-deletes of completed Pasadas
[90m[query] [39mSET session_replication_role = 'origin';[90m [took 2 ms, 0 results][39m

stdout | src/services/pasada.service.test.ts > PasadaService Tests > Restrictions on Completed Records (Pasada Only) > should reject updates and soft-deletes of completed Pasadas
[90m[query] [39mbegin

stdout | src/services/pasada.service.test.ts > PasadaService Tests > Restrictions on Completed Records (Pasada Only) > should reject updates and soft-deletes of completed Pasadas
[90m[query] [39minsert into "usuario" ("nombre_apellido", "nombre_usuario", "legajo", "pin_hash", "puede_tomar_muestras_libres", "rol", "activo", "es_sistema") values ('Juan Pérez', 'juan.perez', 'LEG-001', 'hash', true, 'operario', true, false) returning "id"[90m [took 4 ms, 1 row affected][39m

stdout | src/services/pasada.service.test.ts > PasadaService Tests > Restrictions on Completed Records (Pasada Only) > should reject updates and soft-deletes of completed Pasadas
[90m[query] [39mcommit

stdout | src/services/pasada.service.test.ts > PasadaService Tests > Restrictions on Completed Records (Pasada Only) > should reject updates and soft-deletes of completed Pasadas
[90m[query] [39mbegin

stdout | src/services/pasada.service.test.ts > PasadaService Tests > Restrictions on Completed Records (Pasada Only) > should reject updates and soft-deletes of completed Pasadas
[90m[query] [39minsert into "ruta_pasada" ("nombre", "activo") values ('Ruta Alfajor Standard', true) returning "id"[90m [took 2 ms, 1 row affected][39m

stdout | src/services/pasada.service.test.ts > PasadaService Tests > Restrictions on Completed Records (Pasada Only) > should reject updates and soft-deletes of completed Pasadas
[90m[query] [39mcommit

stdout | src/services/pasada.service.test.ts > PasadaService Tests > Restrictions on Completed Records (Pasada Only) > should reject updates and soft-deletes of completed Pasadas
[90m[query] [39mbegin

stdout | src/services/pasada.service.test.ts > PasadaService Tests > Restrictions on Completed Records (Pasada Only) > should reject updates and soft-deletes of completed Pasadas
[90m[query] [39minsert into "linea_produccion" ("nombre", "ruta_pasada_activa_id", "activo") values ('Linea de Envasado 1', 1, true) returning "id"[90m [took 4 ms, 1 row affected][39m

stdout | src/services/pasada.service.test.ts > PasadaService Tests > Restrictions on Completed Records (Pasada Only) > should reject updates and soft-deletes of completed Pasadas
[90m[query] [39mcommit

stdout | src/services/pasada.service.test.ts > PasadaService Tests > Restrictions on Completed Records (Pasada Only) > should reject updates and soft-deletes of completed Pasadas
[90m[query] [39mbegin

stdout | src/services/pasada.service.test.ts > PasadaService Tests > Restrictions on Completed Records (Pasada Only) > should reject updates and soft-deletes of completed Pasadas
[90m[query] [39minsert into "articulo" ("nombre", "descripcion", "activo") values ('Alfajor Triple', 'Alfajor relleno con dulce de leche', true) returning "id"[90m [took 3 ms, 1 row affected][39m

stdout | src/services/pasada.service.test.ts > PasadaService Tests > Restrictions on Completed Records (Pasada Only) > should reject updates and soft-deletes of completed Pasadas
[90m[query] [39mcommit

stdout | src/services/pasada.service.test.ts > PasadaService Tests > Restrictions on Completed Records (Pasada Only) > should reject updates and soft-deletes of completed Pasadas
[90m[query] [39mbegin

stdout | src/services/pasada.service.test.ts > PasadaService Tests > Restrictions on Completed Records (Pasada Only) > should reject updates and soft-deletes of completed Pasadas
[90m[query] [39minsert into "articulo_ruta_pasada" ("articulo_id", "ruta_pasada_id") values (1, 1) returning "id"[90m [took 3 ms, 1 row affected][39m

stdout | src/services/pasada.service.test.ts > PasadaService Tests > Restrictions on Completed Records (Pasada Only) > should reject updates and soft-deletes of completed Pasadas
[90m[query] [39mcommit

stdout | src/services/pasada.service.test.ts > PasadaService Tests > Restrictions on Completed Records (Pasada Only) > should reject updates and soft-deletes of completed Pasadas
[90m[query] [39mbegin

stdout | src/services/pasada.service.test.ts > PasadaService Tests > Restrictions on Completed Records (Pasada Only) > should reject updates and soft-deletes of completed Pasadas
[90m[query] [39mselect "l0".*, "r1"."id" as "r1__id", "r1"."nombre" as "r1__nombre", "r1"."descripcion" as "r1__descripcion", "r1"."activo" as "r1__activo" from "linea_produccion" as "l0" left join "ruta_pasada" as "r1" on "l0"."ruta_pasada_activa_id" = "r1"."id" where "l0"."id" = 1 limit 1 for update of "l0"[90m [took 2 ms, 1 result][39m

stdout | src/services/pasada.service.test.ts > PasadaService Tests > Restrictions on Completed Records (Pasada Only) > should reject updates and soft-deletes of completed Pasadas
[90m[query] [39mselect count(*) as "count" from "articulo_ruta_pasada" as "a0" where "a0"."ruta_pasada_id" = 1 and "a0"."articulo_id" = 1[90m [took 2 ms][39m

stdout | src/services/pasada.service.test.ts > PasadaService Tests > Restrictions on Completed Records (Pasada Only) > should reject updates and soft-deletes of completed Pasadas
[90m[query] [39mselect "p0".* from "pasada" as "p0" where "p0"."linea_produccion_id" = 1 and "p0"."articulo_id" = 1 order by "p0"."numero" desc limit 1[90m [took 2 ms, 0 results][39m

stdout | src/services/pasada.service.test.ts > PasadaService Tests > Restrictions on Completed Records (Pasada Only) > should reject updates and soft-deletes of completed Pasadas
[90m[query] [39minsert into "pasada" ("linea_produccion_id", "ruta_pasada_id", "articulo_id", "usuario_id", "numero", "estado", "hora_inicio", "activo") values (1, 1, 1, 1, 1, 'en_curso', '2026-07-13T14:25:36.930Z', true) returning "id"[90m [took 3 ms, 1 row affected][39m

stdout | src/services/pasada.service.test.ts > PasadaService Tests > Restrictions on Completed Records (Pasada Only) > should reject updates and soft-deletes of completed Pasadas
[90m[query] [39mcommit

stdout | src/services/pasada.service.test.ts > PasadaService Tests > Restrictions on Completed Records (Pasada Only) > should reject updates and soft-deletes of completed Pasadas
[90m[query] [39mbegin

stdout | src/services/pasada.service.test.ts > PasadaService Tests > Restrictions on Completed Records (Pasada Only) > should reject updates and soft-deletes of completed Pasadas
[90m[query] [39mselect "p0".* from "pasada" as "p0" where "p0"."id" = 1 limit 1 for update[90m [took 2 ms, 1 result][39m

stdout | src/services/pasada.service.test.ts > PasadaService Tests > Restrictions on Completed Records (Pasada Only) > should reject updates and soft-deletes of completed Pasadas
[90m[query] [39mupdate "pasada" set "estado" = 'completa', "hora_cierre" = '2026-07-13T14:25:36.948Z' where "id" = 1[90m [took 1 ms, 1 row affected][39m

stdout | src/services/pasada.service.test.ts > PasadaService Tests > Restrictions on Completed Records (Pasada Only) > should reject updates and soft-deletes of completed Pasadas
[90m[query] [39mcommit

stdout | src/services/pasada.service.test.ts > PasadaService Tests > Restrictions on Completed Records (Pasada Only) > should successfully abort a pasada and reject subsequent operations
[90m[query] [39mSELECT table_name FROM information_schema.tables WHERE table_schema = 'public' AND table_type = 'BASE TABLE' AND table_name != 'mikro_orm_migrations'; [90m [took 4 ms, 10 results][39m

stdout | src/services/pasada.service.test.ts > PasadaService Tests > Restrictions on Completed Records (Pasada Only) > should successfully abort a pasada and reject subsequent operations
[90m[query] [39mSET session_replication_role = 'replica';[90m [took 1 ms, 0 results][39m

stdout | src/services/pasada.service.test.ts > PasadaService Tests > Restrictions on Completed Records (Pasada Only) > should successfully abort a pasada and reject subsequent operations
[90m[query] [39mTRUNCATE TABLE "ruta_pasada_etapa", "pasada", "articulo", "ruta_pasada", "articulo_ruta_pasada", "etapa", "usuario", "linea_produccion", "dispositivo", "muestra" RESTART IDENTITY CASCADE;[90m [took 112 ms, 0 results][39m

stdout | src/services/pasada.service.test.ts > PasadaService Tests > Restrictions on Completed Records (Pasada Only) > should successfully abort a pasada and reject subsequent operations
[90m[query] [39mSET session_replication_role = 'origin';[90m [took 1 ms, 0 results][39m

stdout | src/services/pasada.service.test.ts > PasadaService Tests > Restrictions on Completed Records (Pasada Only) > should successfully abort a pasada and reject subsequent operations
[90m[query] [39mbegin

stdout | src/services/pasada.service.test.ts > PasadaService Tests > Restrictions on Completed Records (Pasada Only) > should successfully abort a pasada and reject subsequent operations
[90m[query] [39minsert into "usuario" ("nombre_apellido", "nombre_usuario", "legajo", "pin_hash", "puede_tomar_muestras_libres", "rol", "activo", "es_sistema") values ('Juan Pérez', 'juan.perez', 'LEG-001', 'hash', true, 'operario', true, false) returning "id"[90m [took 3 ms, 1 row affected][39m

stdout | src/services/pasada.service.test.ts > PasadaService Tests > Restrictions on Completed Records (Pasada Only) > should successfully abort a pasada and reject subsequent operations
[90m[query] [39mcommit

stdout | src/services/pasada.service.test.ts > PasadaService Tests > Restrictions on Completed Records (Pasada Only) > should successfully abort a pasada and reject subsequent operations
[90m[query] [39mbegin

stdout | src/services/pasada.service.test.ts > PasadaService Tests > Restrictions on Completed Records (Pasada Only) > should successfully abort a pasada and reject subsequent operations
[90m[query] [39minsert into "ruta_pasada" ("nombre", "activo") values ('Ruta Alfajor Standard', true) returning "id"[90m [took 4 ms, 1 row affected][39m

stdout | src/services/pasada.service.test.ts > PasadaService Tests > Restrictions on Completed Records (Pasada Only) > should successfully abort a pasada and reject subsequent operations
[90m[query] [39mcommit

stdout | src/services/pasada.service.test.ts > PasadaService Tests > Restrictions on Completed Records (Pasada Only) > should successfully abort a pasada and reject subsequent operations
[90m[query] [39mbegin

stdout | src/services/pasada.service.test.ts > PasadaService Tests > Restrictions on Completed Records (Pasada Only) > should successfully abort a pasada and reject subsequent operations
[90m[query] [39minsert into "linea_produccion" ("nombre", "ruta_pasada_activa_id", "activo") values ('Linea de Envasado 1', 1, true) returning "id"[90m [took 3 ms, 1 row affected][39m

stdout | src/services/pasada.service.test.ts > PasadaService Tests > Restrictions on Completed Records (Pasada Only) > should successfully abort a pasada and reject subsequent operations
[90m[query] [39mcommit

stdout | src/services/pasada.service.test.ts > PasadaService Tests > Restrictions on Completed Records (Pasada Only) > should successfully abort a pasada and reject subsequent operations
[90m[query] [39mbegin

stdout | src/services/pasada.service.test.ts > PasadaService Tests > Restrictions on Completed Records (Pasada Only) > should successfully abort a pasada and reject subsequent operations
[90m[query] [39minsert into "articulo" ("nombre", "descripcion", "activo") values ('Alfajor Triple', 'Alfajor relleno con dulce de leche', true) returning "id"[90m [took 3 ms, 1 row affected][39m

stdout | src/services/pasada.service.test.ts > PasadaService Tests > Restrictions on Completed Records (Pasada Only) > should successfully abort a pasada and reject subsequent operations
[90m[query] [39mcommit

stdout | src/services/pasada.service.test.ts > PasadaService Tests > Restrictions on Completed Records (Pasada Only) > should successfully abort a pasada and reject subsequent operations
[90m[query] [39mbegin

stdout | src/services/pasada.service.test.ts > PasadaService Tests > Restrictions on Completed Records (Pasada Only) > should successfully abort a pasada and reject subsequent operations
[90m[query] [39minsert into "articulo_ruta_pasada" ("articulo_id", "ruta_pasada_id") values (1, 1) returning "id"[90m [took 3 ms, 1 row affected][39m

stdout | src/services/pasada.service.test.ts > PasadaService Tests > Restrictions on Completed Records (Pasada Only) > should successfully abort a pasada and reject subsequent operations
[90m[query] [39mcommit

stdout | src/services/pasada.service.test.ts > PasadaService Tests > Restrictions on Completed Records (Pasada Only) > should successfully abort a pasada and reject subsequent operations
[90m[query] [39mbegin

stdout | src/services/pasada.service.test.ts > PasadaService Tests > Restrictions on Completed Records (Pasada Only) > should successfully abort a pasada and reject subsequent operations
[90m[query] [39mselect "l0".*, "r1"."id" as "r1__id", "r1"."nombre" as "r1__nombre", "r1"."descripcion" as "r1__descripcion", "r1"."activo" as "r1__activo" from "linea_produccion" as "l0" left join "ruta_pasada" as "r1" on "l0"."ruta_pasada_activa_id" = "r1"."id" where "l0"."id" = 1 limit 1 for update of "l0"[90m [took 2 ms, 1 result][39m

stdout | src/services/pasada.service.test.ts > PasadaService Tests > Restrictions on Completed Records (Pasada Only) > should successfully abort a pasada and reject subsequent operations
[90m[query] [39mselect count(*) as "count" from "articulo_ruta_pasada" as "a0" where "a0"."ruta_pasada_id" = 1 and "a0"."articulo_id" = 1[90m [took 2 ms][39m

stdout | src/services/pasada.service.test.ts > PasadaService Tests > Restrictions on Completed Records (Pasada Only) > should successfully abort a pasada and reject subsequent operations
[90m[query] [39mselect "p0".* from "pasada" as "p0" where "p0"."linea_produccion_id" = 1 and "p0"."articulo_id" = 1 order by "p0"."numero" desc limit 1[90m [took 3 ms, 0 results][39m

stdout | src/services/pasada.service.test.ts > PasadaService Tests > Restrictions on Completed Records (Pasada Only) > should successfully abort a pasada and reject subsequent operations
[90m[query] [39minsert into "pasada" ("linea_produccion_id", "ruta_pasada_id", "articulo_id", "usuario_id", "numero", "estado", "hora_inicio", "activo") values (1, 1, 1, 1, 1, 'en_curso', '2026-07-13T14:25:37.193Z', true) returning "id"[90m [took 5 ms, 1 row affected][39m

stdout | src/services/pasada.service.test.ts > PasadaService Tests > Restrictions on Completed Records (Pasada Only) > should successfully abort a pasada and reject subsequent operations
[90m[query] [39mcommit

stdout | src/services/pasada.service.test.ts > PasadaService Tests > Restrictions on Completed Records (Pasada Only) > should successfully abort a pasada and reject subsequent operations
[90m[query] [39mbegin

stdout | src/services/pasada.service.test.ts > PasadaService Tests > Restrictions on Completed Records (Pasada Only) > should successfully abort a pasada and reject subsequent operations
[90m[query] [39mselect "p0".* from "pasada" as "p0" where "p0"."id" = 1 limit 1 for update[90m [took 1 ms, 1 result][39m

stdout | src/services/pasada.service.test.ts > PasadaService Tests > Restrictions on Completed Records (Pasada Only) > should successfully abort a pasada and reject subsequent operations
[90m[query] [39mupdate "pasada" set "estado" = 'abortada', "motivo_cierre" = 'Motivo de prueba', "hora_cierre" = '2026-07-13T14:25:37.213Z' where "id" = 1[90m [took 1 ms, 1 row affected][39m

stdout | src/services/pasada.service.test.ts > PasadaService Tests > Restrictions on Completed Records (Pasada Only) > should successfully abort a pasada and reject subsequent operations
[90m[query] [39mcommit

 ✓ src/services/pasada.service.test.ts (5 tests) 2649ms
       ✓ should successfully initiate a Pasada and assign sequential numbers per line-article  416ms
stdout | src/services/device-pairing.service.test.ts
◇ injected env (8) from .env // tip: ⌘ override existing { override: true }

stdout | src/services/device-pairing.service.test.ts > device-pairing.service
[90m[info] [39mMikroORM version: [32m7.1.1[39m
[90m[discovery] [39mORM entity discovery started
[90m[discovery] [39m- processing entity [36mUsuario[39m[90m (/home/gtr/work/maciasoft/Controlador Pesaje/codigo/backend/src/models/Usuario.ts)[39m
[90m[discovery] [39m- processing entity [36mLineaProduccion[39m[90m (/home/gtr/work/maciasoft/Controlador Pesaje/codigo/backend/src/models/LineaProduccion.ts)[39m
[90m[discovery] [39m- processing entity [36mArticulo[39m[90m (/home/gtr/work/maciasoft/Controlador Pesaje/codigo/backend/src/models/Articulo.ts)[39m
[90m[discovery] [39m- processing entity [36mEtapa[39m[90m (/home/gtr/work/maciasoft/Controlador Pesaje/codigo/backend/src/models/Etapa.ts)[39m
[90m[discovery] [39m- processing entity [36mRutaPasada[39m[90m (/home/gtr/work/maciasoft/Controlador Pesaje/codigo/backend/src/models/RutaPasada.ts)[39m
[90m[discovery] [39m- processing entity [36mArticuloRutaPasada[39m[90m (/home/gtr/work/maciasoft/Controlador Pesaje/codigo/backend/src/models/ArticuloRutaPasada.ts)[39m
[90m[discovery] [39m- processing entity [36mRutaPasadaEtapa[39m[90m (/home/gtr/work/maciasoft/Controlador Pesaje/codigo/backend/src/models/RutaPasadaEtapa.ts)[39m
[90m[discovery] [39m- processing entity [36mPasada[39m[90m (/home/gtr/work/maciasoft/Controlador Pesaje/codigo/backend/src/models/Pasada.ts)[39m
[90m[discovery] [39m- processing entity [36mMuestra[39m[90m (/home/gtr/work/maciasoft/Controlador Pesaje/codigo/backend/src/models/Muestra.ts)[39m
[90m[discovery] [39m- processing entity [36mDispositivo[39m[90m (/home/gtr/work/maciasoft/Controlador Pesaje/codigo/backend/src/models/Dispositivo.ts)[39m

stdout | src/services/device-pairing.service.test.ts > device-pairing.service
[90m[discovery] [39m- entity discovery finished, found [32m10[39m entities, took [32m76 ms[39m

stdout | src/services/device-pairing.service.test.ts > device-pairing.service
[90m[query] [39mselect 1 from pg_database where datname = 'control_pesaje_test'[90m [took 169 ms, 1 result][39m

stdout | src/services/device-pairing.service.test.ts > device-pairing.service
[90m[query] [39mselect table_name, table_schema as schema_name, (select pg_catalog.obj_description(c.oid) from pg_catalog.pg_class c where c.oid = (select ('"' || table_schema || '"."' || table_name || '"')::regclass::oid) and c.relname = table_name) as table_comment from information_schema.tables t where "table_schema" not like 'pg_%' and "table_schema" not like 'crdb_%' and "table_schema" not like '_timescaledb_%' and "table_schema" not in ('information_schema', 'tiger', 'topology') and table_name != 'geometry_columns' and table_name != 'spatial_ref_sys' and table_type != 'VIEW' and not exists (select 1 from pg_inherits i join pg_class c on c.oid = i.inhrelid join pg_namespace n on n.oid = c.relnamespace where c.relname = t.table_name and n.nspname = t.table_schema) order by table_name[90m [took 36 ms, 10 results][39m

stdout | src/services/device-pairing.service.test.ts > device-pairing.service
[90m[query] [39mselect t.typname as enum_name, n.nspname as schema_name, array_agg(e.enumlabel order by e.enumsortorder) as enum_value from pg_type t join pg_enum e on t.oid = e.enumtypid join pg_catalog.pg_namespace n on n.oid = t.typnamespace where n.nspname in ('public') group by t.typname, n.nspname[90m [took 6 ms, 3 results][39m

stdout | src/services/device-pairing.service.test.ts > device-pairing.service
[90m[query] [39mselect table_schema as schema_name, table_name, column_name, column_default, is_nullable, udt_name, udt_schema, coalesce(datetime_precision, character_maximum_length) length, atttypmod custom_length, numeric_precision, numeric_scale, data_type, is_identity, identity_generation, generation_expression, pg_catalog.col_description(pgc.oid, cols.ordinal_position::int) column_comment, coll.collname as collation_name from information_schema.columns cols join pg_class pgc on cols.table_name = pgc.relname join pg_attribute pga on pgc.oid = pga.attrelid and cols.column_name = pga.attname left join pg_collation coll on pga.attcollation = coll.oid and coll.collname <> 'default' where ((table_schema = 'public' and table_name in ('articulo','articulo_ruta_pasada','dispositivo','etapa','linea_produccion','muestra','pasada','ruta_pasada','ruta_pasada_etapa','usuario'))) order by ordinal_position[90m [took 57 ms, 65 results][39m

stdout | src/services/device-pairing.service.test.ts > device-pairing.service
[90m[query] [39mselect indrelid::regclass as table_name, ns.nspname as schema_name, relname as constraint_name, idx.indisunique as unique, idx.indisprimary as primary, contype, condeferrable, condeferred, array( select pg_get_indexdef(idx.indexrelid, k + 1, true) from generate_subscripts(idx.indkey, 1) as k order by k ) as index_def, pg_get_indexdef(idx.indexrelid) as expression, c.condeferrable as deferrable, c.condeferred as initially_deferred, i.reloptions, am.amname as index_type from pg_index idx join pg_class as i on i.oid = idx.indexrelid join pg_namespace as ns on i.relnamespace = ns.oid join pg_am as am on am.oid = i.relam left join pg_constraint as c on c.conname = i.relname where indrelid in ('"public"."articulo"'::regclass, '"public"."articulo_ruta_pasada"'::regclass, '"public"."dispositivo"'::regclass, '"public"."etapa"'::regclass, '"public"."linea_produccion"'::regclass, '"public"."muestra"'::regclass, '"public"."pasada"'::regclass, '"public"."ruta_pasada"'::regclass, '"public"."ruta_pasada_etapa"'::regclass, '"public"."usuario"'::regclass) order by relname[90m [took 23 ms, 19 results][39m

stdout | src/services/device-pairing.service.test.ts > device-pairing.service
[90m[query] [39mselect ccu.table_name as table_name, ccu.table_schema as schema_name, pgc.conname as name, conrelid::regclass as table_from, ccu.column_name as column_name, pg_get_constraintdef(pgc.oid) as expression from pg_constraint pgc join pg_namespace nsp on nsp.oid = pgc.connamespace join pg_class cls on pgc.conrelid = cls.oid join information_schema.constraint_column_usage ccu on pgc.conname = ccu.constraint_name and nsp.nspname = ccu.constraint_schema and cls.relname = ccu.table_name where contype = 'c' and (ccu.table_name in ('articulo','articulo_ruta_pasada','dispositivo','etapa','linea_produccion','muestra','pasada','ruta_pasada','ruta_pasada_etapa','usuario') and ccu.table_schema = 'public') order by pgc.conname[90m [took 16 ms, 0 results][39m

stdout | src/services/device-pairing.service.test.ts > device-pairing.service
[90m[query] [39mselect nsp1.nspname schema_name, cls1.relname table_name, nsp2.nspname referenced_schema_name, cls2.relname referenced_table_name, a.attname column_name, af.attname referenced_column_name, conname constraint_name, confupdtype update_rule, confdeltype delete_rule, array_position(con.conkey,a.attnum) as ord, condeferrable, condeferred, pg_get_constraintdef(con.oid) as constraint_def from pg_attribute a join pg_constraint con on con.conrelid = a.attrelid AND a.attnum = ANY (con.conkey) join pg_attribute af on af.attnum = con.confkey[array_position(con.conkey,a.attnum)] AND af.attrelid = con.confrelid join pg_namespace nsp1 on nsp1.oid = con.connamespace join pg_class cls1 on cls1.oid = con.conrelid join pg_class cls2 on cls2.oid = confrelid join pg_namespace nsp2 on nsp2.oid = cls2.relnamespace where ((cls1.relname in ('articulo','articulo_ruta_pasada','dispositivo','etapa','linea_produccion','muestra','pasada','ruta_pasada','ruta_pasada_etapa','usuario') and nsp1.nspname = 'public')) and confrelid > 0 order by nsp1.nspname, cls1.relname, constraint_name, ord[90m [took 17 ms, 16 results][39m

stdout | src/services/device-pairing.service.test.ts > device-pairing.service
[90m[query] [39mwith targets(schema_name, table_name) as (values ('public'::text, 'articulo'), ('public'::text, 'articulo_ruta_pasada'), ('public'::text, 'dispositivo'), ('public'::text, 'etapa'), ('public'::text, 'linea_produccion'), ('public'::text, 'muestra'), ('public'::text, 'pasada'), ('public'::text, 'ruta_pasada'), ('public'::text, 'ruta_pasada_etapa'), ('public'::text, 'usuario')) select parent_ns.nspname as schema_name, parent.relname as table_name, pg_get_partkeydef(parent.oid) as partition_definition, child_ns.nspname as partition_schema_name, child.relname as partition_name, pg_get_expr(child.relpartbound, child.oid) as partition_bound from targets join pg_class parent on parent.relname = targets.table_name join pg_namespace parent_ns on parent_ns.oid = parent.relnamespace and parent_ns.nspname = coalesce(targets.schema_name, current_schema()) join pg_partitioned_table partitioned on partitioned.partrelid = parent.oid left join pg_inherits inherits on inherits.inhparent = parent.oid left join pg_class child on child.oid = inherits.inhrelid left join pg_namespace child_ns on child_ns.oid = child.relnamespace order by parent_ns.nspname, parent.relname, child_ns.nspname, child.relname[90m [took 8 ms, 0 results][39m

stdout | src/services/device-pairing.service.test.ts > device-pairing.service
[90m[query] [39mselect t.trigger_name, t.event_object_schema as schema_name, t.event_object_table as table_name, t.event_manipulation as event, t.action_timing as timing, t.action_orientation as for_each, t.action_condition as when_clause, pg_get_functiondef(p.oid) as function_def, p.prosrc as function_body from information_schema.triggers t left join pg_namespace n on n.nspname = t.event_object_schema left join pg_proc p on p.proname = t.event_object_table || '_' || t.trigger_name || '_fn' and p.pronamespace = n.oid where ((t.event_object_schema = 'public' and t.event_object_table in ('articulo', 'articulo_ruta_pasada', 'dispositivo', 'etapa', 'linea_produccion', 'muestra', 'pasada', 'ruta_pasada', 'ruta_pasada_etapa', 'usuario'))) order by t.trigger_name, t.event_manipulation[90m [took 10 ms, 0 results][39m

stdout | src/services/device-pairing.service.test.ts > device-pairing.service
[90m[query] [39mselect datcollate as collation from pg_database where datname = current_database()[90m [took 3 ms, 1 result][39m

stdout | src/services/device-pairing.service.test.ts > device-pairing.service
[90m[query] [39mselect table_name as view_name, table_schema as schema_name, view_definition from information_schema.views where "table_schema" not like 'pg_%' and "table_schema" not like 'crdb_%' and "table_schema" not like '_timescaledb_%' and "table_schema" not in ('information_schema', 'tiger', 'topology') and table_name != 'geography_columns' and table_name != 'geometry_columns' order by table_name[90m [took 15 ms, 0 results][39m

stdout | src/services/device-pairing.service.test.ts > device-pairing.service
[90m[query] [39mselect matviewname as view_name, schemaname as schema_name, definition as view_definition, ispopulated as is_populated from pg_matviews where "schemaname" not like 'pg_%' and "schemaname" not like 'crdb_%' and "schemaname" not like '_timescaledb_%' and "schemaname" not in ('information_schema', 'tiger', 'topology') order by matviewname[90m [took 5 ms, 0 results][39m

stdout | src/services/device-pairing.service.test.ts > device-pairing.service
[90m[query] [39mset names 'utf8';[90m [took 1 ms, 0 results][39m

stdout | src/services/device-pairing.service.test.ts > device-pairing.service
[90m[query] [39mdrop table if exists "muestra" cascade;drop table if exists "pasada" cascade;drop table if exists "usuario" cascade;drop table if exists "ruta_pasada_etapa" cascade;drop table if exists "articulo_ruta_pasada" cascade;drop table if exists "linea_produccion" cascade;drop table if exists "ruta_pasada" cascade;drop table if exists "etapa" cascade;drop table if exists "dispositivo" cascade;drop table if exists "articulo" cascade;drop type "muestra_estado_validacion_enum";drop type "pasada_estado_enum";drop type "usuario_rol_enum";[90m [took 116 ms, 0 results][39m

stdout | src/services/device-pairing.service.test.ts > device-pairing.service
[90m[query] [39mset names 'utf8';[90m [took 1 ms, 0 results][39m

stdout | src/services/device-pairing.service.test.ts > device-pairing.service
[90m[query] [39mcreate type "usuario_rol_enum" as enum ('operario', 'jefe', 'visualizacion', 'administrador');create type "pasada_estado_enum" as enum ('en_curso', 'completa', 'abortada');create type "muestra_estado_validacion_enum" as enum ('ok', 'fuera_de_rango');create table "articulo" ("id" serial primary key, "nombre" varchar(100) not null, "descripcion" text null, "marca" varchar(100) null, "activo" boolean not null default true);alter table "articulo" add constraint "articulo_nombre_marca_unique" unique ("nombre", "marca");[90m [took 28 ms, 0 results][39m

stdout | src/services/device-pairing.service.test.ts > device-pairing.service
[90m[query] [39mcreate table "dispositivo" ("hardware_id" varchar(255) not null, "nombre" varchar(100) not null, "ultima_conexion_at" timestamptz null, primary key ("hardware_id"));[90m [took 11 ms, 0 results][39m

stdout | src/services/device-pairing.service.test.ts > device-pairing.service
[90m[query] [39mcreate table "etapa" ("id" serial primary key, "nombre" varchar(100) not null, "descripcion" text null, "activo" boolean not null default true);alter table "etapa" add constraint "etapa_nombre_unique" unique ("nombre");[90m [took 21 ms, 0 results][39m

stdout | src/services/device-pairing.service.test.ts > device-pairing.service
[90m[query] [39mcreate table "ruta_pasada" ("id" serial primary key, "nombre" varchar(100) not null, "descripcion" text null, "activo" boolean not null default true);alter table "ruta_pasada" add constraint "ruta_pasada_nombre_unique" unique ("nombre");[90m [took 32 ms, 0 results][39m

stdout | src/services/device-pairing.service.test.ts > device-pairing.service
[90m[query] [39mcreate table "linea_produccion" ("id" serial primary key, "nombre" varchar(100) not null, "ruta_pasada_activa_id" int null, "dispositivo_hardware_id" varchar(255) null, "activo" boolean not null default true);alter table "linea_produccion" add constraint "linea_produccion_nombre_unique" unique ("nombre");alter table "linea_produccion" add constraint "linea_produccion_dispositivo_hardware_id_unique" unique ("dispositivo_hardware_id");[90m [took 21 ms, 0 results][39m

stdout | src/services/device-pairing.service.test.ts > device-pairing.service
[90m[query] [39mcreate table "articulo_ruta_pasada" ("id" serial primary key, "articulo_id" int not null, "ruta_pasada_id" int not null);alter table "articulo_ruta_pasada" add constraint "articulo_ruta_pasada_articulo_id_ruta_pasada_id_unique" unique ("articulo_id", "ruta_pasada_id");[90m [took 15 ms, 0 results][39m

stdout | src/services/device-pairing.service.test.ts > device-pairing.service
[90m[query] [39mcreate table "ruta_pasada_etapa" ("id" serial primary key, "ruta_pasada_id" int not null, "etapa_id" int not null, "orden" int not null, "peso_ideal" decimal(8,3) not null, "peso_minimo" decimal(8,3) not null, "peso_maximo" decimal(8,3) not null, "cantidad_muestras_requeridas" int not null);alter table "ruta_pasada_etapa" add constraint "ruta_pasada_etapa_ruta_pasada_id_etapa_id_unique" unique ("ruta_pasada_id", "etapa_id");[90m [took 19 ms, 0 results][39m

stdout | src/services/device-pairing.service.test.ts > device-pairing.service
[90m[query] [39mcreate table "usuario" ("id" serial primary key, "nombre_apellido" varchar(100) not null, "nombre_usuario" varchar(50) not null, "legajo" varchar(10) not null, "pin_hash" varchar(255) not null, "puede_tomar_muestras_libres" boolean not null default false, "rol" "usuario_rol_enum" not null, "activo" boolean not null default true, "datos_adicionales" jsonb null, "es_sistema" boolean not null default false);alter table "usuario" add constraint "usuario_nombre_usuario_unique" unique ("nombre_usuario");alter table "usuario" add constraint "usuario_legajo_unique" unique ("legajo");[90m [took 38 ms, 0 results][39m

stdout | src/services/device-pairing.service.test.ts > device-pairing.service
[90m[query] [39mcreate table "pasada" ("id" serial primary key, "linea_produccion_id" int not null, "ruta_pasada_id" int not null, "articulo_id" int null, "usuario_id" int not null, "numero" int not null, "estado" "pasada_estado_enum" not null default 'en_curso', "motivo_cierre" text null, "hora_inicio" timestamptz not null, "hora_cierre" timestamptz null, "observacion_cierre" text null, "activo" boolean not null default true);[90m [took 17 ms, 0 results][39m

stdout | src/services/device-pairing.service.test.ts > device-pairing.service
[90m[query] [39mcreate table "muestra" ("id" serial primary key, "pasada_id" int null, "usuario_id" int not null, "ruta_pasada_id" int not null, "articulo_id" int null, "etapa_id" int not null, "linea_produccion_id" int not null, "peso_neto" decimal(8,3) not null, "estado_validacion" "muestra_estado_validacion_enum" not null, "observacion" text null, "timestamp" timestamptz not null);[90m [took 16 ms, 0 results][39m

stdout | src/services/device-pairing.service.test.ts > device-pairing.service
[90m[query] [39malter table "linea_produccion" add constraint "linea_produccion_ruta_pasada_activa_id_foreign" foreign key ("ruta_pasada_activa_id") references "ruta_pasada" ("id") on delete restrict;alter table "linea_produccion" add constraint "linea_produccion_dispositivo_hardware_id_foreign" foreign key ("dispositivo_hardware_id") references "dispositivo" ("hardware_id") on delete set null;[90m [took 12 ms, 0 results][39m

stdout | src/services/device-pairing.service.test.ts > device-pairing.service
[90m[query] [39malter table "articulo_ruta_pasada" add constraint "articulo_ruta_pasada_articulo_id_foreign" foreign key ("articulo_id") references "articulo" ("id") on delete restrict;alter table "articulo_ruta_pasada" add constraint "articulo_ruta_pasada_ruta_pasada_id_foreign" foreign key ("ruta_pasada_id") references "ruta_pasada" ("id") on delete restrict;[90m [took 10 ms, 0 results][39m

stdout | src/services/device-pairing.service.test.ts > device-pairing.service
[90m[query] [39malter table "ruta_pasada_etapa" add constraint "ruta_pasada_etapa_ruta_pasada_id_foreign" foreign key ("ruta_pasada_id") references "ruta_pasada" ("id") on delete restrict;alter table "ruta_pasada_etapa" add constraint "ruta_pasada_etapa_etapa_id_foreign" foreign key ("etapa_id") references "etapa" ("id") on delete restrict;[90m [took 11 ms, 0 results][39m

stdout | src/services/device-pairing.service.test.ts > device-pairing.service
[90m[query] [39malter table "pasada" add constraint "pasada_linea_produccion_id_foreign" foreign key ("linea_produccion_id") references "linea_produccion" ("id") on delete restrict;alter table "pasada" add constraint "pasada_ruta_pasada_id_foreign" foreign key ("ruta_pasada_id") references "ruta_pasada" ("id") on delete restrict;alter table "pasada" add constraint "pasada_articulo_id_foreign" foreign key ("articulo_id") references "articulo" ("id") on delete restrict;alter table "pasada" add constraint "pasada_usuario_id_foreign" foreign key ("usuario_id") references "usuario" ("id") on delete restrict;[90m [took 15 ms, 0 results][39m

stdout | src/services/device-pairing.service.test.ts > device-pairing.service
[90m[query] [39malter table "muestra" add constraint "muestra_pasada_id_foreign" foreign key ("pasada_id") references "pasada" ("id") on delete restrict;alter table "muestra" add constraint "muestra_usuario_id_foreign" foreign key ("usuario_id") references "usuario" ("id") on delete restrict;alter table "muestra" add constraint "muestra_ruta_pasada_id_foreign" foreign key ("ruta_pasada_id") references "ruta_pasada" ("id") on delete restrict;alter table "muestra" add constraint "muestra_articulo_id_foreign" foreign key ("articulo_id") references "articulo" ("id") on delete restrict;alter table "muestra" add constraint "muestra_etapa_id_foreign" foreign key ("etapa_id") references "etapa" ("id") on delete restrict;alter table "muestra" add constraint "muestra_linea_produccion_id_foreign" foreign key ("linea_produccion_id") references "linea_produccion" ("id") on delete restrict;[90m [took 25 ms, 0 results][39m

stdout | src/services/device-pairing.service.test.ts > device-pairing.service > findLineaByHardwareId > returns the active línea matching the hardwareId (resolved via Dispositivo)
[90m[query] [39mdelete from "dispositivo"[90m [took 1 ms, 0 rows affected][39m

stdout | src/services/device-pairing.service.test.ts > device-pairing.service > findLineaByHardwareId > returns the active línea matching the hardwareId (resolved via Dispositivo)
[90m[query] [39mdelete from "linea_produccion"[90m [took 3 ms, 0 rows affected][39m

stdout | src/services/device-pairing.service.test.ts > device-pairing.service > findLineaByHardwareId > returns the active línea matching the hardwareId (resolved via Dispositivo)
[90m[query] [39mbegin

stdout | src/services/device-pairing.service.test.ts > device-pairing.service > findLineaByHardwareId > returns the active línea matching the hardwareId (resolved via Dispositivo)
[90m[query] [39minsert into "linea_produccion" ("nombre", "activo") values ('Linea A', true), ('Linea B', true), ('Linea Inactiva', false) returning "id"[90m [took 2 ms, 3 rows affected][39m

stdout | src/services/device-pairing.service.test.ts > device-pairing.service > findLineaByHardwareId > returns the active línea matching the hardwareId (resolved via Dispositivo)
[90m[query] [39mcommit

stdout | src/services/device-pairing.service.test.ts > device-pairing.service > findLineaByHardwareId > returns the active línea matching the hardwareId (resolved via Dispositivo)
[90m[query] [39mbegin

stdout | src/services/device-pairing.service.test.ts > device-pairing.service > findLineaByHardwareId > returns the active línea matching the hardwareId (resolved via Dispositivo)
[90m[query] [39minsert into "dispositivo" ("hardware_id", "nombre") values ('hw-aaaa', 'Pi-hw-a'), ('hw-inactiva', 'Pi-hw-i')[90m [took 1 ms, 2 rows affected][39m

stdout | src/services/device-pairing.service.test.ts > device-pairing.service > findLineaByHardwareId > returns the active línea matching the hardwareId (resolved via Dispositivo)
[90m[query] [39mupdate "linea_produccion" set "dispositivo_hardware_id" = 'hw-aaaa' where "id" = 1[90m [took 2 ms, 1 row affected][39m

stdout | src/services/device-pairing.service.test.ts > device-pairing.service > findLineaByHardwareId > returns the active línea matching the hardwareId (resolved via Dispositivo)
[90m[query] [39mupdate "linea_produccion" set "dispositivo_hardware_id" = 'hw-inactiva' where "id" = 3[90m [took 1 ms, 1 row affected][39m

stdout | src/services/device-pairing.service.test.ts > device-pairing.service > findLineaByHardwareId > returns the active línea matching the hardwareId (resolved via Dispositivo)
[90m[query] [39mcommit

stdout | src/services/device-pairing.service.test.ts > device-pairing.service > findLineaByHardwareId > returns the active línea matching the hardwareId (resolved via Dispositivo)
[90m[query] [39mselect "d0".*, "l1"."id" as "l1__id", "l1"."nombre" as "l1__nombre", "l1"."ruta_pasada_activa_id" as "l1__ruta_pasada_activa_id", "l1"."dispositivo_hardware_id" as "l1__dispositivo_hardware_id", "l1"."activo" as "l1__activo" from "dispositivo" as "d0" left join "linea_produccion" as "l1" on "d0"."hardware_id" = "l1"."dispositivo_hardware_id" where "d0"."hardware_id" = 'hw-aaaa' limit 1[90m [took 2 ms, 1 result][39m

stdout | src/services/device-pairing.service.test.ts > device-pairing.service > findLineaByHardwareId > returns the active línea matching the hardwareId (resolved via Dispositivo)
[90m[query] [39mselect "l0".* from "linea_produccion" as "l0" where "l0"."dispositivo_hardware_id" in ('hw-aaaa')[90m [took 1 ms, 1 result][39m

stdout | src/services/device-pairing.service.test.ts > device-pairing.service > findLineaByHardwareId > returns null when no Dispositivo matches the hardwareId
[90m[query] [39mdelete from "dispositivo"[90m [took 4 ms, 2 rows affected][39m

stdout | src/services/device-pairing.service.test.ts > device-pairing.service > findLineaByHardwareId > returns null when no Dispositivo matches the hardwareId
[90m[query] [39mdelete from "linea_produccion"[90m [took 5 ms, 3 rows affected][39m

stdout | src/services/device-pairing.service.test.ts > device-pairing.service > findLineaByHardwareId > returns null when no Dispositivo matches the hardwareId
[90m[query] [39mbegin

stdout | src/services/device-pairing.service.test.ts > device-pairing.service > findLineaByHardwareId > returns null when no Dispositivo matches the hardwareId
[90m[query] [39minsert into "linea_produccion" ("nombre", "activo") values ('Linea A', true), ('Linea B', true), ('Linea Inactiva', false) returning "id"[90m [took 1 ms, 3 rows affected][39m

stdout | src/services/device-pairing.service.test.ts > device-pairing.service > findLineaByHardwareId > returns null when no Dispositivo matches the hardwareId
[90m[query] [39mcommit

stdout | src/services/device-pairing.service.test.ts > device-pairing.service > findLineaByHardwareId > returns null when no Dispositivo matches the hardwareId
[90m[query] [39mbegin

stdout | src/services/device-pairing.service.test.ts > device-pairing.service > findLineaByHardwareId > returns null when no Dispositivo matches the hardwareId
[90m[query] [39minsert into "dispositivo" ("hardware_id", "nombre") values ('hw-aaaa', 'Pi-hw-a'), ('hw-inactiva', 'Pi-hw-i')[90m [took 3 ms, 2 rows affected][39m

stdout | src/services/device-pairing.service.test.ts > device-pairing.service > findLineaByHardwareId > returns null when no Dispositivo matches the hardwareId
[90m[query] [39mupdate "linea_produccion" set "dispositivo_hardware_id" = 'hw-aaaa' where "id" = 4[90m [took 1 ms, 1 row affected][39m

stdout | src/services/device-pairing.service.test.ts > device-pairing.service > findLineaByHardwareId > returns null when no Dispositivo matches the hardwareId
[90m[query] [39mupdate "linea_produccion" set "dispositivo_hardware_id" = 'hw-inactiva' where "id" = 6[90m [took 2 ms, 1 row affected][39m

stdout | src/services/device-pairing.service.test.ts > device-pairing.service > findLineaByHardwareId > returns null when no Dispositivo matches the hardwareId
[90m[query] [39mcommit

stdout | src/services/device-pairing.service.test.ts > device-pairing.service > findLineaByHardwareId > returns null when no Dispositivo matches the hardwareId
[90m[query] [39mselect "d0".*, "l1"."id" as "l1__id", "l1"."nombre" as "l1__nombre", "l1"."ruta_pasada_activa_id" as "l1__ruta_pasada_activa_id", "l1"."dispositivo_hardware_id" as "l1__dispositivo_hardware_id", "l1"."activo" as "l1__activo" from "dispositivo" as "d0" left join "linea_produccion" as "l1" on "d0"."hardware_id" = "l1"."dispositivo_hardware_id" where "d0"."hardware_id" = 'hw-does-not-exist' limit 1[90m [took 2 ms, 0 results][39m

stdout | src/services/device-pairing.service.test.ts > device-pairing.service > findLineaByHardwareId > returns null when the matching línea is inactive (activo: false)
[90m[query] [39mdelete from "dispositivo"[90m [took 4 ms, 2 rows affected][39m

stdout | src/services/device-pairing.service.test.ts > device-pairing.service > findLineaByHardwareId > returns null when the matching línea is inactive (activo: false)
[90m[query] [39mdelete from "linea_produccion"[90m [took 5 ms, 3 rows affected][39m

stdout | src/services/device-pairing.service.test.ts > device-pairing.service > findLineaByHardwareId > returns null when the matching línea is inactive (activo: false)
[90m[query] [39mbegin

stdout | src/services/device-pairing.service.test.ts > device-pairing.service > findLineaByHardwareId > returns null when the matching línea is inactive (activo: false)
[90m[query] [39minsert into "linea_produccion" ("nombre", "activo") values ('Linea A', true), ('Linea B', true), ('Linea Inactiva', false) returning "id"[90m [took 1 ms, 3 rows affected][39m

stdout | src/services/device-pairing.service.test.ts > device-pairing.service > findLineaByHardwareId > returns null when the matching línea is inactive (activo: false)
[90m[query] [39mcommit

stdout | src/services/device-pairing.service.test.ts > device-pairing.service > findLineaByHardwareId > returns null when the matching línea is inactive (activo: false)
[90m[query] [39mbegin

stdout | src/services/device-pairing.service.test.ts > device-pairing.service > findLineaByHardwareId > returns null when the matching línea is inactive (activo: false)
[90m[query] [39minsert into "dispositivo" ("hardware_id", "nombre") values ('hw-aaaa', 'Pi-hw-a'), ('hw-inactiva', 'Pi-hw-i')[90m [took 3 ms, 2 rows affected][39m

stdout | src/services/device-pairing.service.test.ts > device-pairing.service > findLineaByHardwareId > returns null when the matching línea is inactive (activo: false)
[90m[query] [39mupdate "linea_produccion" set "dispositivo_hardware_id" = 'hw-aaaa' where "id" = 7[90m [took 1 ms, 1 row affected][39m

stdout | src/services/device-pairing.service.test.ts > device-pairing.service > findLineaByHardwareId > returns null when the matching línea is inactive (activo: false)
[90m[query] [39mupdate "linea_produccion" set "dispositivo_hardware_id" = 'hw-inactiva' where "id" = 9[90m [took 2 ms, 1 row affected][39m

stdout | src/services/device-pairing.service.test.ts > device-pairing.service > findLineaByHardwareId > returns null when the matching línea is inactive (activo: false)
[90m[query] [39mcommit

stdout | src/services/device-pairing.service.test.ts > device-pairing.service > findLineaByHardwareId > returns null when the matching línea is inactive (activo: false)
[90m[query] [39mselect "d0".*, "l1"."id" as "l1__id", "l1"."nombre" as "l1__nombre", "l1"."ruta_pasada_activa_id" as "l1__ruta_pasada_activa_id", "l1"."dispositivo_hardware_id" as "l1__dispositivo_hardware_id", "l1"."activo" as "l1__activo" from "dispositivo" as "d0" left join "linea_produccion" as "l1" on "d0"."hardware_id" = "l1"."dispositivo_hardware_id" where "d0"."hardware_id" = 'hw-inactiva' limit 1[90m [took 1 ms, 1 result][39m

stdout | src/services/device-pairing.service.test.ts > device-pairing.service > findLineaByHardwareId > returns null when the matching línea is inactive (activo: false)
[90m[query] [39mselect "l0".* from "linea_produccion" as "l0" where "l0"."dispositivo_hardware_id" in ('hw-inactiva')[90m [took 2 ms, 1 result][39m

stdout | src/services/device-pairing.service.test.ts > device-pairing.service > findLineaByHardwareId > returns null when the Dispositivo exists but has no línea assigned
[90m[query] [39mdelete from "dispositivo"[90m [took 4 ms, 2 rows affected][39m

stdout | src/services/device-pairing.service.test.ts > device-pairing.service > findLineaByHardwareId > returns null when the Dispositivo exists but has no línea assigned
[90m[query] [39mdelete from "linea_produccion"[90m [took 5 ms, 3 rows affected][39m

stdout | src/services/device-pairing.service.test.ts > device-pairing.service > findLineaByHardwareId > returns null when the Dispositivo exists but has no línea assigned
[90m[query] [39mbegin

stdout | src/services/device-pairing.service.test.ts > device-pairing.service > findLineaByHardwareId > returns null when the Dispositivo exists but has no línea assigned
[90m[query] [39minsert into "linea_produccion" ("nombre", "activo") values ('Linea A', true), ('Linea B', true), ('Linea Inactiva', false) returning "id"[90m [took 2 ms, 3 rows affected][39m

stdout | src/services/device-pairing.service.test.ts > device-pairing.service > findLineaByHardwareId > returns null when the Dispositivo exists but has no línea assigned
[90m[query] [39mcommit

stdout | src/services/device-pairing.service.test.ts > device-pairing.service > findLineaByHardwareId > returns null when the Dispositivo exists but has no línea assigned
[90m[query] [39mbegin

stdout | src/services/device-pairing.service.test.ts > device-pairing.service > findLineaByHardwareId > returns null when the Dispositivo exists but has no línea assigned
[90m[query] [39minsert into "dispositivo" ("hardware_id", "nombre") values ('hw-aaaa', 'Pi-hw-a'), ('hw-inactiva', 'Pi-hw-i')[90m [took 1 ms, 2 rows affected][39m

stdout | src/services/device-pairing.service.test.ts > device-pairing.service > findLineaByHardwareId > returns null when the Dispositivo exists but has no línea assigned
[90m[query] [39mupdate "linea_produccion" set "dispositivo_hardware_id" = 'hw-aaaa' where "id" = 10[90m [took 2 ms, 1 row affected][39m

stdout | src/services/device-pairing.service.test.ts > device-pairing.service > findLineaByHardwareId > returns null when the Dispositivo exists but has no línea assigned
[90m[query] [39mupdate "linea_produccion" set "dispositivo_hardware_id" = 'hw-inactiva' where "id" = 12[90m [took 2 ms, 1 row affected][39m

stdout | src/services/device-pairing.service.test.ts > device-pairing.service > findLineaByHardwareId > returns null when the Dispositivo exists but has no línea assigned
[90m[query] [39mcommit

stdout | src/services/device-pairing.service.test.ts > device-pairing.service > findLineaByHardwareId > returns null when the Dispositivo exists but has no línea assigned
[90m[query] [39mbegin

stdout | src/services/device-pairing.service.test.ts > device-pairing.service > findLineaByHardwareId > returns null when the Dispositivo exists but has no línea assigned
[90m[query] [39minsert into "dispositivo" ("hardware_id", "nombre") values ('hw-unassigned', 'Pi-hw-u')[90m [took 1 ms, 1 row affected][39m

stdout | src/services/device-pairing.service.test.ts > device-pairing.service > findLineaByHardwareId > returns null when the Dispositivo exists but has no línea assigned
[90m[query] [39mcommit

stdout | src/services/device-pairing.service.test.ts > device-pairing.service > findLineaByHardwareId > returns null when the Dispositivo exists but has no línea assigned
[90m[query] [39mselect "d0".*, "l1"."id" as "l1__id", "l1"."nombre" as "l1__nombre", "l1"."ruta_pasada_activa_id" as "l1__ruta_pasada_activa_id", "l1"."dispositivo_hardware_id" as "l1__dispositivo_hardware_id", "l1"."activo" as "l1__activo" from "dispositivo" as "d0" left join "linea_produccion" as "l1" on "d0"."hardware_id" = "l1"."dispositivo_hardware_id" where "d0"."hardware_id" = 'hw-unassigned' limit 1[90m [took 1 ms, 1 result][39m

stdout | src/services/device-pairing.service.test.ts > device-pairing.service > findDispositivoByHardwareId > returns the Dispositivo with lineaProduccion populated
[90m[query] [39mdelete from "dispositivo"[90m [took 4 ms, 3 rows affected][39m

stdout | src/services/device-pairing.service.test.ts > device-pairing.service > findDispositivoByHardwareId > returns the Dispositivo with lineaProduccion populated
[90m[query] [39mdelete from "linea_produccion"[90m [took 5 ms, 3 rows affected][39m

stdout | src/services/device-pairing.service.test.ts > device-pairing.service > findDispositivoByHardwareId > returns the Dispositivo with lineaProduccion populated
[90m[query] [39mbegin

stdout | src/services/device-pairing.service.test.ts > device-pairing.service > findDispositivoByHardwareId > returns the Dispositivo with lineaProduccion populated
[90m[query] [39minsert into "linea_produccion" ("nombre", "activo") values ('Linea A', true), ('Linea B', true), ('Linea Inactiva', false) returning "id"[90m [took 1 ms, 3 rows affected][39m

stdout | src/services/device-pairing.service.test.ts > device-pairing.service > findDispositivoByHardwareId > returns the Dispositivo with lineaProduccion populated
[90m[query] [39mcommit

stdout | src/services/device-pairing.service.test.ts > device-pairing.service > findDispositivoByHardwareId > returns the Dispositivo with lineaProduccion populated
[90m[query] [39mbegin

stdout | src/services/device-pairing.service.test.ts > device-pairing.service > findDispositivoByHardwareId > returns the Dispositivo with lineaProduccion populated
[90m[query] [39minsert into "dispositivo" ("hardware_id", "nombre") values ('hw-aaaa', 'Pi-hw-a'), ('hw-inactiva', 'Pi-hw-i')[90m [took 1 ms, 2 rows affected][39m

stdout | src/services/device-pairing.service.test.ts > device-pairing.service > findDispositivoByHardwareId > returns the Dispositivo with lineaProduccion populated
[90m[query] [39mupdate "linea_produccion" set "dispositivo_hardware_id" = 'hw-aaaa' where "id" = 13[90m [took 1 ms, 1 row affected][39m

stdout | src/services/device-pairing.service.test.ts > device-pairing.service > findDispositivoByHardwareId > returns the Dispositivo with lineaProduccion populated
[90m[query] [39mupdate "linea_produccion" set "dispositivo_hardware_id" = 'hw-inactiva' where "id" = 15[90m [took 1 ms, 1 row affected][39m

stdout | src/services/device-pairing.service.test.ts > device-pairing.service > findDispositivoByHardwareId > returns the Dispositivo with lineaProduccion populated
[90m[query] [39mcommit

stdout | src/services/device-pairing.service.test.ts > device-pairing.service > findDispositivoByHardwareId > returns the Dispositivo with lineaProduccion populated
[90m[query] [39mselect "d0".*, "l1"."id" as "l1__id", "l1"."nombre" as "l1__nombre", "l1"."ruta_pasada_activa_id" as "l1__ruta_pasada_activa_id", "l1"."dispositivo_hardware_id" as "l1__dispositivo_hardware_id", "l1"."activo" as "l1__activo" from "dispositivo" as "d0" left join "linea_produccion" as "l1" on "d0"."hardware_id" = "l1"."dispositivo_hardware_id" where "d0"."hardware_id" = 'hw-aaaa' limit 1[90m [took 1 ms, 1 result][39m

stdout | src/services/device-pairing.service.test.ts > device-pairing.service > findDispositivoByHardwareId > returns the Dispositivo with lineaProduccion populated
[90m[query] [39mselect "l0".* from "linea_produccion" as "l0" where "l0"."dispositivo_hardware_id" in ('hw-aaaa')[90m [took 2 ms, 1 result][39m

stdout | src/services/device-pairing.service.test.ts > device-pairing.service > findDispositivoByHardwareId > returns null when no Dispositivo matches the hardwareId
[90m[query] [39mdelete from "dispositivo"[90m [took 5 ms, 2 rows affected][39m

stdout | src/services/device-pairing.service.test.ts > device-pairing.service > findDispositivoByHardwareId > returns null when no Dispositivo matches the hardwareId
[90m[query] [39mdelete from "linea_produccion"[90m [took 7 ms, 3 rows affected][39m

stdout | src/services/device-pairing.service.test.ts > device-pairing.service > findDispositivoByHardwareId > returns null when no Dispositivo matches the hardwareId
[90m[query] [39mbegin

stdout | src/services/device-pairing.service.test.ts > device-pairing.service > findDispositivoByHardwareId > returns null when no Dispositivo matches the hardwareId
[90m[query] [39minsert into "linea_produccion" ("nombre", "activo") values ('Linea A', true), ('Linea B', true), ('Linea Inactiva', false) returning "id"[90m [took 3 ms, 3 rows affected][39m

stdout | src/services/device-pairing.service.test.ts > device-pairing.service > findDispositivoByHardwareId > returns null when no Dispositivo matches the hardwareId
[90m[query] [39mcommit

stdout | src/services/device-pairing.service.test.ts > device-pairing.service > findDispositivoByHardwareId > returns null when no Dispositivo matches the hardwareId
[90m[query] [39mbegin

stdout | src/services/device-pairing.service.test.ts > device-pairing.service > findDispositivoByHardwareId > returns null when no Dispositivo matches the hardwareId
[90m[query] [39minsert into "dispositivo" ("hardware_id", "nombre") values ('hw-aaaa', 'Pi-hw-a'), ('hw-inactiva', 'Pi-hw-i')[90m [took 2 ms, 2 rows affected][39m

stdout | src/services/device-pairing.service.test.ts > device-pairing.service > findDispositivoByHardwareId > returns null when no Dispositivo matches the hardwareId
[90m[query] [39mupdate "linea_produccion" set "dispositivo_hardware_id" = 'hw-aaaa' where "id" = 16[90m [took 2 ms, 1 row affected][39m

stdout | src/services/device-pairing.service.test.ts > device-pairing.service > findDispositivoByHardwareId > returns null when no Dispositivo matches the hardwareId
[90m[query] [39mupdate "linea_produccion" set "dispositivo_hardware_id" = 'hw-inactiva' where "id" = 18[90m [took 2 ms, 1 row affected][39m

stdout | src/services/device-pairing.service.test.ts > device-pairing.service > findDispositivoByHardwareId > returns null when no Dispositivo matches the hardwareId
[90m[query] [39mcommit

stdout | src/services/device-pairing.service.test.ts > device-pairing.service > findDispositivoByHardwareId > returns null when no Dispositivo matches the hardwareId
[90m[query] [39mselect "d0".*, "l1"."id" as "l1__id", "l1"."nombre" as "l1__nombre", "l1"."ruta_pasada_activa_id" as "l1__ruta_pasada_activa_id", "l1"."dispositivo_hardware_id" as "l1__dispositivo_hardware_id", "l1"."activo" as "l1__activo" from "dispositivo" as "d0" left join "linea_produccion" as "l1" on "d0"."hardware_id" = "l1"."dispositivo_hardware_id" where "d0"."hardware_id" = 'hw-does-not-exist' limit 1[90m [took 3 ms, 0 results][39m

stdout | src/services/device-pairing.service.test.ts > device-pairing.service > assignHardwareIdToLinea > assigns the hardwareId to a línea with no prior holder (creates Dispositivo)
[90m[query] [39mdelete from "dispositivo"[90m [took 4 ms, 2 rows affected][39m

stdout | src/services/device-pairing.service.test.ts > device-pairing.service > assignHardwareIdToLinea > assigns the hardwareId to a línea with no prior holder (creates Dispositivo)
[90m[query] [39mdelete from "linea_produccion"[90m [took 6 ms, 3 rows affected][39m

stdout | src/services/device-pairing.service.test.ts > device-pairing.service > assignHardwareIdToLinea > assigns the hardwareId to a línea with no prior holder (creates Dispositivo)
[90m[query] [39mbegin

stdout | src/services/device-pairing.service.test.ts > device-pairing.service > assignHardwareIdToLinea > assigns the hardwareId to a línea with no prior holder (creates Dispositivo)
[90m[query] [39minsert into "linea_produccion" ("nombre", "activo") values ('Linea A', true), ('Linea B', true), ('Linea Inactiva', false) returning "id"[90m [took 3 ms, 3 rows affected][39m

stdout | src/services/device-pairing.service.test.ts > device-pairing.service > assignHardwareIdToLinea > assigns the hardwareId to a línea with no prior holder (creates Dispositivo)
[90m[query] [39mcommit

stdout | src/services/device-pairing.service.test.ts > device-pairing.service > assignHardwareIdToLinea > assigns the hardwareId to a línea with no prior holder (creates Dispositivo)
[90m[query] [39mbegin

stdout | src/services/device-pairing.service.test.ts > device-pairing.service > assignHardwareIdToLinea > assigns the hardwareId to a línea with no prior holder (creates Dispositivo)
[90m[query] [39minsert into "dispositivo" ("hardware_id", "nombre") values ('hw-aaaa', 'Pi-hw-a'), ('hw-inactiva', 'Pi-hw-i')[90m [took 1 ms, 2 rows affected][39m

stdout | src/services/device-pairing.service.test.ts > device-pairing.service > assignHardwareIdToLinea > assigns the hardwareId to a línea with no prior holder (creates Dispositivo)
[90m[query] [39mupdate "linea_produccion" set "dispositivo_hardware_id" = 'hw-aaaa' where "id" = 19[90m [took 1 ms, 1 row affected][39m

stdout | src/services/device-pairing.service.test.ts > device-pairing.service > assignHardwareIdToLinea > assigns the hardwareId to a línea with no prior holder (creates Dispositivo)
[90m[query] [39mupdate "linea_produccion" set "dispositivo_hardware_id" = 'hw-inactiva' where "id" = 21[90m [took 2 ms, 1 row affected][39m

stdout | src/services/device-pairing.service.test.ts > device-pairing.service > assignHardwareIdToLinea > assigns the hardwareId to a línea with no prior holder (creates Dispositivo)
[90m[query] [39mcommit

stdout | src/services/device-pairing.service.test.ts > device-pairing.service > assignHardwareIdToLinea > assigns the hardwareId to a línea with no prior holder (creates Dispositivo)
[90m[query] [39mbegin

stdout | src/services/device-pairing.service.test.ts > device-pairing.service > assignHardwareIdToLinea > assigns the hardwareId to a línea with no prior holder (creates Dispositivo)
[90m[query] [39mselect "l0".*, "d1"."hardware_id" as "d1__hardware_id", "d1"."nombre" as "d1__nombre", "d1"."ultima_conexion_at" as "d1__ultima_conexion_at" from "linea_produccion" as "l0" left join "dispositivo" as "d1" on "l0"."dispositivo_hardware_id" = "d1"."hardware_id" where "l0"."id" = 20 limit 1[90m [took 1 ms, 1 result][39m

stdout | src/services/device-pairing.service.test.ts > device-pairing.service > assignHardwareIdToLinea > assigns the hardwareId to a línea with no prior holder (creates Dispositivo)
[90m[query] [39mselect "d0".*, "l1"."id" as "l1__id", "l1"."nombre" as "l1__nombre", "l1"."ruta_pasada_activa_id" as "l1__ruta_pasada_activa_id", "l1"."dispositivo_hardware_id" as "l1__dispositivo_hardware_id", "l1"."activo" as "l1__activo" from "dispositivo" as "d0" left join "linea_produccion" as "l1" on "d0"."hardware_id" = "l1"."dispositivo_hardware_id" where "d0"."hardware_id" = 'hw-new-device' limit 1[90m [took 1 ms, 0 results][39m

stdout | src/services/device-pairing.service.test.ts > device-pairing.service > assignHardwareIdToLinea > assigns the hardwareId to a línea with no prior holder (creates Dispositivo)
[90m[query] [39minsert into "dispositivo" ("hardware_id", "nombre") values ('hw-new-device', 'Pi-hw-n')[90m [took 2 ms, 1 row affected][39m

stdout | src/services/device-pairing.service.test.ts > device-pairing.service > assignHardwareIdToLinea > assigns the hardwareId to a línea with no prior holder (creates Dispositivo)
[90m[query] [39mupdate "linea_produccion" set "dispositivo_hardware_id" = 'hw-new-device' where "id" = 20[90m [took 2 ms, 1 row affected][39m

stdout | src/services/device-pairing.service.test.ts > device-pairing.service > assignHardwareIdToLinea > assigns the hardwareId to a línea with no prior holder (creates Dispositivo)
[90m[query] [39mcommit

stdout | src/services/device-pairing.service.test.ts > device-pairing.service > assignHardwareIdToLinea > assigns the hardwareId to a línea with no prior holder (creates Dispositivo)
[90m[query] [39mselect "d0".*, "l1"."id" as "l1__id", "l1"."nombre" as "l1__nombre", "l1"."ruta_pasada_activa_id" as "l1__ruta_pasada_activa_id", "l1"."dispositivo_hardware_id" as "l1__dispositivo_hardware_id", "l1"."activo" as "l1__activo" from "dispositivo" as "d0" left join "linea_produccion" as "l1" on "d0"."hardware_id" = "l1"."dispositivo_hardware_id" where "d0"."hardware_id" = 'hw-new-device' limit 1[90m [took 2 ms, 1 result][39m

stdout | src/services/device-pairing.service.test.ts > device-pairing.service > assignHardwareIdToLinea > throws validation error when the device is already assigned to another línea
[90m[query] [39mdelete from "dispositivo"[90m [took 4 ms, 3 rows affected][39m

stdout | src/services/device-pairing.service.test.ts > device-pairing.service > assignHardwareIdToLinea > throws validation error when the device is already assigned to another línea
[90m[query] [39mdelete from "linea_produccion"[90m [took 4 ms, 3 rows affected][39m

stdout | src/services/device-pairing.service.test.ts > device-pairing.service > assignHardwareIdToLinea > throws validation error when the device is already assigned to another línea
[90m[query] [39mbegin

stdout | src/services/device-pairing.service.test.ts > device-pairing.service > assignHardwareIdToLinea > throws validation error when the device is already assigned to another línea
[90m[query] [39minsert into "linea_produccion" ("nombre", "activo") values ('Linea A', true), ('Linea B', true), ('Linea Inactiva', false) returning "id"[90m [took 3 ms, 3 rows affected][39m

stdout | src/services/device-pairing.service.test.ts > device-pairing.service > assignHardwareIdToLinea > throws validation error when the device is already assigned to another línea
[90m[query] [39mcommit

stdout | src/services/device-pairing.service.test.ts > device-pairing.service > assignHardwareIdToLinea > throws validation error when the device is already assigned to another línea
[90m[query] [39mbegin

stdout | src/services/device-pairing.service.test.ts > device-pairing.service > assignHardwareIdToLinea > throws validation error when the device is already assigned to another línea
[90m[query] [39minsert into "dispositivo" ("hardware_id", "nombre") values ('hw-aaaa', 'Pi-hw-a'), ('hw-inactiva', 'Pi-hw-i')[90m [took 1 ms, 2 rows affected][39m

stdout | src/services/device-pairing.service.test.ts > device-pairing.service > assignHardwareIdToLinea > throws validation error when the device is already assigned to another línea
[90m[query] [39mupdate "linea_produccion" set "dispositivo_hardware_id" = 'hw-aaaa' where "id" = 22[90m [took 1 ms, 1 row affected][39m

stdout | src/services/device-pairing.service.test.ts > device-pairing.service > assignHardwareIdToLinea > throws validation error when the device is already assigned to another línea
[90m[query] [39mupdate "linea_produccion" set "dispositivo_hardware_id" = 'hw-inactiva' where "id" = 24[90m [took 2 ms, 1 row affected][39m

stdout | src/services/device-pairing.service.test.ts > device-pairing.service > assignHardwareIdToLinea > throws validation error when the device is already assigned to another línea
[90m[query] [39mcommit

stdout | src/services/device-pairing.service.test.ts > device-pairing.service > assignHardwareIdToLinea > throws validation error when the device is already assigned to another línea
[90m[query] [39mbegin

stdout | src/services/device-pairing.service.test.ts > device-pairing.service > assignHardwareIdToLinea > throws validation error when the device is already assigned to another línea
[90m[query] [39mselect "l0".*, "d1"."hardware_id" as "d1__hardware_id", "d1"."nombre" as "d1__nombre", "d1"."ultima_conexion_at" as "d1__ultima_conexion_at" from "linea_produccion" as "l0" left join "dispositivo" as "d1" on "l0"."dispositivo_hardware_id" = "d1"."hardware_id" where "l0"."id" = 23 limit 1[90m [took 1 ms, 1 result][39m

stdout | src/services/device-pairing.service.test.ts > device-pairing.service > assignHardwareIdToLinea > throws validation error when the device is already assigned to another línea
[90m[query] [39mselect "d0".*, "l1"."id" as "l1__id", "l1"."nombre" as "l1__nombre", "l1"."ruta_pasada_activa_id" as "l1__ruta_pasada_activa_id", "l1"."dispositivo_hardware_id" as "l1__dispositivo_hardware_id", "l1"."activo" as "l1__activo" from "dispositivo" as "d0" left join "linea_produccion" as "l1" on "d0"."hardware_id" = "l1"."dispositivo_hardware_id" where "d0"."hardware_id" = 'hw-aaaa' limit 1[90m [took 2 ms, 1 result][39m

stdout | src/services/device-pairing.service.test.ts > device-pairing.service > assignHardwareIdToLinea > throws validation error when the device is already assigned to another línea
[90m[query] [39mselect "l0".* from "linea_produccion" as "l0" where "l0"."dispositivo_hardware_id" in ('hw-aaaa')[90m [took 1 ms, 1 result][39m

stdout | src/services/device-pairing.service.test.ts > device-pairing.service > assignHardwareIdToLinea > throws validation error when the device is already assigned to another línea
[90m[query] [39mrollback

stdout | src/services/device-pairing.service.test.ts > device-pairing.service > assignHardwareIdToLinea > throws validation error when the target línea is already assigned to another device
[90m[query] [39mdelete from "dispositivo"[90m [took 7 ms, 2 rows affected][39m

stdout | src/services/device-pairing.service.test.ts > device-pairing.service > assignHardwareIdToLinea > throws validation error when the target línea is already assigned to another device
[90m[query] [39mdelete from "linea_produccion"[90m [took 4 ms, 3 rows affected][39m

stdout | src/services/device-pairing.service.test.ts > device-pairing.service > assignHardwareIdToLinea > throws validation error when the target línea is already assigned to another device
[90m[query] [39mbegin

stdout | src/services/device-pairing.service.test.ts > device-pairing.service > assignHardwareIdToLinea > throws validation error when the target línea is already assigned to another device
[90m[query] [39minsert into "linea_produccion" ("nombre", "activo") values ('Linea A', true), ('Linea B', true), ('Linea Inactiva', false) returning "id"[90m [took 2 ms, 3 rows affected][39m

stdout | src/services/device-pairing.service.test.ts > device-pairing.service > assignHardwareIdToLinea > throws validation error when the target línea is already assigned to another device
[90m[query] [39mcommit

stdout | src/services/device-pairing.service.test.ts > device-pairing.service > assignHardwareIdToLinea > throws validation error when the target línea is already assigned to another device
[90m[query] [39mbegin

stdout | src/services/device-pairing.service.test.ts > device-pairing.service > assignHardwareIdToLinea > throws validation error when the target línea is already assigned to another device
[90m[query] [39minsert into "dispositivo" ("hardware_id", "nombre") values ('hw-aaaa', 'Pi-hw-a'), ('hw-inactiva', 'Pi-hw-i')[90m [took 1 ms, 2 rows affected][39m

stdout | src/services/device-pairing.service.test.ts > device-pairing.service > assignHardwareIdToLinea > throws validation error when the target línea is already assigned to another device
[90m[query] [39mupdate "linea_produccion" set "dispositivo_hardware_id" = 'hw-aaaa' where "id" = 25[90m [took 1 ms, 1 row affected][39m

stdout | src/services/device-pairing.service.test.ts > device-pairing.service > assignHardwareIdToLinea > throws validation error when the target línea is already assigned to another device
[90m[query] [39mupdate "linea_produccion" set "dispositivo_hardware_id" = 'hw-inactiva' where "id" = 27[90m [took 1 ms, 1 row affected][39m

stdout | src/services/device-pairing.service.test.ts > device-pairing.service > assignHardwareIdToLinea > throws validation error when the target línea is already assigned to another device
[90m[query] [39mcommit

stdout | src/services/device-pairing.service.test.ts > device-pairing.service > assignHardwareIdToLinea > throws validation error when the target línea is already assigned to another device
[90m[query] [39mbegin

stdout | src/services/device-pairing.service.test.ts > device-pairing.service > assignHardwareIdToLinea > throws validation error when the target línea is already assigned to another device
[90m[query] [39mselect "l0".*, "d1"."hardware_id" as "d1__hardware_id", "d1"."nombre" as "d1__nombre", "d1"."ultima_conexion_at" as "d1__ultima_conexion_at" from "linea_produccion" as "l0" left join "dispositivo" as "d1" on "l0"."dispositivo_hardware_id" = "d1"."hardware_id" where "l0"."id" = 25 limit 1[90m [took 2 ms, 1 result][39m

stdout | src/services/device-pairing.service.test.ts > device-pairing.service > assignHardwareIdToLinea > throws validation error when the target línea is already assigned to another device
[90m[query] [39mrollback

stdout | src/services/device-pairing.service.test.ts > device-pairing.service > assignHardwareIdToLinea > returns null when the target lineaId does not exist
[90m[query] [39mdelete from "dispositivo"[90m [took 5 ms, 2 rows affected][39m

stdout | src/services/device-pairing.service.test.ts > device-pairing.service > assignHardwareIdToLinea > returns null when the target lineaId does not exist
[90m[query] [39mdelete from "linea_produccion"[90m [took 4 ms, 3 rows affected][39m

stdout | src/services/device-pairing.service.test.ts > device-pairing.service > assignHardwareIdToLinea > returns null when the target lineaId does not exist
[90m[query] [39mbegin

stdout | src/services/device-pairing.service.test.ts > device-pairing.service > assignHardwareIdToLinea > returns null when the target lineaId does not exist
[90m[query] [39minsert into "linea_produccion" ("nombre", "activo") values ('Linea A', true), ('Linea B', true), ('Linea Inactiva', false) returning "id"[90m [took 2 ms, 3 rows affected][39m

stdout | src/services/device-pairing.service.test.ts > device-pairing.service > assignHardwareIdToLinea > returns null when the target lineaId does not exist
[90m[query] [39mcommit

stdout | src/services/device-pairing.service.test.ts > device-pairing.service > assignHardwareIdToLinea > returns null when the target lineaId does not exist
[90m[query] [39mbegin

stdout | src/services/device-pairing.service.test.ts > device-pairing.service > assignHardwareIdToLinea > returns null when the target lineaId does not exist
[90m[query] [39minsert into "dispositivo" ("hardware_id", "nombre") values ('hw-aaaa', 'Pi-hw-a'), ('hw-inactiva', 'Pi-hw-i')[90m [took 2 ms, 2 rows affected][39m

stdout | src/services/device-pairing.service.test.ts > device-pairing.service > assignHardwareIdToLinea > returns null when the target lineaId does not exist
[90m[query] [39mupdate "linea_produccion" set "dispositivo_hardware_id" = 'hw-aaaa' where "id" = 28[90m [took 2 ms, 1 row affected][39m

stdout | src/services/device-pairing.service.test.ts > device-pairing.service > assignHardwareIdToLinea > returns null when the target lineaId does not exist
[90m[query] [39mupdate "linea_produccion" set "dispositivo_hardware_id" = 'hw-inactiva' where "id" = 30[90m [took 1 ms, 1 row affected][39m

stdout | src/services/device-pairing.service.test.ts > device-pairing.service > assignHardwareIdToLinea > returns null when the target lineaId does not exist
[90m[query] [39mcommit

stdout | src/services/device-pairing.service.test.ts > device-pairing.service > assignHardwareIdToLinea > returns null when the target lineaId does not exist
[90m[query] [39mbegin

stdout | src/services/device-pairing.service.test.ts > device-pairing.service > assignHardwareIdToLinea > returns null when the target lineaId does not exist
[90m[query] [39mselect "l0".*, "d1"."hardware_id" as "d1__hardware_id", "d1"."nombre" as "d1__nombre", "d1"."ultima_conexion_at" as "d1__ultima_conexion_at" from "linea_produccion" as "l0" left join "dispositivo" as "d1" on "l0"."dispositivo_hardware_id" = "d1"."hardware_id" where "l0"."id" = 999999 limit 1[90m [took 4 ms, 0 results][39m

stdout | src/services/device-pairing.service.test.ts > device-pairing.service > assignHardwareIdToLinea > returns null when the target lineaId does not exist
[90m[query] [39mcommit

stdout | src/services/device-pairing.service.test.ts > device-pairing.service > assignHardwareIdToLinea > is idempotent when reassigning a hardwareId to its own current línea
[90m[query] [39mdelete from "dispositivo"[90m [took 6 ms, 2 rows affected][39m

stdout | src/services/device-pairing.service.test.ts > device-pairing.service > assignHardwareIdToLinea > is idempotent when reassigning a hardwareId to its own current línea
[90m[query] [39mdelete from "linea_produccion"[90m [took 4 ms, 3 rows affected][39m

stdout | src/services/device-pairing.service.test.ts > device-pairing.service > assignHardwareIdToLinea > is idempotent when reassigning a hardwareId to its own current línea
[90m[query] [39mbegin

stdout | src/services/device-pairing.service.test.ts > device-pairing.service > assignHardwareIdToLinea > is idempotent when reassigning a hardwareId to its own current línea
[90m[query] [39minsert into "linea_produccion" ("nombre", "activo") values ('Linea A', true), ('Linea B', true), ('Linea Inactiva', false) returning "id"[90m [took 1 ms, 3 rows affected][39m

stdout | src/services/device-pairing.service.test.ts > device-pairing.service > assignHardwareIdToLinea > is idempotent when reassigning a hardwareId to its own current línea
[90m[query] [39mcommit

stdout | src/services/device-pairing.service.test.ts > device-pairing.service > assignHardwareIdToLinea > is idempotent when reassigning a hardwareId to its own current línea
[90m[query] [39mbegin

stdout | src/services/device-pairing.service.test.ts > device-pairing.service > assignHardwareIdToLinea > is idempotent when reassigning a hardwareId to its own current línea
[90m[query] [39minsert into "dispositivo" ("hardware_id", "nombre") values ('hw-aaaa', 'Pi-hw-a'), ('hw-inactiva', 'Pi-hw-i')[90m [took 2 ms, 2 rows affected][39m

stdout | src/services/device-pairing.service.test.ts > device-pairing.service > assignHardwareIdToLinea > is idempotent when reassigning a hardwareId to its own current línea
[90m[query] [39mupdate "linea_produccion" set "dispositivo_hardware_id" = 'hw-aaaa' where "id" = 31[90m [took 3 ms, 1 row affected][39m

stdout | src/services/device-pairing.service.test.ts > device-pairing.service > assignHardwareIdToLinea > is idempotent when reassigning a hardwareId to its own current línea
[90m[query] [39mupdate "linea_produccion" set "dispositivo_hardware_id" = 'hw-inactiva' where "id" = 33[90m [took 1 ms, 1 row affected][39m

stdout | src/services/device-pairing.service.test.ts > device-pairing.service > assignHardwareIdToLinea > is idempotent when reassigning a hardwareId to its own current línea
[90m[query] [39mcommit

stdout | src/services/device-pairing.service.test.ts > device-pairing.service > assignHardwareIdToLinea > is idempotent when reassigning a hardwareId to its own current línea
[90m[query] [39mbegin

stdout | src/services/device-pairing.service.test.ts > device-pairing.service > assignHardwareIdToLinea > is idempotent when reassigning a hardwareId to its own current línea
[90m[query] [39mselect "l0".*, "d1"."hardware_id" as "d1__hardware_id", "d1"."nombre" as "d1__nombre", "d1"."ultima_conexion_at" as "d1__ultima_conexion_at" from "linea_produccion" as "l0" left join "dispositivo" as "d1" on "l0"."dispositivo_hardware_id" = "d1"."hardware_id" where "l0"."id" = 31 limit 1[90m [took 2 ms, 1 result][39m

stdout | src/services/device-pairing.service.test.ts > device-pairing.service > assignHardwareIdToLinea > is idempotent when reassigning a hardwareId to its own current línea
[90m[query] [39mcommit

stdout | src/services/device-pairing.service.test.ts > device-pairing.service > assignHardwareIdToLinea > is idempotent when reassigning a hardwareId to its own current línea
[90m[query] [39mselect "d0".*, "l1"."id" as "l1__id", "l1"."nombre" as "l1__nombre", "l1"."ruta_pasada_activa_id" as "l1__ruta_pasada_activa_id", "l1"."dispositivo_hardware_id" as "l1__dispositivo_hardware_id", "l1"."activo" as "l1__activo" from "dispositivo" as "d0" left join "linea_produccion" as "l1" on "d0"."hardware_id" = "l1"."dispositivo_hardware_id" where "d0"."hardware_id" = 'hw-aaaa' limit 1[90m [took 2 ms, 1 result][39m

stdout | src/services/device-pairing.service.test.ts > device-pairing.service > assignHardwareIdToLinea > Dispositivo upsert > creates a new Dispositivo row on first-time assignment
[90m[query] [39mdelete from "dispositivo"[90m [took 5 ms, 2 rows affected][39m

stdout | src/services/device-pairing.service.test.ts > device-pairing.service > assignHardwareIdToLinea > Dispositivo upsert > creates a new Dispositivo row on first-time assignment
[90m[query] [39mdelete from "linea_produccion"[90m [took 8 ms, 3 rows affected][39m

stdout | src/services/device-pairing.service.test.ts > device-pairing.service > assignHardwareIdToLinea > Dispositivo upsert > creates a new Dispositivo row on first-time assignment
[90m[query] [39mbegin

stdout | src/services/device-pairing.service.test.ts > device-pairing.service > assignHardwareIdToLinea > Dispositivo upsert > creates a new Dispositivo row on first-time assignment
[90m[query] [39minsert into "linea_produccion" ("nombre", "activo") values ('Linea A', true), ('Linea B', true), ('Linea Inactiva', false) returning "id"[90m [took 2 ms, 3 rows affected][39m

stdout | src/services/device-pairing.service.test.ts > device-pairing.service > assignHardwareIdToLinea > Dispositivo upsert > creates a new Dispositivo row on first-time assignment
[90m[query] [39mcommit

stdout | src/services/device-pairing.service.test.ts > device-pairing.service > assignHardwareIdToLinea > Dispositivo upsert > creates a new Dispositivo row on first-time assignment
[90m[query] [39mbegin

stdout | src/services/device-pairing.service.test.ts > device-pairing.service > assignHardwareIdToLinea > Dispositivo upsert > creates a new Dispositivo row on first-time assignment
[90m[query] [39minsert into "dispositivo" ("hardware_id", "nombre") values ('hw-aaaa', 'Pi-hw-a'), ('hw-inactiva', 'Pi-hw-i')[90m [took 3 ms, 2 rows affected][39m

stdout | src/services/device-pairing.service.test.ts > device-pairing.service > assignHardwareIdToLinea > Dispositivo upsert > creates a new Dispositivo row on first-time assignment
[90m[query] [39mupdate "linea_produccion" set "dispositivo_hardware_id" = 'hw-aaaa' where "id" = 34[90m [took 1 ms, 1 row affected][39m

stdout | src/services/device-pairing.service.test.ts > device-pairing.service > assignHardwareIdToLinea > Dispositivo upsert > creates a new Dispositivo row on first-time assignment
[90m[query] [39mupdate "linea_produccion" set "dispositivo_hardware_id" = 'hw-inactiva' where "id" = 36[90m [took 2 ms, 1 row affected][39m

stdout | src/services/device-pairing.service.test.ts > device-pairing.service > assignHardwareIdToLinea > Dispositivo upsert > creates a new Dispositivo row on first-time assignment
[90m[query] [39mcommit

stdout | src/services/device-pairing.service.test.ts > device-pairing.service > assignHardwareIdToLinea > Dispositivo upsert > creates a new Dispositivo row on first-time assignment
[90m[query] [39mbegin

stdout | src/services/device-pairing.service.test.ts > device-pairing.service > assignHardwareIdToLinea > Dispositivo upsert > creates a new Dispositivo row on first-time assignment
[90m[query] [39mselect "l0".*, "d1"."hardware_id" as "d1__hardware_id", "d1"."nombre" as "d1__nombre", "d1"."ultima_conexion_at" as "d1__ultima_conexion_at" from "linea_produccion" as "l0" left join "dispositivo" as "d1" on "l0"."dispositivo_hardware_id" = "d1"."hardware_id" where "l0"."id" = 35 limit 1[90m [took 1 ms, 1 result][39m

stdout | src/services/device-pairing.service.test.ts > device-pairing.service > assignHardwareIdToLinea > Dispositivo upsert > creates a new Dispositivo row on first-time assignment
[90m[query] [39mselect "d0".*, "l1"."id" as "l1__id", "l1"."nombre" as "l1__nombre", "l1"."ruta_pasada_activa_id" as "l1__ruta_pasada_activa_id", "l1"."dispositivo_hardware_id" as "l1__dispositivo_hardware_id", "l1"."activo" as "l1__activo" from "dispositivo" as "d0" left join "linea_produccion" as "l1" on "d0"."hardware_id" = "l1"."dispositivo_hardware_id" where "d0"."hardware_id" = 'hw-new-device' limit 1[90m [took 2 ms, 0 results][39m

stdout | src/services/device-pairing.service.test.ts > device-pairing.service > assignHardwareIdToLinea > Dispositivo upsert > creates a new Dispositivo row on first-time assignment
[90m[query] [39minsert into "dispositivo" ("hardware_id", "nombre") values ('hw-new-device', 'Pi-hw-n')[90m [took 2 ms, 1 row affected][39m

stdout | src/services/device-pairing.service.test.ts > device-pairing.service > assignHardwareIdToLinea > Dispositivo upsert > creates a new Dispositivo row on first-time assignment
[90m[query] [39mupdate "linea_produccion" set "dispositivo_hardware_id" = 'hw-new-device' where "id" = 35[90m [took 1 ms, 1 row affected][39m

stdout | src/services/device-pairing.service.test.ts > device-pairing.service > assignHardwareIdToLinea > Dispositivo upsert > creates a new Dispositivo row on first-time assignment
[90m[query] [39mcommit

stdout | src/services/device-pairing.service.test.ts > device-pairing.service > assignHardwareIdToLinea > Dispositivo upsert > creates a new Dispositivo row on first-time assignment
[90m[query] [39mselect "d0".*, "l1"."id" as "l1__id", "l1"."nombre" as "l1__nombre", "l1"."ruta_pasada_activa_id" as "l1__ruta_pasada_activa_id", "l1"."dispositivo_hardware_id" as "l1__dispositivo_hardware_id", "l1"."activo" as "l1__activo" from "dispositivo" as "d0" left join "linea_produccion" as "l1" on "d0"."hardware_id" = "l1"."dispositivo_hardware_id" where "d0"."hardware_id" = 'hw-new-device' limit 1[90m [took 1 ms, 1 result][39m

stdout | src/services/device-pairing.service.test.ts > device-pairing.service > assignHardwareIdToLinea > Dispositivo upsert > does not touch the Dispositivo table when the guard clause returns early (target línea missing)
[90m[query] [39mdelete from "dispositivo"[90m [took 4 ms, 3 rows affected][39m

stdout | src/services/device-pairing.service.test.ts > device-pairing.service > assignHardwareIdToLinea > Dispositivo upsert > does not touch the Dispositivo table when the guard clause returns early (target línea missing)
[90m[query] [39mdelete from "linea_produccion"[90m [took 6 ms, 3 rows affected][39m

stdout | src/services/device-pairing.service.test.ts > device-pairing.service > assignHardwareIdToLinea > Dispositivo upsert > does not touch the Dispositivo table when the guard clause returns early (target línea missing)
[90m[query] [39mbegin

stdout | src/services/device-pairing.service.test.ts > device-pairing.service > assignHardwareIdToLinea > Dispositivo upsert > does not touch the Dispositivo table when the guard clause returns early (target línea missing)
[90m[query] [39minsert into "linea_produccion" ("nombre", "activo") values ('Linea A', true), ('Linea B', true), ('Linea Inactiva', false) returning "id"[90m [took 2 ms, 3 rows affected][39m

stdout | src/services/device-pairing.service.test.ts > device-pairing.service > assignHardwareIdToLinea > Dispositivo upsert > does not touch the Dispositivo table when the guard clause returns early (target línea missing)
[90m[query] [39mcommit

stdout | src/services/device-pairing.service.test.ts > device-pairing.service > assignHardwareIdToLinea > Dispositivo upsert > does not touch the Dispositivo table when the guard clause returns early (target línea missing)
[90m[query] [39mbegin

stdout | src/services/device-pairing.service.test.ts > device-pairing.service > assignHardwareIdToLinea > Dispositivo upsert > does not touch the Dispositivo table when the guard clause returns early (target línea missing)
[90m[query] [39minsert into "dispositivo" ("hardware_id", "nombre") values ('hw-aaaa', 'Pi-hw-a'), ('hw-inactiva', 'Pi-hw-i')[90m [took 1 ms, 2 rows affected][39m

stdout | src/services/device-pairing.service.test.ts > device-pairing.service > assignHardwareIdToLinea > Dispositivo upsert > does not touch the Dispositivo table when the guard clause returns early (target línea missing)
[90m[query] [39mupdate "linea_produccion" set "dispositivo_hardware_id" = 'hw-aaaa' where "id" = 37[90m [took 1 ms, 1 row affected][39m

stdout | src/services/device-pairing.service.test.ts > device-pairing.service > assignHardwareIdToLinea > Dispositivo upsert > does not touch the Dispositivo table when the guard clause returns early (target línea missing)
[90m[query] [39mupdate "linea_produccion" set "dispositivo_hardware_id" = 'hw-inactiva' where "id" = 39[90m [took 2 ms, 1 row affected][39m

stdout | src/services/device-pairing.service.test.ts > device-pairing.service > assignHardwareIdToLinea > Dispositivo upsert > does not touch the Dispositivo table when the guard clause returns early (target línea missing)
[90m[query] [39mcommit

stdout | src/services/device-pairing.service.test.ts > device-pairing.service > assignHardwareIdToLinea > Dispositivo upsert > does not touch the Dispositivo table when the guard clause returns early (target línea missing)
[90m[query] [39mbegin

stdout | src/services/device-pairing.service.test.ts > device-pairing.service > assignHardwareIdToLinea > Dispositivo upsert > does not touch the Dispositivo table when the guard clause returns early (target línea missing)
[90m[query] [39mselect "l0".*, "d1"."hardware_id" as "d1__hardware_id", "d1"."nombre" as "d1__nombre", "d1"."ultima_conexion_at" as "d1__ultima_conexion_at" from "linea_produccion" as "l0" left join "dispositivo" as "d1" on "l0"."dispositivo_hardware_id" = "d1"."hardware_id" where "l0"."id" = 999999 limit 1[90m [took 1 ms, 0 results][39m

stdout | src/services/device-pairing.service.test.ts > device-pairing.service > assignHardwareIdToLinea > Dispositivo upsert > does not touch the Dispositivo table when the guard clause returns early (target línea missing)
[90m[query] [39mcommit

stdout | src/services/device-pairing.service.test.ts > device-pairing.service > assignHardwareIdToLinea > Dispositivo upsert > does not touch the Dispositivo table when the guard clause returns early (target línea missing)
[90m[query] [39mselect "d0".*, "l1"."id" as "l1__id" from "dispositivo" as "d0" left join "linea_produccion" as "l1" on "d0"."hardware_id" = "l1"."dispositivo_hardware_id" where "d0"."hardware_id" = 'hw-orphan-device' limit 1[90m [took 1 ms, 0 results][39m

stdout | src/services/device-pairing.service.test.ts > device-pairing.service > assignHardwareIdToLinea > Dispositivo upsert > rolls back the Dispositivo upsert on a genuine mid-transaction failure
[90m[query] [39mdelete from "dispositivo"[90m [took 4 ms, 2 rows affected][39m

stdout | src/services/device-pairing.service.test.ts > device-pairing.service > assignHardwareIdToLinea > Dispositivo upsert > rolls back the Dispositivo upsert on a genuine mid-transaction failure
[90m[query] [39mdelete from "linea_produccion"[90m [took 4 ms, 3 rows affected][39m

stdout | src/services/device-pairing.service.test.ts > device-pairing.service > assignHardwareIdToLinea > Dispositivo upsert > rolls back the Dispositivo upsert on a genuine mid-transaction failure
[90m[query] [39mbegin

stdout | src/services/device-pairing.service.test.ts > device-pairing.service > assignHardwareIdToLinea > Dispositivo upsert > rolls back the Dispositivo upsert on a genuine mid-transaction failure
[90m[query] [39minsert into "linea_produccion" ("nombre", "activo") values ('Linea A', true), ('Linea B', true), ('Linea Inactiva', false) returning "id"[90m [took 1 ms, 3 rows affected][39m

stdout | src/services/device-pairing.service.test.ts > device-pairing.service > assignHardwareIdToLinea > Dispositivo upsert > rolls back the Dispositivo upsert on a genuine mid-transaction failure
[90m[query] [39mcommit

stdout | src/services/device-pairing.service.test.ts > device-pairing.service > assignHardwareIdToLinea > Dispositivo upsert > rolls back the Dispositivo upsert on a genuine mid-transaction failure
[90m[query] [39mbegin

stdout | src/services/device-pairing.service.test.ts > device-pairing.service > assignHardwareIdToLinea > Dispositivo upsert > rolls back the Dispositivo upsert on a genuine mid-transaction failure
[90m[query] [39minsert into "dispositivo" ("hardware_id", "nombre") values ('hw-aaaa', 'Pi-hw-a'), ('hw-inactiva', 'Pi-hw-i')[90m [took 1 ms, 2 rows affected][39m

stdout | src/services/device-pairing.service.test.ts > device-pairing.service > assignHardwareIdToLinea > Dispositivo upsert > rolls back the Dispositivo upsert on a genuine mid-transaction failure
[90m[query] [39mupdate "linea_produccion" set "dispositivo_hardware_id" = 'hw-aaaa' where "id" = 40[90m [took 2 ms, 1 row affected][39m

stdout | src/services/device-pairing.service.test.ts > device-pairing.service > assignHardwareIdToLinea > Dispositivo upsert > rolls back the Dispositivo upsert on a genuine mid-transaction failure
[90m[query] [39mupdate "linea_produccion" set "dispositivo_hardware_id" = 'hw-inactiva' where "id" = 42[90m [took 1 ms, 1 row affected][39m

stdout | src/services/device-pairing.service.test.ts > device-pairing.service > assignHardwareIdToLinea > Dispositivo upsert > rolls back the Dispositivo upsert on a genuine mid-transaction failure
[90m[query] [39mcommit

stdout | src/services/device-pairing.service.test.ts > device-pairing.service > assignHardwareIdToLinea > Dispositivo upsert > rolls back the Dispositivo upsert on a genuine mid-transaction failure
[90m[query] [39mbegin

stdout | src/services/device-pairing.service.test.ts > device-pairing.service > assignHardwareIdToLinea > Dispositivo upsert > rolls back the Dispositivo upsert on a genuine mid-transaction failure
[90m[query] [39mselect "l0".*, "d1"."hardware_id" as "d1__hardware_id", "d1"."nombre" as "d1__nombre", "d1"."ultima_conexion_at" as "d1__ultima_conexion_at" from "linea_produccion" as "l0" left join "dispositivo" as "d1" on "l0"."dispositivo_hardware_id" = "d1"."hardware_id" where "l0"."id" = 41 limit 1[90m [took 2 ms, 1 result][39m

stdout | src/services/device-pairing.service.test.ts > device-pairing.service > assignHardwareIdToLinea > Dispositivo upsert > rolls back the Dispositivo upsert on a genuine mid-transaction failure
[90m[query] [39mselect "d0".*, "l1"."id" as "l1__id", "l1"."nombre" as "l1__nombre", "l1"."ruta_pasada_activa_id" as "l1__ruta_pasada_activa_id", "l1"."dispositivo_hardware_id" as "l1__dispositivo_hardware_id", "l1"."activo" as "l1__activo" from "dispositivo" as "d0" left join "linea_produccion" as "l1" on "d0"."hardware_id" = "l1"."dispositivo_hardware_id" where "d0"."hardware_id" = 'hw-mid-tx-failure' limit 1[90m [took 1 ms, 0 results][39m

stdout | src/services/device-pairing.service.test.ts > device-pairing.service > assignHardwareIdToLinea > Dispositivo upsert > rolls back the Dispositivo upsert on a genuine mid-transaction failure
[90m[query] [39mrollback

stdout | src/services/device-pairing.service.test.ts > device-pairing.service > assignHardwareIdToLinea > Dispositivo upsert > rolls back the Dispositivo upsert on a genuine mid-transaction failure
[90m[query] [39mselect "d0".*, "l1"."id" as "l1__id" from "dispositivo" as "d0" left join "linea_produccion" as "l1" on "d0"."hardware_id" = "l1"."dispositivo_hardware_id" where "d0"."hardware_id" = 'hw-mid-tx-failure' limit 1[90m [took 1 ms, 0 results][39m

 ✓ src/services/device-pairing.service.test.ts (14 tests) 2068ms
 ✓ src/services/auth.service.test.ts (8 tests) 2184ms
     ✓ returns a JWT string when login is successful  371ms
     ✓ decoded JWT contains expected claims including puedeTomarMuestrasLibres  437ms
     ✓ decoded JWT exp is ~12h from now  427ms
     ✓ returns null when pin is wrong  405ms
     ✓ returns a JWT when logging in with nombreUsuario instead of legajo  367ms
stdout | src/routes/dispositivos.routes.test.ts
◇ injected env (8) from .env // tip: ⌘ custom filepath { path: '/custom/path/.env' }

stdout | src/routes/dispositivos.routes.test.ts > DELETE /api/dispositivos/:id
[90m[info] [39mMikroORM version: [32m7.1.1[39m
[90m[discovery] [39mORM entity discovery started
[90m[discovery] [39m- processing entity [36mUsuario[39m[90m (/home/gtr/work/maciasoft/Controlador Pesaje/codigo/backend/src/models/Usuario.ts)[39m
[90m[discovery] [39m- processing entity [36mLineaProduccion[39m[90m (/home/gtr/work/maciasoft/Controlador Pesaje/codigo/backend/src/models/LineaProduccion.ts)[39m
[90m[discovery] [39m- processing entity [36mArticulo[39m[90m (/home/gtr/work/maciasoft/Controlador Pesaje/codigo/backend/src/models/Articulo.ts)[39m
[90m[discovery] [39m- processing entity [36mEtapa[39m[90m (/home/gtr/work/maciasoft/Controlador Pesaje/codigo/backend/src/models/Etapa.ts)[39m
[90m[discovery] [39m- processing entity [36mRutaPasada[39m[90m (/home/gtr/work/maciasoft/Controlador Pesaje/codigo/backend/src/models/RutaPasada.ts)[39m
[90m[discovery] [39m- processing entity [36mArticuloRutaPasada[39m[90m (/home/gtr/work/maciasoft/Controlador Pesaje/codigo/backend/src/models/ArticuloRutaPasada.ts)[39m
[90m[discovery] [39m- processing entity [36mRutaPasadaEtapa[39m[90m (/home/gtr/work/maciasoft/Controlador Pesaje/codigo/backend/src/models/RutaPasadaEtapa.ts)[39m
[90m[discovery] [39m- processing entity [36mPasada[39m[90m (/home/gtr/work/maciasoft/Controlador Pesaje/codigo/backend/src/models/Pasada.ts)[39m
[90m[discovery] [39m- processing entity [36mMuestra[39m[90m (/home/gtr/work/maciasoft/Controlador Pesaje/codigo/backend/src/models/Muestra.ts)[39m
[90m[discovery] [39m- processing entity [36mDispositivo[39m[90m (/home/gtr/work/maciasoft/Controlador Pesaje/codigo/backend/src/models/Dispositivo.ts)[39m

stdout | src/routes/dispositivos.routes.test.ts > DELETE /api/dispositivos/:id
[90m[discovery] [39m- entity discovery finished, found [32m10[39m entities, took [32m72 ms[39m

stdout | src/routes/dispositivos.routes.test.ts > DELETE /api/dispositivos/:id
[90m[query] [39mselect 1 from pg_database where datname = 'control_pesaje_test'[90m [took 59 ms, 1 result][39m

stdout | src/routes/dispositivos.routes.test.ts > DELETE /api/dispositivos/:id
[90m[query] [39mselect table_name, table_schema as schema_name, (select pg_catalog.obj_description(c.oid) from pg_catalog.pg_class c where c.oid = (select ('"' || table_schema || '"."' || table_name || '"')::regclass::oid) and c.relname = table_name) as table_comment from information_schema.tables t where "table_schema" not like 'pg_%' and "table_schema" not like 'crdb_%' and "table_schema" not like '_timescaledb_%' and "table_schema" not in ('information_schema', 'tiger', 'topology') and table_name != 'geometry_columns' and table_name != 'spatial_ref_sys' and table_type != 'VIEW' and not exists (select 1 from pg_inherits i join pg_class c on c.oid = i.inhrelid join pg_namespace n on n.oid = c.relnamespace where c.relname = t.table_name and n.nspname = t.table_schema) order by table_name[90m [took 31 ms, 10 results][39m

stdout | src/routes/dispositivos.routes.test.ts > DELETE /api/dispositivos/:id
[90m[query] [39mselect t.typname as enum_name, n.nspname as schema_name, array_agg(e.enumlabel order by e.enumsortorder) as enum_value from pg_type t join pg_enum e on t.oid = e.enumtypid join pg_catalog.pg_namespace n on n.oid = t.typnamespace where n.nspname in ('public') group by t.typname, n.nspname[90m [took 6 ms, 3 results][39m

stdout | src/routes/dispositivos.routes.test.ts > DELETE /api/dispositivos/:id
[90m[query] [39mselect table_schema as schema_name, table_name, column_name, column_default, is_nullable, udt_name, udt_schema, coalesce(datetime_precision, character_maximum_length) length, atttypmod custom_length, numeric_precision, numeric_scale, data_type, is_identity, identity_generation, generation_expression, pg_catalog.col_description(pgc.oid, cols.ordinal_position::int) column_comment, coll.collname as collation_name from information_schema.columns cols join pg_class pgc on cols.table_name = pgc.relname join pg_attribute pga on pgc.oid = pga.attrelid and cols.column_name = pga.attname left join pg_collation coll on pga.attcollation = coll.oid and coll.collname <> 'default' where ((table_schema = 'public' and table_name in ('articulo','articulo_ruta_pasada','dispositivo','etapa','linea_produccion','muestra','pasada','ruta_pasada','ruta_pasada_etapa','usuario'))) order by ordinal_position[90m [took 62 ms, 65 results][39m

stdout | src/routes/dispositivos.routes.test.ts > DELETE /api/dispositivos/:id
[90m[query] [39mselect indrelid::regclass as table_name, ns.nspname as schema_name, relname as constraint_name, idx.indisunique as unique, idx.indisprimary as primary, contype, condeferrable, condeferred, array( select pg_get_indexdef(idx.indexrelid, k + 1, true) from generate_subscripts(idx.indkey, 1) as k order by k ) as index_def, pg_get_indexdef(idx.indexrelid) as expression, c.condeferrable as deferrable, c.condeferred as initially_deferred, i.reloptions, am.amname as index_type from pg_index idx join pg_class as i on i.oid = idx.indexrelid join pg_namespace as ns on i.relnamespace = ns.oid join pg_am as am on am.oid = i.relam left join pg_constraint as c on c.conname = i.relname where indrelid in ('"public"."articulo"'::regclass, '"public"."articulo_ruta_pasada"'::regclass, '"public"."dispositivo"'::regclass, '"public"."etapa"'::regclass, '"public"."linea_produccion"'::regclass, '"public"."muestra"'::regclass, '"public"."pasada"'::regclass, '"public"."ruta_pasada"'::regclass, '"public"."ruta_pasada_etapa"'::regclass, '"public"."usuario"'::regclass) order by relname[90m [took 18 ms, 19 results][39m

stdout | src/routes/dispositivos.routes.test.ts > DELETE /api/dispositivos/:id
[90m[query] [39mselect ccu.table_name as table_name, ccu.table_schema as schema_name, pgc.conname as name, conrelid::regclass as table_from, ccu.column_name as column_name, pg_get_constraintdef(pgc.oid) as expression from pg_constraint pgc join pg_namespace nsp on nsp.oid = pgc.connamespace join pg_class cls on pgc.conrelid = cls.oid join information_schema.constraint_column_usage ccu on pgc.conname = ccu.constraint_name and nsp.nspname = ccu.constraint_schema and cls.relname = ccu.table_name where contype = 'c' and (ccu.table_name in ('articulo','articulo_ruta_pasada','dispositivo','etapa','linea_produccion','muestra','pasada','ruta_pasada','ruta_pasada_etapa','usuario') and ccu.table_schema = 'public') order by pgc.conname[90m [took 17 ms, 0 results][39m

stdout | src/routes/dispositivos.routes.test.ts > DELETE /api/dispositivos/:id
[90m[query] [39mselect nsp1.nspname schema_name, cls1.relname table_name, nsp2.nspname referenced_schema_name, cls2.relname referenced_table_name, a.attname column_name, af.attname referenced_column_name, conname constraint_name, confupdtype update_rule, confdeltype delete_rule, array_position(con.conkey,a.attnum) as ord, condeferrable, condeferred, pg_get_constraintdef(con.oid) as constraint_def from pg_attribute a join pg_constraint con on con.conrelid = a.attrelid AND a.attnum = ANY (con.conkey) join pg_attribute af on af.attnum = con.confkey[array_position(con.conkey,a.attnum)] AND af.attrelid = con.confrelid join pg_namespace nsp1 on nsp1.oid = con.connamespace join pg_class cls1 on cls1.oid = con.conrelid join pg_class cls2 on cls2.oid = confrelid join pg_namespace nsp2 on nsp2.oid = cls2.relnamespace where ((cls1.relname in ('articulo','articulo_ruta_pasada','dispositivo','etapa','linea_produccion','muestra','pasada','ruta_pasada','ruta_pasada_etapa','usuario') and nsp1.nspname = 'public')) and confrelid > 0 order by nsp1.nspname, cls1.relname, constraint_name, ord[90m [took 25 ms, 16 results][39m

stdout | src/routes/dispositivos.routes.test.ts > DELETE /api/dispositivos/:id
[90m[query] [39mwith targets(schema_name, table_name) as (values ('public'::text, 'articulo'), ('public'::text, 'articulo_ruta_pasada'), ('public'::text, 'dispositivo'), ('public'::text, 'etapa'), ('public'::text, 'linea_produccion'), ('public'::text, 'muestra'), ('public'::text, 'pasada'), ('public'::text, 'ruta_pasada'), ('public'::text, 'ruta_pasada_etapa'), ('public'::text, 'usuario')) select parent_ns.nspname as schema_name, parent.relname as table_name, pg_get_partkeydef(parent.oid) as partition_definition, child_ns.nspname as partition_schema_name, child.relname as partition_name, pg_get_expr(child.relpartbound, child.oid) as partition_bound from targets join pg_class parent on parent.relname = targets.table_name join pg_namespace parent_ns on parent_ns.oid = parent.relnamespace and parent_ns.nspname = coalesce(targets.schema_name, current_schema()) join pg_partitioned_table partitioned on partitioned.partrelid = parent.oid left join pg_inherits inherits on inherits.inhparent = parent.oid left join pg_class child on child.oid = inherits.inhrelid left join pg_namespace child_ns on child_ns.oid = child.relnamespace order by parent_ns.nspname, parent.relname, child_ns.nspname, child.relname[90m [took 7 ms, 0 results][39m

stdout | src/routes/dispositivos.routes.test.ts > DELETE /api/dispositivos/:id
[90m[query] [39mselect t.trigger_name, t.event_object_schema as schema_name, t.event_object_table as table_name, t.event_manipulation as event, t.action_timing as timing, t.action_orientation as for_each, t.action_condition as when_clause, pg_get_functiondef(p.oid) as function_def, p.prosrc as function_body from information_schema.triggers t left join pg_namespace n on n.nspname = t.event_object_schema left join pg_proc p on p.proname = t.event_object_table || '_' || t.trigger_name || '_fn' and p.pronamespace = n.oid where ((t.event_object_schema = 'public' and t.event_object_table in ('articulo', 'articulo_ruta_pasada', 'dispositivo', 'etapa', 'linea_produccion', 'muestra', 'pasada', 'ruta_pasada', 'ruta_pasada_etapa', 'usuario'))) order by t.trigger_name, t.event_manipulation[90m [took 10 ms, 0 results][39m

stdout | src/routes/dispositivos.routes.test.ts > DELETE /api/dispositivos/:id
[90m[query] [39mselect datcollate as collation from pg_database where datname = current_database()[90m [took 3 ms, 1 result][39m

stdout | src/routes/dispositivos.routes.test.ts > DELETE /api/dispositivos/:id
[90m[query] [39mselect table_name as view_name, table_schema as schema_name, view_definition from information_schema.views where "table_schema" not like 'pg_%' and "table_schema" not like 'crdb_%' and "table_schema" not like '_timescaledb_%' and "table_schema" not in ('information_schema', 'tiger', 'topology') and table_name != 'geography_columns' and table_name != 'geometry_columns' order by table_name[90m [took 4 ms, 0 results][39m

stdout | src/routes/dispositivos.routes.test.ts > DELETE /api/dispositivos/:id
[90m[query] [39mselect matviewname as view_name, schemaname as schema_name, definition as view_definition, ispopulated as is_populated from pg_matviews where "schemaname" not like 'pg_%' and "schemaname" not like 'crdb_%' and "schemaname" not like '_timescaledb_%' and "schemaname" not in ('information_schema', 'tiger', 'topology') order by matviewname[90m [took 4 ms, 0 results][39m

stdout | src/routes/dispositivos.routes.test.ts > DELETE /api/dispositivos/:id
[90m[query] [39mset names 'utf8';[90m [took 2 ms, 0 results][39m

stdout | src/routes/dispositivos.routes.test.ts > DELETE /api/dispositivos/:id
[90m[query] [39mdrop table if exists "muestra" cascade;drop table if exists "pasada" cascade;drop table if exists "usuario" cascade;drop table if exists "ruta_pasada_etapa" cascade;drop table if exists "articulo_ruta_pasada" cascade;drop table if exists "linea_produccion" cascade;drop table if exists "ruta_pasada" cascade;drop table if exists "etapa" cascade;drop table if exists "dispositivo" cascade;drop table if exists "articulo" cascade;drop type "muestra_estado_validacion_enum";drop type "pasada_estado_enum";drop type "usuario_rol_enum";[90m [took 116 ms, 0 results][39m

stdout | src/routes/dispositivos.routes.test.ts > DELETE /api/dispositivos/:id
[90m[query] [39mset names 'utf8';[90m [took 2 ms, 0 results][39m

stdout | src/routes/dispositivos.routes.test.ts > DELETE /api/dispositivos/:id
[90m[query] [39mcreate type "usuario_rol_enum" as enum ('operario', 'jefe', 'visualizacion', 'administrador');create type "pasada_estado_enum" as enum ('en_curso', 'completa', 'abortada');create type "muestra_estado_validacion_enum" as enum ('ok', 'fuera_de_rango');create table "articulo" ("id" serial primary key, "nombre" varchar(100) not null, "descripcion" text null, "marca" varchar(100) null, "activo" boolean not null default true);alter table "articulo" add constraint "articulo_nombre_marca_unique" unique ("nombre", "marca");[90m [took 33 ms, 0 results][39m

stdout | src/routes/dispositivos.routes.test.ts > DELETE /api/dispositivos/:id
[90m[query] [39mcreate table "dispositivo" ("hardware_id" varchar(255) not null, "nombre" varchar(100) not null, "ultima_conexion_at" timestamptz null, primary key ("hardware_id"));[90m [took 18 ms, 0 results][39m

stdout | src/routes/dispositivos.routes.test.ts > DELETE /api/dispositivos/:id
[90m[query] [39mcreate table "etapa" ("id" serial primary key, "nombre" varchar(100) not null, "descripcion" text null, "activo" boolean not null default true);alter table "etapa" add constraint "etapa_nombre_unique" unique ("nombre");[90m [took 25 ms, 0 results][39m

stdout | src/routes/dispositivos.routes.test.ts > DELETE /api/dispositivos/:id
[90m[query] [39mcreate table "ruta_pasada" ("id" serial primary key, "nombre" varchar(100) not null, "descripcion" text null, "activo" boolean not null default true);alter table "ruta_pasada" add constraint "ruta_pasada_nombre_unique" unique ("nombre");[90m [took 33 ms, 0 results][39m

stdout | src/routes/dispositivos.routes.test.ts > DELETE /api/dispositivos/:id
[90m[query] [39mcreate table "linea_produccion" ("id" serial primary key, "nombre" varchar(100) not null, "ruta_pasada_activa_id" int null, "dispositivo_hardware_id" varchar(255) null, "activo" boolean not null default true);alter table "linea_produccion" add constraint "linea_produccion_nombre_unique" unique ("nombre");alter table "linea_produccion" add constraint "linea_produccion_dispositivo_hardware_id_unique" unique ("dispositivo_hardware_id");[90m [took 22 ms, 0 results][39m

stdout | src/routes/dispositivos.routes.test.ts > DELETE /api/dispositivos/:id
[90m[query] [39mcreate table "articulo_ruta_pasada" ("id" serial primary key, "articulo_id" int not null, "ruta_pasada_id" int not null);alter table "articulo_ruta_pasada" add constraint "articulo_ruta_pasada_articulo_id_ruta_pasada_id_unique" unique ("articulo_id", "ruta_pasada_id");[90m [took 15 ms, 0 results][39m

stdout | src/routes/dispositivos.routes.test.ts > DELETE /api/dispositivos/:id
[90m[query] [39mcreate table "ruta_pasada_etapa" ("id" serial primary key, "ruta_pasada_id" int not null, "etapa_id" int not null, "orden" int not null, "peso_ideal" decimal(8,3) not null, "peso_minimo" decimal(8,3) not null, "peso_maximo" decimal(8,3) not null, "cantidad_muestras_requeridas" int not null);alter table "ruta_pasada_etapa" add constraint "ruta_pasada_etapa_ruta_pasada_id_etapa_id_unique" unique ("ruta_pasada_id", "etapa_id");[90m [took 19 ms, 0 results][39m

stdout | src/routes/dispositivos.routes.test.ts > DELETE /api/dispositivos/:id
[90m[query] [39mcreate table "usuario" ("id" serial primary key, "nombre_apellido" varchar(100) not null, "nombre_usuario" varchar(50) not null, "legajo" varchar(10) not null, "pin_hash" varchar(255) not null, "puede_tomar_muestras_libres" boolean not null default false, "rol" "usuario_rol_enum" not null, "activo" boolean not null default true, "datos_adicionales" jsonb null, "es_sistema" boolean not null default false);alter table "usuario" add constraint "usuario_nombre_usuario_unique" unique ("nombre_usuario");alter table "usuario" add constraint "usuario_legajo_unique" unique ("legajo");[90m [took 26 ms, 0 results][39m

stdout | src/routes/dispositivos.routes.test.ts > DELETE /api/dispositivos/:id
[90m[query] [39mcreate table "pasada" ("id" serial primary key, "linea_produccion_id" int not null, "ruta_pasada_id" int not null, "articulo_id" int null, "usuario_id" int not null, "numero" int not null, "estado" "pasada_estado_enum" not null default 'en_curso', "motivo_cierre" text null, "hora_inicio" timestamptz not null, "hora_cierre" timestamptz null, "observacion_cierre" text null, "activo" boolean not null default true);[90m [took 24 ms, 0 results][39m

stdout | src/routes/dispositivos.routes.test.ts > DELETE /api/dispositivos/:id
[90m[query] [39mcreate table "muestra" ("id" serial primary key, "pasada_id" int null, "usuario_id" int not null, "ruta_pasada_id" int not null, "articulo_id" int null, "etapa_id" int not null, "linea_produccion_id" int not null, "peso_neto" decimal(8,3) not null, "estado_validacion" "muestra_estado_validacion_enum" not null, "observacion" text null, "timestamp" timestamptz not null);[90m [took 21 ms, 0 results][39m

stdout | src/routes/dispositivos.routes.test.ts > DELETE /api/dispositivos/:id
[90m[query] [39malter table "linea_produccion" add constraint "linea_produccion_ruta_pasada_activa_id_foreign" foreign key ("ruta_pasada_activa_id") references "ruta_pasada" ("id") on delete restrict;alter table "linea_produccion" add constraint "linea_produccion_dispositivo_hardware_id_foreign" foreign key ("dispositivo_hardware_id") references "dispositivo" ("hardware_id") on delete set null;[90m [took 24 ms, 0 results][39m

stdout | src/routes/dispositivos.routes.test.ts > DELETE /api/dispositivos/:id
[90m[query] [39malter table "articulo_ruta_pasada" add constraint "articulo_ruta_pasada_articulo_id_foreign" foreign key ("articulo_id") references "articulo" ("id") on delete restrict;alter table "articulo_ruta_pasada" add constraint "articulo_ruta_pasada_ruta_pasada_id_foreign" foreign key ("ruta_pasada_id") references "ruta_pasada" ("id") on delete restrict;[90m [took 12 ms, 0 results][39m

stdout | src/routes/dispositivos.routes.test.ts > DELETE /api/dispositivos/:id
[90m[query] [39malter table "ruta_pasada_etapa" add constraint "ruta_pasada_etapa_ruta_pasada_id_foreign" foreign key ("ruta_pasada_id") references "ruta_pasada" ("id") on delete restrict;alter table "ruta_pasada_etapa" add constraint "ruta_pasada_etapa_etapa_id_foreign" foreign key ("etapa_id") references "etapa" ("id") on delete restrict;[90m [took 10 ms, 0 results][39m

stdout | src/routes/dispositivos.routes.test.ts > DELETE /api/dispositivos/:id
[90m[query] [39malter table "pasada" add constraint "pasada_linea_produccion_id_foreign" foreign key ("linea_produccion_id") references "linea_produccion" ("id") on delete restrict;alter table "pasada" add constraint "pasada_ruta_pasada_id_foreign" foreign key ("ruta_pasada_id") references "ruta_pasada" ("id") on delete restrict;alter table "pasada" add constraint "pasada_articulo_id_foreign" foreign key ("articulo_id") references "articulo" ("id") on delete restrict;alter table "pasada" add constraint "pasada_usuario_id_foreign" foreign key ("usuario_id") references "usuario" ("id") on delete restrict;[90m [took 23 ms, 0 results][39m

stdout | src/routes/dispositivos.routes.test.ts > DELETE /api/dispositivos/:id
[90m[query] [39malter table "muestra" add constraint "muestra_pasada_id_foreign" foreign key ("pasada_id") references "pasada" ("id") on delete restrict;alter table "muestra" add constraint "muestra_usuario_id_foreign" foreign key ("usuario_id") references "usuario" ("id") on delete restrict;alter table "muestra" add constraint "muestra_ruta_pasada_id_foreign" foreign key ("ruta_pasada_id") references "ruta_pasada" ("id") on delete restrict;alter table "muestra" add constraint "muestra_articulo_id_foreign" foreign key ("articulo_id") references "articulo" ("id") on delete restrict;alter table "muestra" add constraint "muestra_etapa_id_foreign" foreign key ("etapa_id") references "etapa" ("id") on delete restrict;alter table "muestra" add constraint "muestra_linea_produccion_id_foreign" foreign key ("linea_produccion_id") references "linea_produccion" ("id") on delete restrict;[90m [took 24 ms, 0 results][39m

stdout | src/routes/dispositivos.routes.test.ts > DELETE /api/dispositivos/:id > allows Administrador to hard-delete a Dispositivo (200/204)
[90m[query] [39mdelete from "dispositivo"[90m [took 2 ms, 0 rows affected][39m

stdout | src/routes/dispositivos.routes.test.ts > DELETE /api/dispositivos/:id > allows Administrador to hard-delete a Dispositivo (200/204)
[90m[query] [39mbegin

stdout | src/routes/dispositivos.routes.test.ts > DELETE /api/dispositivos/:id > allows Administrador to hard-delete a Dispositivo (200/204)
[90m[query] [39minsert into "dispositivo" ("hardware_id", "nombre") values ('hw-admin-delete', 'Pi-hw-a')[90m [took 3 ms, 1 row affected][39m

stdout | src/routes/dispositivos.routes.test.ts > DELETE /api/dispositivos/:id > allows Administrador to hard-delete a Dispositivo (200/204)
[90m[query] [39mcommit

stdout | src/routes/dispositivos.routes.test.ts > DELETE /api/dispositivos/:id > allows Administrador to hard-delete a Dispositivo (200/204)
[90m[query] [39mdelete from "dispositivo" where "hardware_id" = 'hw-admin-delete'[90m [took 5 ms, 1 row affected][39m

stdout | src/routes/dispositivos.routes.test.ts > DELETE /api/dispositivos/:id > allows Administrador to hard-delete a Dispositivo (200/204)
[90m[query] [39mselect "d0".*, "l1"."id" as "l1__id" from "dispositivo" as "d0" left join "linea_produccion" as "l1" on "d0"."hardware_id" = "l1"."dispositivo_hardware_id" where "d0"."hardware_id" = 'hw-admin-delete' limit 1[90m [took 2 ms, 0 results][39m

stdout | src/routes/dispositivos.routes.test.ts > DELETE /api/dispositivos/:id > allows Jefe to hard-delete a Dispositivo (200/204)
[90m[query] [39mdelete from "dispositivo"[90m [took 2 ms, 0 rows affected][39m

stdout | src/routes/dispositivos.routes.test.ts > DELETE /api/dispositivos/:id > allows Jefe to hard-delete a Dispositivo (200/204)
[90m[query] [39mbegin

stdout | src/routes/dispositivos.routes.test.ts > DELETE /api/dispositivos/:id > allows Jefe to hard-delete a Dispositivo (200/204)
[90m[query] [39minsert into "dispositivo" ("hardware_id", "nombre") values ('hw-jefe-delete', 'Pi-hw-j')[90m [took 1 ms, 1 row affected][39m

stdout | src/routes/dispositivos.routes.test.ts > DELETE /api/dispositivos/:id > allows Jefe to hard-delete a Dispositivo (200/204)
[90m[query] [39mcommit

stdout | src/routes/dispositivos.routes.test.ts > DELETE /api/dispositivos/:id > allows Jefe to hard-delete a Dispositivo (200/204)
[90m[query] [39mdelete from "dispositivo" where "hardware_id" = 'hw-jefe-delete'[90m [took 6 ms, 1 row affected][39m

stdout | src/routes/dispositivos.routes.test.ts > DELETE /api/dispositivos/:id > allows Jefe to hard-delete a Dispositivo (200/204)
[90m[query] [39mselect "d0".*, "l1"."id" as "l1__id" from "dispositivo" as "d0" left join "linea_produccion" as "l1" on "d0"."hardware_id" = "l1"."dispositivo_hardware_id" where "d0"."hardware_id" = 'hw-jefe-delete' limit 1[90m [took 3 ms, 0 results][39m

stdout | src/routes/dispositivos.routes.test.ts > DELETE /api/dispositivos/:id > rejects Operario with 403 and does NOT delete the row
[90m[query] [39mdelete from "dispositivo"[90m [took 0 ms, 0 rows affected][39m

stdout | src/routes/dispositivos.routes.test.ts > DELETE /api/dispositivos/:id > rejects Operario with 403 and does NOT delete the row
[90m[query] [39mbegin

stdout | src/routes/dispositivos.routes.test.ts > DELETE /api/dispositivos/:id > rejects Operario with 403 and does NOT delete the row
[90m[query] [39minsert into "dispositivo" ("hardware_id", "nombre") values ('hw-operario-delete', 'Pi-hw-o')[90m [took 2 ms, 1 row affected][39m

stdout | src/routes/dispositivos.routes.test.ts > DELETE /api/dispositivos/:id > rejects Operario with 403 and does NOT delete the row
[90m[query] [39mcommit

stdout | src/routes/dispositivos.routes.test.ts > DELETE /api/dispositivos/:id > rejects Operario with 403 and does NOT delete the row
[90m[query] [39mselect "d0".*, "l1"."id" as "l1__id" from "dispositivo" as "d0" left join "linea_produccion" as "l1" on "d0"."hardware_id" = "l1"."dispositivo_hardware_id" where "d0"."hardware_id" = 'hw-operario-delete' limit 1[90m [took 3 ms, 1 result][39m

stdout | src/routes/dispositivos.routes.test.ts > DELETE /api/dispositivos/:id > rejects a request with no token with 401/403 and does NOT delete the row
[90m[query] [39mdelete from "dispositivo"[90m [took 4 ms, 1 row affected][39m

stdout | src/routes/dispositivos.routes.test.ts > DELETE /api/dispositivos/:id > rejects a request with no token with 401/403 and does NOT delete the row
[90m[query] [39mbegin

stdout | src/routes/dispositivos.routes.test.ts > DELETE /api/dispositivos/:id > rejects a request with no token with 401/403 and does NOT delete the row
[90m[query] [39minsert into "dispositivo" ("hardware_id", "nombre") values ('hw-no-token-delete', 'Pi-hw-n')[90m [took 2 ms, 1 row affected][39m

stdout | src/routes/dispositivos.routes.test.ts > DELETE /api/dispositivos/:id > rejects a request with no token with 401/403 and does NOT delete the row
[90m[query] [39mcommit

stdout | src/routes/dispositivos.routes.test.ts > DELETE /api/dispositivos/:id > rejects a request with no token with 401/403 and does NOT delete the row
[90m[query] [39mselect "d0".*, "l1"."id" as "l1__id" from "dispositivo" as "d0" left join "linea_produccion" as "l1" on "d0"."hardware_id" = "l1"."dispositivo_hardware_id" where "d0"."hardware_id" = 'hw-no-token-delete' limit 1[90m [took 3 ms, 1 result][39m

 ✓ src/routes/dispositivos.routes.test.ts (4 tests) 1243ms
stdout | src/models.test.ts
◇ injected env (8) from .env // tip: ⌘ custom filepath { path: '/custom/path/.env' }

stdout | src/models.test.ts > Domain Entities Integration Tests
[90m[info] [39mMikroORM version: [32m7.1.1[39m
[90m[discovery] [39mORM entity discovery started
[90m[discovery] [39m- processing entity [36mUsuario[39m[90m (/home/gtr/work/maciasoft/Controlador Pesaje/codigo/backend/src/models/Usuario.ts)[39m
[90m[discovery] [39m- processing entity [36mLineaProduccion[39m[90m (/home/gtr/work/maciasoft/Controlador Pesaje/codigo/backend/src/models/LineaProduccion.ts)[39m
[90m[discovery] [39m- processing entity [36mArticulo[39m[90m (/home/gtr/work/maciasoft/Controlador Pesaje/codigo/backend/src/models/Articulo.ts)[39m
[90m[discovery] [39m- processing entity [36mEtapa[39m[90m (/home/gtr/work/maciasoft/Controlador Pesaje/codigo/backend/src/models/Etapa.ts)[39m
[90m[discovery] [39m- processing entity [36mRutaPasada[39m[90m (/home/gtr/work/maciasoft/Controlador Pesaje/codigo/backend/src/models/RutaPasada.ts)[39m
[90m[discovery] [39m- processing entity [36mArticuloRutaPasada[39m[90m (/home/gtr/work/maciasoft/Controlador Pesaje/codigo/backend/src/models/ArticuloRutaPasada.ts)[39m
[90m[discovery] [39m- processing entity [36mRutaPasadaEtapa[39m[90m (/home/gtr/work/maciasoft/Controlador Pesaje/codigo/backend/src/models/RutaPasadaEtapa.ts)[39m
[90m[discovery] [39m- processing entity [36mPasada[39m[90m (/home/gtr/work/maciasoft/Controlador Pesaje/codigo/backend/src/models/Pasada.ts)[39m
[90m[discovery] [39m- processing entity [36mMuestra[39m[90m (/home/gtr/work/maciasoft/Controlador Pesaje/codigo/backend/src/models/Muestra.ts)[39m
[90m[discovery] [39m- processing entity [36mDispositivo[39m[90m (/home/gtr/work/maciasoft/Controlador Pesaje/codigo/backend/src/models/Dispositivo.ts)[39m

stdout | src/models.test.ts > Domain Entities Integration Tests
[90m[discovery] [39m- entity discovery finished, found [32m10[39m entities, took [32m78 ms[39m

stdout | src/models.test.ts > Domain Entities Integration Tests
[90m[query] [39mselect 1 from pg_database where datname = 'control_pesaje_test'[90m [took 79 ms, 1 result][39m

stdout | src/models.test.ts > Domain Entities Integration Tests
[90m[query] [39mselect table_name, table_schema as schema_name, (select pg_catalog.obj_description(c.oid) from pg_catalog.pg_class c where c.oid = (select ('"' || table_schema || '"."' || table_name || '"')::regclass::oid) and c.relname = table_name) as table_comment from information_schema.tables t where "table_schema" not like 'pg_%' and "table_schema" not like 'crdb_%' and "table_schema" not like '_timescaledb_%' and "table_schema" not in ('information_schema', 'tiger', 'topology') and table_name != 'geometry_columns' and table_name != 'spatial_ref_sys' and table_type != 'VIEW' and not exists (select 1 from pg_inherits i join pg_class c on c.oid = i.inhrelid join pg_namespace n on n.oid = c.relnamespace where c.relname = t.table_name and n.nspname = t.table_schema) order by table_name[90m [took 26 ms, 10 results][39m

stdout | src/models.test.ts > Domain Entities Integration Tests
[90m[query] [39mselect t.typname as enum_name, n.nspname as schema_name, array_agg(e.enumlabel order by e.enumsortorder) as enum_value from pg_type t join pg_enum e on t.oid = e.enumtypid join pg_catalog.pg_namespace n on n.oid = t.typnamespace where n.nspname in ('public') group by t.typname, n.nspname[90m [took 6 ms, 3 results][39m

stdout | src/models.test.ts > Domain Entities Integration Tests
[90m[query] [39mselect table_schema as schema_name, table_name, column_name, column_default, is_nullable, udt_name, udt_schema, coalesce(datetime_precision, character_maximum_length) length, atttypmod custom_length, numeric_precision, numeric_scale, data_type, is_identity, identity_generation, generation_expression, pg_catalog.col_description(pgc.oid, cols.ordinal_position::int) column_comment, coll.collname as collation_name from information_schema.columns cols join pg_class pgc on cols.table_name = pgc.relname join pg_attribute pga on pgc.oid = pga.attrelid and cols.column_name = pga.attname left join pg_collation coll on pga.attcollation = coll.oid and coll.collname <> 'default' where ((table_schema = 'public' and table_name in ('articulo','articulo_ruta_pasada','dispositivo','etapa','linea_produccion','muestra','pasada','ruta_pasada','ruta_pasada_etapa','usuario'))) order by ordinal_position[90m [took 53 ms, 65 results][39m

stdout | src/models.test.ts > Domain Entities Integration Tests
[90m[query] [39mselect indrelid::regclass as table_name, ns.nspname as schema_name, relname as constraint_name, idx.indisunique as unique, idx.indisprimary as primary, contype, condeferrable, condeferred, array( select pg_get_indexdef(idx.indexrelid, k + 1, true) from generate_subscripts(idx.indkey, 1) as k order by k ) as index_def, pg_get_indexdef(idx.indexrelid) as expression, c.condeferrable as deferrable, c.condeferred as initially_deferred, i.reloptions, am.amname as index_type from pg_index idx join pg_class as i on i.oid = idx.indexrelid join pg_namespace as ns on i.relnamespace = ns.oid join pg_am as am on am.oid = i.relam left join pg_constraint as c on c.conname = i.relname where indrelid in ('"public"."articulo"'::regclass, '"public"."articulo_ruta_pasada"'::regclass, '"public"."dispositivo"'::regclass, '"public"."etapa"'::regclass, '"public"."linea_produccion"'::regclass, '"public"."muestra"'::regclass, '"public"."pasada"'::regclass, '"public"."ruta_pasada"'::regclass, '"public"."ruta_pasada_etapa"'::regclass, '"public"."usuario"'::regclass) order by relname[90m [took 26 ms, 19 results][39m

stdout | src/models.test.ts > Domain Entities Integration Tests
[90m[query] [39mselect ccu.table_name as table_name, ccu.table_schema as schema_name, pgc.conname as name, conrelid::regclass as table_from, ccu.column_name as column_name, pg_get_constraintdef(pgc.oid) as expression from pg_constraint pgc join pg_namespace nsp on nsp.oid = pgc.connamespace join pg_class cls on pgc.conrelid = cls.oid join information_schema.constraint_column_usage ccu on pgc.conname = ccu.constraint_name and nsp.nspname = ccu.constraint_schema and cls.relname = ccu.table_name where contype = 'c' and (ccu.table_name in ('articulo','articulo_ruta_pasada','dispositivo','etapa','linea_produccion','muestra','pasada','ruta_pasada','ruta_pasada_etapa','usuario') and ccu.table_schema = 'public') order by pgc.conname[90m [took 14 ms, 0 results][39m

stdout | src/models.test.ts > Domain Entities Integration Tests
[90m[query] [39mselect nsp1.nspname schema_name, cls1.relname table_name, nsp2.nspname referenced_schema_name, cls2.relname referenced_table_name, a.attname column_name, af.attname referenced_column_name, conname constraint_name, confupdtype update_rule, confdeltype delete_rule, array_position(con.conkey,a.attnum) as ord, condeferrable, condeferred, pg_get_constraintdef(con.oid) as constraint_def from pg_attribute a join pg_constraint con on con.conrelid = a.attrelid AND a.attnum = ANY (con.conkey) join pg_attribute af on af.attnum = con.confkey[array_position(con.conkey,a.attnum)] AND af.attrelid = con.confrelid join pg_namespace nsp1 on nsp1.oid = con.connamespace join pg_class cls1 on cls1.oid = con.conrelid join pg_class cls2 on cls2.oid = confrelid join pg_namespace nsp2 on nsp2.oid = cls2.relnamespace where ((cls1.relname in ('articulo','articulo_ruta_pasada','dispositivo','etapa','linea_produccion','muestra','pasada','ruta_pasada','ruta_pasada_etapa','usuario') and nsp1.nspname = 'public')) and confrelid > 0 order by nsp1.nspname, cls1.relname, constraint_name, ord[90m [took 15 ms, 16 results][39m

stdout | src/models.test.ts > Domain Entities Integration Tests
[90m[query] [39mwith targets(schema_name, table_name) as (values ('public'::text, 'articulo'), ('public'::text, 'articulo_ruta_pasada'), ('public'::text, 'dispositivo'), ('public'::text, 'etapa'), ('public'::text, 'linea_produccion'), ('public'::text, 'muestra'), ('public'::text, 'pasada'), ('public'::text, 'ruta_pasada'), ('public'::text, 'ruta_pasada_etapa'), ('public'::text, 'usuario')) select parent_ns.nspname as schema_name, parent.relname as table_name, pg_get_partkeydef(parent.oid) as partition_definition, child_ns.nspname as partition_schema_name, child.relname as partition_name, pg_get_expr(child.relpartbound, child.oid) as partition_bound from targets join pg_class parent on parent.relname = targets.table_name join pg_namespace parent_ns on parent_ns.oid = parent.relnamespace and parent_ns.nspname = coalesce(targets.schema_name, current_schema()) join pg_partitioned_table partitioned on partitioned.partrelid = parent.oid left join pg_inherits inherits on inherits.inhparent = parent.oid left join pg_class child on child.oid = inherits.inhrelid left join pg_namespace child_ns on child_ns.oid = child.relnamespace order by parent_ns.nspname, parent.relname, child_ns.nspname, child.relname[90m [took 8 ms, 0 results][39m

stdout | src/models.test.ts > Domain Entities Integration Tests
[90m[query] [39mselect t.trigger_name, t.event_object_schema as schema_name, t.event_object_table as table_name, t.event_manipulation as event, t.action_timing as timing, t.action_orientation as for_each, t.action_condition as when_clause, pg_get_functiondef(p.oid) as function_def, p.prosrc as function_body from information_schema.triggers t left join pg_namespace n on n.nspname = t.event_object_schema left join pg_proc p on p.proname = t.event_object_table || '_' || t.trigger_name || '_fn' and p.pronamespace = n.oid where ((t.event_object_schema = 'public' and t.event_object_table in ('articulo', 'articulo_ruta_pasada', 'dispositivo', 'etapa', 'linea_produccion', 'muestra', 'pasada', 'ruta_pasada', 'ruta_pasada_etapa', 'usuario'))) order by t.trigger_name, t.event_manipulation[90m [took 6 ms, 0 results][39m

stdout | src/models.test.ts > Domain Entities Integration Tests
[90m[query] [39mselect datcollate as collation from pg_database where datname = current_database()[90m [took 13 ms, 1 result][39m

stdout | src/models.test.ts > Domain Entities Integration Tests
[90m[query] [39mselect table_name as view_name, table_schema as schema_name, view_definition from information_schema.views where "table_schema" not like 'pg_%' and "table_schema" not like 'crdb_%' and "table_schema" not like '_timescaledb_%' and "table_schema" not in ('information_schema', 'tiger', 'topology') and table_name != 'geography_columns' and table_name != 'geometry_columns' order by table_name[90m [took 5 ms, 0 results][39m

stdout | src/models.test.ts > Domain Entities Integration Tests
[90m[query] [39mselect matviewname as view_name, schemaname as schema_name, definition as view_definition, ispopulated as is_populated from pg_matviews where "schemaname" not like 'pg_%' and "schemaname" not like 'crdb_%' and "schemaname" not like '_timescaledb_%' and "schemaname" not in ('information_schema', 'tiger', 'topology') order by matviewname[90m [took 6 ms, 0 results][39m

stdout | src/models.test.ts > Domain Entities Integration Tests
[90m[query] [39mset names 'utf8';[90m [took 6 ms, 0 results][39m

stdout | src/models.test.ts > Domain Entities Integration Tests
[90m[query] [39mdrop table if exists "muestra" cascade;drop table if exists "pasada" cascade;drop table if exists "usuario" cascade;drop table if exists "ruta_pasada_etapa" cascade;drop table if exists "articulo_ruta_pasada" cascade;drop table if exists "linea_produccion" cascade;drop table if exists "ruta_pasada" cascade;drop table if exists "etapa" cascade;drop table if exists "dispositivo" cascade;drop table if exists "articulo" cascade;drop type "muestra_estado_validacion_enum";drop type "pasada_estado_enum";drop type "usuario_rol_enum";[90m [took 155 ms, 0 results][39m

stdout | src/models.test.ts > Domain Entities Integration Tests
[90m[query] [39mset names 'utf8';[90m [took 1 ms, 0 results][39m

stdout | src/models.test.ts > Domain Entities Integration Tests
[90m[query] [39mcreate type "usuario_rol_enum" as enum ('operario', 'jefe', 'visualizacion', 'administrador');create type "pasada_estado_enum" as enum ('en_curso', 'completa', 'abortada');create type "muestra_estado_validacion_enum" as enum ('ok', 'fuera_de_rango');create table "articulo" ("id" serial primary key, "nombre" varchar(100) not null, "descripcion" text null, "marca" varchar(100) null, "activo" boolean not null default true);alter table "articulo" add constraint "articulo_nombre_marca_unique" unique ("nombre", "marca");[90m [took 22 ms, 0 results][39m

stdout | src/models.test.ts > Domain Entities Integration Tests
[90m[query] [39mcreate table "dispositivo" ("hardware_id" varchar(255) not null, "nombre" varchar(100) not null, "ultima_conexion_at" timestamptz null, primary key ("hardware_id"));[90m [took 11 ms, 0 results][39m

stdout | src/models.test.ts > Domain Entities Integration Tests
[90m[query] [39mcreate table "etapa" ("id" serial primary key, "nombre" varchar(100) not null, "descripcion" text null, "activo" boolean not null default true);alter table "etapa" add constraint "etapa_nombre_unique" unique ("nombre");[90m [took 20 ms, 0 results][39m

stdout | src/models.test.ts > Domain Entities Integration Tests
[90m[query] [39mcreate table "ruta_pasada" ("id" serial primary key, "nombre" varchar(100) not null, "descripcion" text null, "activo" boolean not null default true);alter table "ruta_pasada" add constraint "ruta_pasada_nombre_unique" unique ("nombre");[90m [took 20 ms, 0 results][39m

stdout | src/models.test.ts > Domain Entities Integration Tests
[90m[query] [39mcreate table "linea_produccion" ("id" serial primary key, "nombre" varchar(100) not null, "ruta_pasada_activa_id" int null, "dispositivo_hardware_id" varchar(255) null, "activo" boolean not null default true);alter table "linea_produccion" add constraint "linea_produccion_nombre_unique" unique ("nombre");alter table "linea_produccion" add constraint "linea_produccion_dispositivo_hardware_id_unique" unique ("dispositivo_hardware_id");[90m [took 23 ms, 0 results][39m

stdout | src/models.test.ts > Domain Entities Integration Tests
[90m[query] [39mcreate table "articulo_ruta_pasada" ("id" serial primary key, "articulo_id" int not null, "ruta_pasada_id" int not null);alter table "articulo_ruta_pasada" add constraint "articulo_ruta_pasada_articulo_id_ruta_pasada_id_unique" unique ("articulo_id", "ruta_pasada_id");[90m [took 19 ms, 0 results][39m

stdout | src/models.test.ts > Domain Entities Integration Tests
[90m[query] [39mcreate table "ruta_pasada_etapa" ("id" serial primary key, "ruta_pasada_id" int not null, "etapa_id" int not null, "orden" int not null, "peso_ideal" decimal(8,3) not null, "peso_minimo" decimal(8,3) not null, "peso_maximo" decimal(8,3) not null, "cantidad_muestras_requeridas" int not null);alter table "ruta_pasada_etapa" add constraint "ruta_pasada_etapa_ruta_pasada_id_etapa_id_unique" unique ("ruta_pasada_id", "etapa_id");[90m [took 24 ms, 0 results][39m

stdout | src/models.test.ts > Domain Entities Integration Tests
[90m[query] [39mcreate table "usuario" ("id" serial primary key, "nombre_apellido" varchar(100) not null, "nombre_usuario" varchar(50) not null, "legajo" varchar(10) not null, "pin_hash" varchar(255) not null, "puede_tomar_muestras_libres" boolean not null default false, "rol" "usuario_rol_enum" not null, "activo" boolean not null default true, "datos_adicionales" jsonb null, "es_sistema" boolean not null default false);alter table "usuario" add constraint "usuario_nombre_usuario_unique" unique ("nombre_usuario");alter table "usuario" add constraint "usuario_legajo_unique" unique ("legajo");[90m [took 31 ms, 0 results][39m

stdout | src/models.test.ts > Domain Entities Integration Tests
[90m[query] [39mcreate table "pasada" ("id" serial primary key, "linea_produccion_id" int not null, "ruta_pasada_id" int not null, "articulo_id" int null, "usuario_id" int not null, "numero" int not null, "estado" "pasada_estado_enum" not null default 'en_curso', "motivo_cierre" text null, "hora_inicio" timestamptz not null, "hora_cierre" timestamptz null, "observacion_cierre" text null, "activo" boolean not null default true);[90m [took 27 ms, 0 results][39m

stdout | src/models.test.ts > Domain Entities Integration Tests
[90m[query] [39mcreate table "muestra" ("id" serial primary key, "pasada_id" int null, "usuario_id" int not null, "ruta_pasada_id" int not null, "articulo_id" int null, "etapa_id" int not null, "linea_produccion_id" int not null, "peso_neto" decimal(8,3) not null, "estado_validacion" "muestra_estado_validacion_enum" not null, "observacion" text null, "timestamp" timestamptz not null);[90m [took 17 ms, 0 results][39m

stdout | src/models.test.ts > Domain Entities Integration Tests
[90m[query] [39malter table "linea_produccion" add constraint "linea_produccion_ruta_pasada_activa_id_foreign" foreign key ("ruta_pasada_activa_id") references "ruta_pasada" ("id") on delete restrict;alter table "linea_produccion" add constraint "linea_produccion_dispositivo_hardware_id_foreign" foreign key ("dispositivo_hardware_id") references "dispositivo" ("hardware_id") on delete set null;[90m [took 12 ms, 0 results][39m

stdout | src/models.test.ts > Domain Entities Integration Tests
[90m[query] [39malter table "articulo_ruta_pasada" add constraint "articulo_ruta_pasada_articulo_id_foreign" foreign key ("articulo_id") references "articulo" ("id") on delete restrict;alter table "articulo_ruta_pasada" add constraint "articulo_ruta_pasada_ruta_pasada_id_foreign" foreign key ("ruta_pasada_id") references "ruta_pasada" ("id") on delete restrict;[90m [took 13 ms, 0 results][39m

stdout | src/models.test.ts > Domain Entities Integration Tests
[90m[query] [39malter table "ruta_pasada_etapa" add constraint "ruta_pasada_etapa_ruta_pasada_id_foreign" foreign key ("ruta_pasada_id") references "ruta_pasada" ("id") on delete restrict;alter table "ruta_pasada_etapa" add constraint "ruta_pasada_etapa_etapa_id_foreign" foreign key ("etapa_id") references "etapa" ("id") on delete restrict;[90m [took 13 ms, 0 results][39m

stdout | src/models.test.ts > Domain Entities Integration Tests
[90m[query] [39malter table "pasada" add constraint "pasada_linea_produccion_id_foreign" foreign key ("linea_produccion_id") references "linea_produccion" ("id") on delete restrict;alter table "pasada" add constraint "pasada_ruta_pasada_id_foreign" foreign key ("ruta_pasada_id") references "ruta_pasada" ("id") on delete restrict;alter table "pasada" add constraint "pasada_articulo_id_foreign" foreign key ("articulo_id") references "articulo" ("id") on delete restrict;alter table "pasada" add constraint "pasada_usuario_id_foreign" foreign key ("usuario_id") references "usuario" ("id") on delete restrict;[90m [took 16 ms, 0 results][39m

stdout | src/models.test.ts > Domain Entities Integration Tests
[90m[query] [39malter table "muestra" add constraint "muestra_pasada_id_foreign" foreign key ("pasada_id") references "pasada" ("id") on delete restrict;alter table "muestra" add constraint "muestra_usuario_id_foreign" foreign key ("usuario_id") references "usuario" ("id") on delete restrict;alter table "muestra" add constraint "muestra_ruta_pasada_id_foreign" foreign key ("ruta_pasada_id") references "ruta_pasada" ("id") on delete restrict;alter table "muestra" add constraint "muestra_articulo_id_foreign" foreign key ("articulo_id") references "articulo" ("id") on delete restrict;alter table "muestra" add constraint "muestra_etapa_id_foreign" foreign key ("etapa_id") references "etapa" ("id") on delete restrict;alter table "muestra" add constraint "muestra_linea_produccion_id_foreign" foreign key ("linea_produccion_id") references "linea_produccion" ("id") on delete restrict;[90m [took 20 ms, 0 results][39m

stdout | src/models.test.ts > Domain Entities Integration Tests > should create and retrieve a Usuario with v1.5 shape (legajo, pinHash, no contrasenaHash)
[90m[query] [39mbegin

stdout | src/models.test.ts > Domain Entities Integration Tests > should create and retrieve a Usuario with v1.5 shape (legajo, pinHash, no contrasenaHash)
[90m[query] [39minsert into "usuario" ("nombre_apellido", "nombre_usuario", "legajo", "pin_hash", "puede_tomar_muestras_libres", "rol", "activo", "datos_adicionales", "es_sistema") values ('Juan Pérez', 'juan.perez', 'LEG123', '$2b$10$hashedpinhere', false, 'operario', true, '{"preferenciasInterfaz":{"tema":"oscuro","idioma":"es"}}', false) returning "id"[90m [took 2 ms, 1 row affected][39m

stdout | src/models.test.ts > Domain Entities Integration Tests > should create and retrieve a Usuario with v1.5 shape (legajo, pinHash, no contrasenaHash)
[90m[query] [39mcommit

stdout | src/models.test.ts > Domain Entities Integration Tests > should create and retrieve a Usuario with v1.5 shape (legajo, pinHash, no contrasenaHash)
[90m[query] [39mselect "u0".* from "usuario" as "u0" where "u0"."nombre_usuario" = 'juan.perez' limit 1[90m [took 2 ms, 1 result][39m

stdout | src/models.test.ts > Domain Entities Integration Tests > should enforce decimal precision (8,3) and rounding on RutaPasadaEtapa
[90m[query] [39mbegin

stdout | src/models.test.ts > Domain Entities Integration Tests > should enforce decimal precision (8,3) and rounding on RutaPasadaEtapa
[90m[query] [39minsert into "etapa" ("nombre", "descripcion", "activo") values ('Cobertura', 'Baño de chocolate chocolate amargo', true) returning "id"[90m [took 3 ms, 1 row affected][39m

stdout | src/models.test.ts > Domain Entities Integration Tests > should enforce decimal precision (8,3) and rounding on RutaPasadaEtapa
[90m[query] [39minsert into "ruta_pasada" ("nombre", "activo") values ('Palito Bombón', true) returning "id"[90m [took 2 ms, 1 row affected][39m

stdout | src/models.test.ts > Domain Entities Integration Tests > should enforce decimal precision (8,3) and rounding on RutaPasadaEtapa
[90m[query] [39mcommit

stdout | src/models.test.ts > Domain Entities Integration Tests > should enforce decimal precision (8,3) and rounding on RutaPasadaEtapa
[90m[query] [39mbegin

stdout | src/models.test.ts > Domain Entities Integration Tests > should enforce decimal precision (8,3) and rounding on RutaPasadaEtapa
[90m[query] [39minsert into "ruta_pasada_etapa" ("ruta_pasada_id", "etapa_id", "orden", "peso_ideal", "peso_minimo", "peso_maximo", "cantidad_muestras_requeridas") values (1, 1, 1, 12.3456, 10.1111, 15.9999, 5) returning "id"[90m [took 6 ms, 1 row affected][39m

stdout | src/models.test.ts > Domain Entities Integration Tests > should enforce decimal precision (8,3) and rounding on RutaPasadaEtapa
[90m[query] [39mcommit

stdout | src/models.test.ts > Domain Entities Integration Tests > should enforce decimal precision (8,3) and rounding on RutaPasadaEtapa
[90m[query] [39mselect "r0".* from "ruta_pasada_etapa" as "r0" where "r0"."ruta_pasada_id" = 1 and "r0"."etapa_id" = 1 limit 1[90m [took 2 ms, 1 result][39m

stdout | src/models.test.ts > Domain Entities Integration Tests > should create and retrieve a Pasada and Muestra with decimal rounding on pesoNeto
[90m[query] [39mbegin

stdout | src/models.test.ts > Domain Entities Integration Tests > should create and retrieve a Pasada and Muestra with decimal rounding on pesoNeto
[90m[query] [39minsert into "ruta_pasada" ("nombre", "activo") values ('Ruta Alfajor Standard', true) returning "id"[90m [took 1 ms, 1 row affected][39m

stdout | src/models.test.ts > Domain Entities Integration Tests > should create and retrieve a Pasada and Muestra with decimal rounding on pesoNeto
[90m[query] [39minsert into "etapa" ("nombre", "activo") values ('Relleno', true) returning "id"[90m [took 1 ms, 1 row affected][39m

stdout | src/models.test.ts > Domain Entities Integration Tests > should create and retrieve a Pasada and Muestra with decimal rounding on pesoNeto
[90m[query] [39minsert into "articulo" ("nombre", "activo") values ('Alfajor Triple', true) returning "id"[90m [took 2 ms, 1 row affected][39m

stdout | src/models.test.ts > Domain Entities Integration Tests > should create and retrieve a Pasada and Muestra with decimal rounding on pesoNeto
[90m[query] [39minsert into "linea_produccion" ("nombre", "activo") values ('Línea de Envasado 1', true) returning "id"[90m [took 2 ms, 1 row affected][39m

stdout | src/models.test.ts > Domain Entities Integration Tests > should create and retrieve a Pasada and Muestra with decimal rounding on pesoNeto
[90m[query] [39minsert into "usuario" ("nombre_apellido", "nombre_usuario", "legajo", "pin_hash", "puede_tomar_muestras_libres", "rol", "activo", "es_sistema") values ('Test Operario', 'test.operario', 'TEST-123', 'hash', false, 'operario', true, false) returning "id"[90m [took 1 ms, 1 row affected][39m

stdout | src/models.test.ts > Domain Entities Integration Tests > should create and retrieve a Pasada and Muestra with decimal rounding on pesoNeto
[90m[query] [39mcommit

stdout | src/models.test.ts > Domain Entities Integration Tests > should create and retrieve a Pasada and Muestra with decimal rounding on pesoNeto
[90m[query] [39mbegin

stdout | src/models.test.ts > Domain Entities Integration Tests > should create and retrieve a Pasada and Muestra with decimal rounding on pesoNeto
[90m[query] [39minsert into "pasada" ("linea_produccion_id", "ruta_pasada_id", "articulo_id", "usuario_id", "numero", "estado", "hora_inicio", "activo") values (1, 2, 1, 2, 1, 'en_curso', '2026-07-13T14:25:50.319Z', true) returning "id"[90m [took 5 ms, 1 row affected][39m

stdout | src/models.test.ts > Domain Entities Integration Tests > should create and retrieve a Pasada and Muestra with decimal rounding on pesoNeto
[90m[query] [39mcommit

stdout | src/models.test.ts > Domain Entities Integration Tests > should create and retrieve a Pasada and Muestra with decimal rounding on pesoNeto
[90m[query] [39mbegin

stdout | src/models.test.ts > Domain Entities Integration Tests > should create and retrieve a Pasada and Muestra with decimal rounding on pesoNeto
[90m[query] [39minsert into "muestra" ("pasada_id", "usuario_id", "ruta_pasada_id", "articulo_id", "etapa_id", "linea_produccion_id", "peso_neto", "estado_validacion", "timestamp") values (1, 2, 2, 1, 2, 1, 85.1236, 'ok', '2026-07-13T14:25:50.348Z') returning "id"[90m [took 4 ms, 1 row affected][39m

stdout | src/models.test.ts > Domain Entities Integration Tests > should create and retrieve a Pasada and Muestra with decimal rounding on pesoNeto
[90m[query] [39mcommit

stdout | src/models.test.ts > Domain Entities Integration Tests > should create and retrieve a Pasada and Muestra with decimal rounding on pesoNeto
[90m[query] [39mselect "p0".*, "l1"."id" as "l1__id", "l1"."nombre" as "l1__nombre", "l1"."ruta_pasada_activa_id" as "l1__ruta_pasada_activa_id", "l1"."dispositivo_hardware_id" as "l1__dispositivo_hardware_id", "l1"."activo" as "l1__activo", "a2"."id" as "a2__id", "a2"."nombre" as "a2__nombre", "a2"."descripcion" as "a2__descripcion", "a2"."marca" as "a2__marca", "a2"."activo" as "a2__activo", "u3"."id" as "u3__id", "u3"."nombre_apellido" as "u3__nombre_apellido", "u3"."nombre_usuario" as "u3__nombre_usuario", "u3"."legajo" as "u3__legajo", "u3"."pin_hash" as "u3__pin_hash", "u3"."puede_tomar_muestras_libres" as "u3__puede_tomar_muestras_libres", "u3"."rol" as "u3__rol", "u3"."activo" as "u3__activo", "u3"."datos_adicionales" as "u3__datos_adicionales", "u3"."es_sistema" as "u3__es_sistema" from "pasada" as "p0" inner join "linea_produccion" as "l1" on "p0"."linea_produccion_id" = "l1"."id" left join "articulo" as "a2" on "p0"."articulo_id" = "a2"."id" inner join "usuario" as "u3" on "p0"."usuario_id" = "u3"."id" where "p0"."id" = 1 limit 1[90m [took 5 ms, 1 result][39m

stdout | src/models.test.ts > Domain Entities Integration Tests > should create and retrieve a Pasada and Muestra with decimal rounding on pesoNeto
[90m[query] [39mselect "m0".*, "p1"."id" as "p1__id", "p1"."linea_produccion_id" as "p1__linea_produccion_id", "p1"."ruta_pasada_id" as "p1__ruta_pasada_id", "p1"."articulo_id" as "p1__articulo_id", "p1"."usuario_id" as "p1__usuario_id", "p1"."numero" as "p1__numero", "p1"."estado" as "p1__estado", "p1"."motivo_cierre" as "p1__motivo_cierre", "p1"."hora_inicio" as "p1__hora_inicio", "p1"."hora_cierre" as "p1__hora_cierre", "p1"."observacion_cierre" as "p1__observacion_cierre", "p1"."activo" as "p1__activo", "e2"."id" as "e2__id", "e2"."nombre" as "e2__nombre", "e2"."descripcion" as "e2__descripcion", "e2"."activo" as "e2__activo" from "muestra" as "m0" left join "pasada" as "p1" on "m0"."pasada_id" = "p1"."id" inner join "etapa" as "e2" on "m0"."etapa_id" = "e2"."id" where "m0"."id" = 1 limit 1[90m [took 3 ms, 1 result][39m

stdout | src/models.test.ts > Domain Entities Integration Tests > should support a nullable string marca on Articulo
[90m[query] [39mbegin

stdout | src/models.test.ts > Domain Entities Integration Tests > should support a nullable string marca on Articulo
[90m[query] [39minsert into "articulo" ("nombre", "activo", "marca") values ('Alfajor Sin Marca', true, default), ('Alfajor Con Marca', true, 'Havanna') returning "id"[90m [took 2 ms, 2 rows affected][39m

stdout | src/models.test.ts > Domain Entities Integration Tests > should support a nullable string marca on Articulo
[90m[query] [39mcommit

stdout | src/models.test.ts > Domain Entities Integration Tests > should support a nullable string marca on Articulo
[90m[query] [39mselect "a0".* from "articulo" as "a0" where "a0"."nombre" = 'Alfajor Sin Marca' limit 1[90m [took 2 ms, 1 result][39m

stdout | src/models.test.ts > Domain Entities Integration Tests > should support a nullable string marca on Articulo
[90m[query] [39mselect "a0".* from "articulo" as "a0" where "a0"."nombre" = 'Alfajor Con Marca' limit 1[90m [took 2 ms, 1 result][39m

 ✓ src/models.test.ts (5 tests) 1289ms
 ✓ src/routes/rutas-pasadas-etapas.routes.test.ts (6 tests) 163ms
stdout | src/app.test.ts
◇ injected env (8) from .env // tip: ⌘ multiple files { path: ['.env.local', '.env'] }

stdout | src/app.test.ts > API Health Check
[90m[info] [39mMikroORM version: [32m7.1.1[39m
[90m[discovery] [39mORM entity discovery started
[90m[discovery] [39m- processing entity [36mUsuario[39m[90m (/home/gtr/work/maciasoft/Controlador Pesaje/codigo/backend/src/models/Usuario.ts)[39m
[90m[discovery] [39m- processing entity [36mLineaProduccion[39m[90m (/home/gtr/work/maciasoft/Controlador Pesaje/codigo/backend/src/models/LineaProduccion.ts)[39m
[90m[discovery] [39m- processing entity [36mArticulo[39m[90m (/home/gtr/work/maciasoft/Controlador Pesaje/codigo/backend/src/models/Articulo.ts)[39m
[90m[discovery] [39m- processing entity [36mEtapa[39m[90m (/home/gtr/work/maciasoft/Controlador Pesaje/codigo/backend/src/models/Etapa.ts)[39m
[90m[discovery] [39m- processing entity [36mRutaPasadaEtapa[39m[90m (/home/gtr/work/maciasoft/Controlador Pesaje/codigo/backend/src/models/RutaPasadaEtapa.ts)[39m
[90m[discovery] [39m- processing entity [36mRutaPasada[39m[90m (/home/gtr/work/maciasoft/Controlador Pesaje/codigo/backend/src/models/RutaPasada.ts)[39m
[90m[discovery] [39m- processing entity [36mDispositivo[39m[90m (/home/gtr/work/maciasoft/Controlador Pesaje/codigo/backend/src/models/Dispositivo.ts)[39m

stdout | src/app.test.ts > API Health Check
[90m[discovery] [39m- entity discovery finished, found [32m7[39m entities, took [32m45 ms[39m

 ✓ src/app.test.ts (1 test) 179ms
 ✓ src/routes/rutas-pasadas-articulos.routes.test.ts (6 tests) 235ms
 ✓ src/socket/auth.middleware.test.ts (12 tests) 82ms
 ✓ src/controllers/pasada.controller.test.ts (12 tests) 42ms
 ✓ src/shared/schemas.test.ts (58 tests) 39ms
 ✓ src/services/articulo.service.test.ts (5 tests) 14ms
 ✓ src/socket/balanza.handler.test.ts (26 tests) 36ms
 ✓ src/services/etapa.service.test.ts (5 tests) 22ms
 ✓ src/controllers/dispositivos.controller.test.ts (5 tests) 16ms
 ✓ src/services/ruta-pasada-etapa.service.test.ts (7 tests) 18ms
 ✓ src/services/ruta-pasada.service.test.ts (9 tests) 32ms
 ✓ src/services/linea-produccion.service.test.ts (9 tests) 27ms
 ✓ src/middlewares/auth.middleware.test.ts (7 tests) 22ms
 ✓ src/controllers/muestra.controller.test.ts (16 tests) 25ms
 ✓ src/services/sesion.service.test.ts (10 tests) 24ms
 ✓ src/services/usuario.service.test.ts (5 tests) 14ms
 ✓ src/services/device-registry.service.test.ts (7 tests) 11ms
 ✓ src/socket/index.test.ts (7 tests) 29ms
 ✓ src/services/muestra.service.unit.test.ts (3 tests) 14ms
 ✓ src/socket/device-pairing.handler.test.ts (11 tests) 23ms
 ✓ src/services/base.service.test.ts (5 tests) 22ms
 ✓ src/services/articulo-ruta-pasada.service.test.ts (7 tests) 15ms
 ✓ src/controllers/auth.controller.test.ts (1 test) 10ms

 Test Files  2 failed | 30 passed (32)
      Tests  5 failed | 378 passed (383)
   Start at  11:25:18
   Duration  51.41s (transform 1.79s, setup 0ms, import 17.68s, tests 18.30s, environment 11ms)

